Archive member included to satisfy reference by file (symbol)

C:/ST/STM32CubeIDE_1.14.1/STM32CubeIDE/plugins/com.st.stm32cube.ide.mcu.externaltools.gnu-tools-for-stm32.13.3.rel1.win32_1.0.0.202411081344/tools/bin/../lib/gcc/arm-none-eabi/13.3.1/../../../../arm-none-eabi/lib/thumb/v7e-m+fp/hard\libc_nano.a(libc_a-exit.o)
                              C:/ST/STM32CubeIDE_1.14.1/STM32CubeIDE/plugins/com.st.stm32cube.ide.mcu.externaltools.gnu-tools-for-stm32.13.3.rel1.win32_1.0.0.202411081344/tools/bin/../lib/gcc/arm-none-eabi/13.3.1/../../../../arm-none-eabi/lib/thumb/v7e-m+fp/hard/crt0.o (exit)
C:/ST/STM32CubeIDE_1.14.1/STM32CubeIDE/plugins/com.st.stm32cube.ide.mcu.externaltools.gnu-tools-for-stm32.13.3.rel1.win32_1.0.0.202411081344/tools/bin/../lib/gcc/arm-none-eabi/13.3.1/../../../../arm-none-eabi/lib/thumb/v7e-m+fp/hard\libc_nano.a(libc_a-malloc.o)
                              ./Core/Src/encoder.o (malloc)
C:/ST/STM32CubeIDE_1.14.1/STM32CubeIDE/plugins/com.st.stm32cube.ide.mcu.externaltools.gnu-tools-for-stm32.13.3.rel1.win32_1.0.0.202411081344/tools/bin/../lib/gcc/arm-none-eabi/13.3.1/../../../../arm-none-eabi/lib/thumb/v7e-m+fp/hard\libc_nano.a(libc_a-mallocr.o)
                              C:/ST/STM32CubeIDE_1.14.1/STM32CubeIDE/plugins/com.st.stm32cube.ide.mcu.externaltools.gnu-tools-for-stm32.13.3.rel1.win32_1.0.0.202411081344/tools/bin/../lib/gcc/arm-none-eabi/13.3.1/../../../../arm-none-eabi/lib/thumb/v7e-m+fp/hard\libc_nano.a(libc_a-malloc.o) (_malloc_r)
C:/ST/STM32CubeIDE_1.14.1/STM32CubeIDE/plugins/com.st.stm32cube.ide.mcu.externaltools.gnu-tools-for-stm32.13.3.rel1.win32_1.0.0.202411081344/tools/bin/../lib/gcc/arm-none-eabi/13.3.1/../../../../arm-none-eabi/lib/thumb/v7e-m+fp/hard\libc_nano.a(libc_a-mlock.o)
                              C:/ST/STM32CubeIDE_1.14.1/STM32CubeIDE/plugins/com.st.stm32cube.ide.mcu.externaltools.gnu-tools-for-stm32.13.3.rel1.win32_1.0.0.202411081344/tools/bin/../lib/gcc/arm-none-eabi/13.3.1/../../../../arm-none-eabi/lib/thumb/v7e-m+fp/hard\libc_nano.a(libc_a-mallocr.o) (__malloc_lock)
C:/ST/STM32CubeIDE_1.14.1/STM32CubeIDE/plugins/com.st.stm32cube.ide.mcu.externaltools.gnu-tools-for-stm32.13.3.rel1.win32_1.0.0.202411081344/tools/bin/../lib/gcc/arm-none-eabi/13.3.1/../../../../arm-none-eabi/lib/thumb/v7e-m+fp/hard\libc_nano.a(libc_a-ctype_.o)
                              ./Core/Src/motor_driver.o (_ctype_)
C:/ST/STM32CubeIDE_1.14.1/STM32CubeIDE/plugins/com.st.stm32cube.ide.mcu.externaltools.gnu-tools-for-stm32.13.3.rel1.win32_1.0.0.202411081344/tools/bin/../lib/gcc/arm-none-eabi/13.3.1/../../../../arm-none-eabi/lib/thumb/v7e-m+fp/hard\libc_nano.a(libc_a-findfp.o)
                              C:/ST/STM32CubeIDE_1.14.1/STM32CubeIDE/plugins/com.st.stm32cube.ide.mcu.externaltools.gnu-tools-for-stm32.13.3.rel1.win32_1.0.0.202411081344/tools/bin/../lib/gcc/arm-none-eabi/13.3.1/../../../../arm-none-eabi/lib/thumb/v7e-m+fp/hard\libc_nano.a(libc_a-exit.o) (__stdio_exit_handler)
C:/ST/STM32CubeIDE_1.14.1/STM32CubeIDE/plugins/com.st.stm32cube.ide.mcu.externaltools.gnu-tools-for-stm32.13.3.rel1.win32_1.0.0.202411081344/tools/bin/../lib/gcc/arm-none-eabi/13.3.1/../../../../arm-none-eabi/lib/thumb/v7e-m+fp/hard\libc_nano.a(libc_a-fwalk.o)
                              C:/ST/STM32CubeIDE_1.14.1/STM32CubeIDE/plugins/com.st.stm32cube.ide.mcu.externaltools.gnu-tools-for-stm32.13.3.rel1.win32_1.0.0.202411081344/tools/bin/../lib/gcc/arm-none-eabi/13.3.1/../../../../arm-none-eabi/lib/thumb/v7e-m+fp/hard\libc_nano.a(libc_a-findfp.o) (_fwalk_sglue)
C:/ST/STM32CubeIDE_1.14.1/STM32CubeIDE/plugins/com.st.stm32cube.ide.mcu.externaltools.gnu-tools-for-stm32.13.3.rel1.win32_1.0.0.202411081344/tools/bin/../lib/gcc/arm-none-eabi/13.3.1/../../../../arm-none-eabi/lib/thumb/v7e-m+fp/hard\libc_nano.a(libc_a-stdio.o)
                              C:/ST/STM32CubeIDE_1.14.1/STM32CubeIDE/plugins/com.st.stm32cube.ide.mcu.externaltools.gnu-tools-for-stm32.13.3.rel1.win32_1.0.0.202411081344/tools/bin/../lib/gcc/arm-none-eabi/13.3.1/../../../../arm-none-eabi/lib/thumb/v7e-m+fp/hard\libc_nano.a(libc_a-findfp.o) (__sread)
C:/ST/STM32CubeIDE_1.14.1/STM32CubeIDE/plugins/com.st.stm32cube.ide.mcu.externaltools.gnu-tools-for-stm32.13.3.rel1.win32_1.0.0.202411081344/tools/bin/../lib/gcc/arm-none-eabi/13.3.1/../../../../arm-none-eabi/lib/thumb/v7e-m+fp/hard\libc_nano.a(libc_a-memset.o)
                              C:/ST/STM32CubeIDE_1.14.1/STM32CubeIDE/plugins/com.st.stm32cube.ide.mcu.externaltools.gnu-tools-for-stm32.13.3.rel1.win32_1.0.0.202411081344/tools/bin/../lib/gcc/arm-none-eabi/13.3.1/../../../../arm-none-eabi/lib/thumb/v7e-m+fp/hard/crt0.o (memset)
C:/ST/STM32CubeIDE_1.14.1/STM32CubeIDE/plugins/com.st.stm32cube.ide.mcu.externaltools.gnu-tools-for-stm32.13.3.rel1.win32_1.0.0.202411081344/tools/bin/../lib/gcc/arm-none-eabi/13.3.1/../../../../arm-none-eabi/lib/thumb/v7e-m+fp/hard\libc_nano.a(libc_a-closer.o)
[...]
Memory Configuration

Name             Origin             Length             Attributes
RAM              0x20000000         0x0001c000         xrw
FLASH            0x08000000         0x00080000         xr
*default*        0x00000000         0xffffffff

Linker script and memory map

LOAD C:/ST/STM32CubeIDE_1.14.1/STM32CubeIDE/plugins/com.st.stm32cube.ide.mcu.externaltools.gnu-tools-for-stm32.13.3.rel1.win32_1.0.0.202411081344/tools/bin/../lib/gcc/arm-none-eabi/13.3.1/thumb/v7e-m+fp/hard/crti.o
LOAD C:/ST/STM32CubeIDE_1.14.1/STM32CubeIDE/plugins/com.st.stm32cube.ide.mcu.externaltools.gnu-tools-for-stm32.13.3.rel1.win32_1.0.0.202411081344/tools/bin/../lib/gcc/arm-none-eabi/13.3.1/thumb/v7e-m+fp/hard/crtbegin.o
LOAD C:/ST/STM32CubeIDE_1.14.1/STM32CubeIDE/plugins/com.st.stm32cube.ide.mcu.externaltools.gnu-tools-for-stm32.13.3.rel1.win32_1.0.0.202411081344/tools/bin/../lib/gcc/arm-none-eabi/13.3.1/../../../../arm-none-eabi/lib/thumb/v7e-m+fp/hard/crt0.o
LOAD ./Core/Src/Stepperv2.o
LOAD ./Core/Src/encoder.o
LOAD ./Core/Src/main.o
LOAD ./Core/Src/motor_driver.o
LOAD ./Core/Src/pid_controller.o
LOAD ./Core/Src/stm32g4xx_hal_msp.o
LOAD ./Core/Src/stm32g4xx_it.o
LOAD ./Core/Src/syscalls.o
LOAD ./Core/Src/sysmem.o
LOAD ./Core/Src/system_stm32g4xx.o
LOAD ./Core/Startup/startup_stm32g491retx.o
LOAD ./Drivers/STM32G4xx_HAL_Driver/Src/stm32g4xx_hal.o
LOAD ./Drivers/STM32G4xx_HAL_Driver/Src/stm32g4xx_hal_cortex.o
LOAD ./Drivers/STM32G4xx_HAL_Driver/Src/stm32g4xx_hal_dma.o
LOAD ./Drivers/STM32G4xx_HAL_Driver/Src/stm32g4xx_hal_dma_ex.o
LOAD ./Drivers/STM32G4xx_HAL_Driver/Src/stm32g4xx_hal_exti.o
LOAD ./Drivers/STM32G4xx_HAL_Driver/Src/stm32g4xx_hal_flash.o
LOAD ./Drivers/STM32G4xx_HAL_Driver/Src/stm32g4xx_hal_flash_ex.o
LOAD ./Drivers/STM32G4xx_HAL_Driver/Src/stm32g4xx_hal_flash_ramfunc.o
LOAD ./Drivers/STM32G4xx_HAL_Driver/Src/stm32g4xx_hal_gpio.o
LOAD ./Drivers/STM32G4xx_HAL_Driver/Src/stm32g4xx_hal_pwr.o
LOAD ./Drivers/STM32G4xx_HAL_Driver/Src/stm32g4xx_hal_pwr_ex.o
LOAD ./Drivers/STM32G4xx_HAL_Driver/Src/stm32g4xx_hal_rcc.o
LOAD ./Drivers/STM32G4xx_HAL_Driver/Src/stm32g4xx_hal_rcc_ex.o
LOAD ./Drivers/STM32G4xx_HAL_Driver/Src/stm32g4xx_hal_tim.o
LOAD ./Drivers/STM32G4xx_HAL_Driver/Src/stm32g4xx_hal_tim_ex.o
LOAD ./Drivers/STM32G4xx_HAL_Driver/Src/stm32g4xx_hal_uart.o
LOAD ./Drivers/STM32G4xx_HAL_Driver/Src/stm32g4xx_hal_uart_ex.o
START GROUP
LOAD C:/ST/STM32CubeIDE_1.14.1/STM32CubeIDE/plugins/com.st.stm32cube.ide.mcu.externaltools.gnu-tools-for-stm32.13.3.rel1.win32_1.0.0.202411081344/tools/bin/../lib/gcc/arm-none-eabi/13.3.1/../../../../arm-none-eabi/lib/thumb/v7e-m+fp/hard\libc_nano.a
LOAD C:/ST/STM32CubeIDE_1.14.1/STM32CubeIDE/plugins/com.st.stm32cube.ide.mcu.externaltools.gnu-tools-for-stm32.13.3.rel1.win32_1.0.0.202411081344/tools/bin/../lib/gcc/arm-none-eabi/13.3.1/../../../../arm-none-eabi/lib/thumb/v7e-m+fp/hard\libm.a
END GROUP
START GROUP
LOAD C:/ST/STM32CubeIDE_1.14.1/STM32CubeIDE/plugins/com.st.stm32cube.ide.mcu.externaltools.gnu-tools-for-stm32.13.3.rel1.win32_1.0.0.202411081344/tools/bin/../lib/gcc/arm-none-eabi/13.3.1/thumb/v7e-m+fp/hard\libgcc.a
LOAD C:/ST/STM32CubeIDE_1.14.1/STM32CubeIDE/plugins/com.st.stm32cube.ide.mcu.externaltools.gnu-tools-for-stm32.13.3.rel1.win32_1.0.0.202411081344/tools/bin/../lib/gcc/arm-none-eabi/13.3.1/../../../../arm-none-eabi/lib/thumb/v7e-m+fp/hard\libc_nano.a
END GROUP
START GROUP
LOAD C:/ST/STM32CubeIDE_1.14.1/STM32CubeIDE/plugins/com.st.stm32cube.ide.mcu.externaltools.gnu-tools-for-stm32.13.3.rel1.win32_1.0.0.202411081344/tools/bin/../lib/gcc/arm-none-eabi/13.3.1/thumb/v7e-m+fp/hard\libgcc.a
LOAD C:/ST/STM32CubeIDE_1.14.1/STM32CubeIDE/plugins/com.st.stm32cube.ide.mcu.externaltools.gnu-tools-for-stm32.13.3.rel1.win32_1.0.0.202411081344/tools/bin/../lib/gcc/arm-none-eabi/13.3.1/../../../../arm-none-eabi/lib/thumb/v7e-m+fp/hard\libc_nano.a
LOAD C:/ST/STM32CubeIDE_1.14.1/STM32CubeIDE/plugins/com.st.stm32cube.ide.mcu.externaltools.gnu-tools-for-stm32.13.3.rel1.win32_1.0.0.202411081344/tools/bin/../lib/gcc/arm-none-eabi/13.3.1/../../../../arm-none-eabi/lib/thumb/v7e-m+fp/hard\libnosys.a
END GROUP
START GROUP
LOAD C:/ST/STM32CubeIDE_1.14.1/STM32CubeIDE/plugins/com.st.stm32cube.ide.mcu.externaltools.gnu-tools-for-stm32.13.3.rel1.win32_1.0.0.202411081344/tools/bin/../lib/gcc/arm-none-eabi/13.3.1/thumb/v7e-m+fp/hard\libgcc.a
LOAD C:/ST/STM32CubeIDE_1.14.1/STM32CubeIDE/plugins/com.st.stm32cube.ide.mcu.externaltools.gnu-tools-for-stm32.13.3.rel1.win32_1.0.0.202411081344/tools/bin/../lib/gcc/arm-none-eabi/13.3.1/../../../../arm-none-eabi/lib/thumb/v7e-m+fp/hard\libc_nano.a
LOAD C:/ST/STM32CubeIDE_1.14.1/STM32CubeIDE/plugins/com.st.stm32cube.ide.mcu.externaltools.gnu-tools-for-stm32.13.3.rel1.win32_1.0.0.202411081344/tools/bin/../lib/gcc/arm-none-eabi/13.3.1/../../../../arm-none-eabi/lib/thumb/v7e-m+fp/hard\libnosys.a
END GROUP
LOAD C:/ST/STM32CubeIDE_1.14.1/STM32CubeIDE/plugins/com.st.stm32cube.ide.mcu.externaltools.gnu-tools-for-stm32.13.3.rel1.win32_1.0.0.202411081344/tools/bin/../lib/gcc/arm-none-eabi/13.3.1/thumb/v7e-m+fp/hard/crtend.o
LOAD C:/ST/STM32CubeIDE_1.14.1/STM32CubeIDE/plugins/com.st.stm32cube.ide.mcu.externaltools.gnu-tools-for-stm32.13.3.rel1.win32_1.0.0.202411081344/tools/bin/../lib/gcc/arm-none-eabi/13.3.1/thumb/v7e-m+fp/hard/crtn.o
                0x2001c000                        _estack = (ORIGIN (RAM) + LENGTH (RAM))
                0x00000200                        _Min_Heap_Size = 0x200
                0x00000400                        _Min_Stack_Size = 0x400

.isr_vector     0x08000000      0x1d8
                0x08000000                        . = ALIGN (0x4)
 *(.isr_vector)
 .isr_vector    0x08000000      0x1d8 ./Core/Startup/startup_stm32g491retx.o
                0x08000000                g_pfnVectors
                0x080001d8                        . = ALIGN (0x4)

.text           0x080001d8     0x9464
                0x080001d8                        . = ALIGN (0x4)
 *(.text)
 .text          0x080001d8       0x40 C:/ST/STM32CubeIDE_1.14.1/STM32CubeIDE/plugins/com.st.stm32cube.ide.mcu.externaltools.gnu-tools-for-stm32.13.3.rel1.win32_1.0.0.202411081344/tools/bin/../lib/gcc/arm-none-eabi/13.3.1/thumb/v7e-m+fp/hard/crtbegin.o
 .text          0x08000218       0x30 C:/ST/STM32CubeIDE_1.14.1/STM32CubeIDE/plugins/com.st.stm32cube.ide.mcu.externaltools.gnu-tools-for-stm32.13.3.rel1.win32_1.0.0.202411081344/tools/bin/../lib/gcc/arm-none-eabi/13.3.1/thumb/v7e-m+fp/hard\libgcc.a(_aeabi_uldivmod.o)
                0x08000218                __aeabi_uldivmod
 .text          0x08000248      0x2f8 C:/ST/STM32CubeIDE_1.14.1/STM32CubeIDE/plugins/com.st.stm32cube.ide.mcu.externaltools.gnu-tools-for-stm32.13.3.rel1.win32_1.0.0.202411081344/tools/bin/../lib/gcc/arm-none-eabi/13.3.1/thumb/v7e-m+fp/hard\libgcc.a(_udivmoddi4.o)
                0x08000248                __udivmoddi4
 .text          0x08000540        0x4 C:/ST/STM32CubeIDE_1.14.1/STM32CubeIDE/plugins/com.st.stm32cube.ide.mcu.externaltools.gnu-tools-for-stm32.13.3.rel1.win32_1.0.0.202411081344/tools/bin/../lib/gcc/arm-none-eabi/13.3.1/thumb/v7e-m+fp/hard\libgcc.a(_dvmd_tls.o)
                0x08000540                __aeabi_idiv0
                0x08000540                __aeabi_ldiv0
 *(.text*)
 .text.clamp_deg_180_pos
                0x08000544       0x7c ./Core/Src/Stepperv2.o
 .text.Stepper_Create
                0x080005c0       0xe2 ./Core/Src/Stepperv2.o
                0x080005c0                Stepper_Create
 .text.initTimer
                0x080006a2       0x2a ./Core/Src/Stepperv2.o
                0x080006a2                initTimer
 .text.Stepper_Stop
                0x080006cc       0xcc ./Core/Src/Stepperv2.o
                0x080006cc                Stepper_Stop
 .text.setRPM   0x08000798      0x1e8 ./Core/Src/Stepperv2.o
                0x08000798                setRPM
 .text.sendPulses
                0x08000980       0x76 ./Core/Src/Stepperv2.o
                0x08000980                sendPulses
 *fill*         0x080009f6        0x2 
 .text.moveAngle
                0x080009f8       0xd4 ./Core/Src/Stepperv2.o
                0x080009f8                moveAngle
 .text.moveAngleAbsolute
                0x08000acc      0x138 ./Core/Src/Stepperv2.o
                0x08000acc                moveAngleAbsolute
 .text.initWQueue
                0x08000c04       0x5a ./Core/Src/Stepperv2.o
                0x08000c04                initWQueue
 *fill*         0x08000c5e        0x2 
 .text.enqueueW
                0x08000c60       0xbc ./Core/Src/Stepperv2.o
                0x08000c60                enqueueW
 .text.dequeueW
                0x08000d1c       0xec ./Core/Src/Stepperv2.o
                0x08000d1c                dequeueW
 .text.WisEmpty
                0x08000e08       0x26 ./Core/Src/Stepperv2.o
                0x08000e08                WisEmpty
 .text.Queue_init
                0x08000e2e       0x24 ./Core/Src/encoder.o
                0x08000e2e                Queue_init
 *fill*         0x08000e52        0x2 
 .text.enqueue  0x08000e54       0x98 ./Core/Src/encoder.o
                0x08000e54                enqueue
 .text.dequeue  0x08000eec       0x90 ./Core/Src/encoder.o
                0x08000eec                dequeue
 .text.MA_init  0x08000f7c      0x134 ./Core/Src/encoder.o
                0x08000f7c                MA_init
 .text.calc_MA  0x080010b0      0x120 ./Core/Src/encoder.o
                0x080010b0                calc_MA
 .text.Encoder_Create
                0x080011d0       0x4e ./Core/Src/encoder.o
                0x080011d0                Encoder_Create
 .text.Encoder_Start
                0x0800121e       0x34 ./Core/Src/encoder.o
                0x0800121e                Encoder_Start
 *fill*         0x08001252        0x2 
 .text.Encoder_GetSpeedRPM
                0x08001254       0x84 ./Core/Src/encoder.o
                0x08001254                Encoder_GetSpeedRPM
 .text.TIM6_SetPeriod_us
                0x080012d8       0x58 ./Core/Src/main.o
                0x080012d8                TIM6_SetPeriod_us
 .text.DWT_Init
                0x08001330       0x40 ./Core/Src/main.o
                0x08001330                DWT_Init
 .text.delay_us
                0x08001370       0x4c ./Core/Src/main.o
                0x08001370                delay_us
 .text.clamp_deg_180_pos
                0x080013bc       0x7c ./Core/Src/main.o
 .text.main     0x08001438      0x6b8 ./Core/Src/main.o
                0x08001438                main
 .text.SystemClock_Config
                0x08001af0       0x92 ./Core/Src/main.o
                0x08001af0                SystemClock_Config
 *fill*         0x08001b82        0x2 
 .text.MX_TIM1_Init
                0x08001b84       0xb4 ./Core/Src/main.o
 .text.MX_TIM2_Init
                0x08001c38       0xa8 ./Core/Src/main.o
 .text.MX_TIM3_Init
                0x08001ce0       0xf8 ./Core/Src/main.o
 .text.MX_TIM4_Init
                0x08001dd8       0xac ./Core/Src/main.o
 .text.MX_TIM6_Init
                0x08001e84       0x6c ./Core/Src/main.o
 .text.MX_TIM7_Init
                0x08001ef0       0x6c ./Core/Src/main.o
 .text.MX_TIM8_Init
                0x08001f5c       0xb4 ./Core/Src/main.o
 .text.MX_TIM15_Init
                0x08002010      0x10c ./Core/Src/main.o
 .text.MX_TIM16_Init
                0x0800211c       0xf0 ./Core/Src/main.o
 .text.MX_TIM17_Init
                0x0800220c       0xf0 ./Core/Src/main.o
 .text.MX_TIM20_Init
                0x080022fc      0x124 ./Core/Src/main.o
 .text.MX_UART5_Init
                0x08002420       0x98 ./Core/Src/main.o
 .text.MX_USART2_UART_Init
                0x080024b8       0x98 ./Core/Src/main.o
 .text.MX_GPIO_Init
                0x08002550      0x15c ./Core/Src/main.o
 .text.HAL_TIM_PeriodElapsedCallback
                0x080026ac      0x358 ./Core/Src/main.o
                0x080026ac                HAL_TIM_PeriodElapsedCallback
 .text.HAL_UART_RxCpltCallback
                0x08002a04       0xa4 ./Core/Src/main.o
                0x08002a04                HAL_UART_RxCpltCallback
 .text.Error_Handler
                0x08002aa8        0xc ./Core/Src/main.o
                0x08002aa8                Error_Handler
 .text.Motor_Create
                0x08002ab4       0x3a ./Core/Src/motor_driver.o
                0x08002ab4                Motor_Create
 *fill*         0x08002aee        0x2 
 .text.handle_command
                0x08002af0      0x1d8 ./Core/Src/motor_driver.o
                0x08002af0                handle_command
 .text.parse_cmd
                0x08002cc8       0xd8 ./Core/Src/motor_driver.o
                0x08002cc8                parse_cmd
 .text.Motor_SetOutput
                0x08002da0      0x118 ./Core/Src/motor_driver.o
                0x08002da0                Motor_SetOutput
 .text.PID_Create
                0x08002eb8       0x88 ./Core/Src/pid_controller.o
                0x08002eb8                PID_Create
 .text.PID_Compute
                0x08002f40      0x2b0 ./Core/Src/pid_controller.o
                0x08002f40                PID_Compute
 .text.PID_SetOutputLimits
                0x080031f0       0x46 ./Core/Src/pid_controller.o
                0x080031f0                PID_SetOutputLimits
 .text.PID_SetDeadbands
                0x08003236       0x4c ./Core/Src/pid_controller.o
                0x08003236                PID_SetDeadbands
 .text.PID_SetIntegralDecay
                0x08003282       0x46 ./Core/Src/pid_controller.o
                0x08003282                PID_SetIntegralDecay
 .text.PID_SetMaxSlewRate
                0x080032c8       0x34 ./Core/Src/pid_controller.o
                0x080032c8                PID_SetMaxSlewRate
 .text.PID_Reset
                0x080032fc       0x3a ./Core/Src/pid_controller.o
                0x080032fc                PID_Reset
 *fill*         0x08003336        0x2 
 .text.HAL_MspInit
                0x08003338       0x48 ./Core/Src/stm32g4xx_hal_msp.o
                0x08003338                HAL_MspInit
 .text.HAL_TIM_Encoder_MspInit
                0x08003380      0x1dc ./Core/Src/stm32g4xx_hal_msp.o
                0x08003380                HAL_TIM_Encoder_MspInit
 .text.HAL_TIM_PWM_MspInit
                0x0800355c       0xac ./Core/Src/stm32g4xx_hal_msp.o
                0x0800355c                HAL_TIM_PWM_MspInit
 .text.HAL_TIM_Base_MspInit
                0x08003608       0xe4 ./Core/Src/stm32g4xx_hal_msp.o
                0x08003608                HAL_TIM_Base_MspInit
 .text.HAL_TIM_MspPostInit
                0x080036ec      0x1cc ./Core/Src/stm32g4xx_hal_msp.o
                0x080036ec                HAL_TIM_MspPostInit
 .text.HAL_UART_MspInit
                0x080038b8      0x1dc ./Core/Src/stm32g4xx_hal_msp.o
                0x080038b8                HAL_UART_MspInit
 .text.NMI_Handler
                0x08003a94        0x8 ./Core/Src/stm32g4xx_it.o
                0x08003a94                NMI_Handler
 .text.HardFault_Handler
                0x08003a9c        0x8 ./Core/Src/stm32g4xx_it.o
                0x08003a9c                HardFault_Handler
 .text.MemManage_Handler
                0x08003aa4        0x8 ./Core/Src/stm32g4xx_it.o
                0x08003aa4                MemManage_Handler
 .text.BusFault_Handler
                0x08003aac        0x8 ./Core/Src/stm32g4xx_it.o
                0x08003aac                BusFault_Handler
 .text.UsageFault_Handler
                0x08003ab4        0x8 ./Core/Src/stm32g4xx_it.o
                0x08003ab4                UsageFault_Handler
 .text.SVC_Handler
                0x08003abc        0xe ./Core/Src/stm32g4xx_it.o
                0x08003abc                SVC_Handler
 .text.DebugMon_Handler
                0x08003aca        0xe ./Core/Src/stm32g4xx_it.o
                0x08003aca                DebugMon_Handler
 .text.PendSV_Handler
                0x08003ad8        0xe ./Core/Src/stm32g4xx_it.o
                0x08003ad8                PendSV_Handler
 .text.SysTick_Handler
                0x08003ae6        0xc ./Core/Src/stm32g4xx_it.o
                0x08003ae6                SysTick_Handler
 *fill*         0x08003af2        0x2 
 .text.TIM1_BRK_TIM15_IRQHandler
                0x08003af4       0x1c ./Core/Src/stm32g4xx_it.o
                0x08003af4                TIM1_BRK_TIM15_IRQHandler
 .text.TIM1_UP_TIM16_IRQHandler
                0x08003b10       0x1c ./Core/Src/stm32g4xx_it.o
                0x08003b10                TIM1_UP_TIM16_IRQHandler
 .text.TIM1_TRG_COM_TIM17_IRQHandler
                0x08003b2c       0x1c ./Core/Src/stm32g4xx_it.o
                0x08003b2c                TIM1_TRG_COM_TIM17_IRQHandler
 .text.USART2_IRQHandler
                0x08003b48       0x14 ./Core/Src/stm32g4xx_it.o
                0x08003b48                USART2_IRQHandler
 .text.UART5_IRQHandler
                0x08003b5c       0x14 ./Core/Src/stm32g4xx_it.o
                0x08003b5c                UART5_IRQHandler
 .text.TIM6_DAC_IRQHandler
                0x08003b70       0x14 ./Core/Src/stm32g4xx_it.o
                0x08003b70                TIM6_DAC_IRQHandler
 .text.TIM20_UP_IRQHandler
                0x08003b84       0x14 ./Core/Src/stm32g4xx_it.o
                0x08003b84                TIM20_UP_IRQHandler
 .text._sbrk    0x08003b98       0x6c ./Core/Src/sysmem.o
                0x08003b98                _sbrk
 .text.SystemInit
                0x08003c04       0x24 ./Core/Src/system_stm32g4xx.o
                0x08003c04                SystemInit
 .text.Reset_Handler
                0x08003c28       0x50 ./Core/Startup/startup_stm32g491retx.o
                0x08003c28                Reset_Handler
 .text.Default_Handler
                0x08003c78        0x2 ./Core/Startup/startup_stm32g491retx.o
                0x08003c78                RTC_Alarm_IRQHandler
                0x08003c78                EXTI2_IRQHandler
                0x08003c78                TIM8_TRG_COM_IRQHandler
                0x08003c78                TIM8_CC_IRQHandler
                0x08003c78                TIM1_CC_IRQHandler
                0x08003c78                USB_HP_IRQHandler
                0x08003c78                CORDIC_IRQHandler
                0x08003c78                DMA2_Channel8_IRQHandler
                0x08003c78                EXTI3_IRQHandler
                0x08003c78                I2C3_ER_IRQHandler
                0x08003c78                EXTI0_IRQHandler
                0x08003c78                I2C2_EV_IRQHandler
                0x08003c78                FPU_IRQHandler
                0x08003c78                FDCAN1_IT1_IRQHandler
                0x08003c78                ADC1_2_IRQHandler
                0x08003c78                SPI1_IRQHandler
                0x08003c78                TIM8_UP_IRQHandler
                0x08003c78                DMA2_Channel2_IRQHandler
                0x08003c78                DMA1_Channel4_IRQHandler
                0x08003c78                TIM20_TRG_COM_IRQHandler
                0x08003c78                USART3_IRQHandler
                0x08003c78                DMA1_Channel7_IRQHandler
                0x08003c78                ADC3_IRQHandler
                0x08003c78                TIM4_IRQHandler
                0x08003c78                DMA2_Channel1_IRQHandler
                0x08003c78                QUADSPI_IRQHandler
                0x08003c78                I2C1_EV_IRQHandler
                0x08003c78                DMA1_Channel6_IRQHandler
                0x08003c78                UART4_IRQHandler
                0x08003c78                DMA2_Channel4_IRQHandler
                0x08003c78                TIM3_IRQHandler
                0x08003c78                RCC_IRQHandler
                0x08003c78                DMA1_Channel1_IRQHandler
                0x08003c78                Default_Handler
                0x08003c78                DMA2_Channel7_IRQHandler
                0x08003c78                RTC_TAMP_LSECSS_IRQHandler
                0x08003c78                FMAC_IRQHandler
                0x08003c78                EXTI15_10_IRQHandler
                0x08003c78                DMA1_Channel8_IRQHandler
                0x08003c78                TIM7_IRQHandler
                0x08003c78                UCPD1_IRQHandler
                0x08003c78                I2C3_EV_IRQHandler
                0x08003c78                EXTI9_5_IRQHandler
                0x08003c78                RTC_WKUP_IRQHandler
                0x08003c78                PVD_PVM_IRQHandler
                0x08003c78                SPI2_IRQHandler
                0x08003c78                DMA2_Channel5_IRQHandler
                0x08003c78                CRS_IRQHandler
                0x08003c78                DMA1_Channel5_IRQHandler
                0x08003c78                USB_LP_IRQHandler
                0x08003c78                EXTI4_IRQHandler
                0x08003c78                RNG_IRQHandler
                0x08003c78                FDCAN2_IT1_IRQHandler
                0x08003c78                DMA1_Channel3_IRQHandler
                0x08003c78                WWDG_IRQHandler
                0x08003c78                FDCAN2_IT0_IRQHandler
                0x08003c78                LPUART1_IRQHandler
                0x08003c78                DMA2_Channel6_IRQHandler
                0x08003c78                FDCAN1_IT0_IRQHandler
                0x08003c78                TIM2_IRQHandler
                0x08003c78                COMP1_2_3_IRQHandler
                0x08003c78                EXTI1_IRQHandler
                0x08003c78                TIM20_BRK_IRQHandler
                0x08003c78                I2C2_ER_IRQHandler
                0x08003c78                DMA1_Channel2_IRQHandler
                0x08003c78                TIM8_BRK_IRQHandler
                0x08003c78                FLASH_IRQHandler
                0x08003c78                TIM20_CC_IRQHandler
                0x08003c78                USART1_IRQHandler
                0x08003c78                SPI3_IRQHandler
                0x08003c78                I2C1_ER_IRQHandler
                0x08003c78                LPTIM1_IRQHandler
                0x08003c78                DMAMUX_OVR_IRQHandler
                0x08003c78                USBWakeUp_IRQHandler
                0x08003c78                SAI1_IRQHandler
                0x08003c78                DMA2_Channel3_IRQHandler
                0x08003c78                COMP4_IRQHandler
 .text.HAL_Init
                0x08003c7a       0x30 ./Drivers/STM32G4xx_HAL_Driver/Src/stm32g4xx_hal.o
                0x08003c7a                HAL_Init
 *fill*         0x08003caa        0x2 
 .text.HAL_InitTick
                0x08003cac       0x74 ./Drivers/STM32G4xx_HAL_Driver/Src/stm32g4xx_hal.o
                0x08003cac                HAL_InitTick
 .text.HAL_IncTick
                0x08003d20       0x24 ./Drivers/STM32G4xx_HAL_Driver/Src/stm32g4xx_hal.o
                0x08003d20                HAL_IncTick
 .text.HAL_GetTick
                0x08003d44       0x18 ./Drivers/STM32G4xx_HAL_Driver/Src/stm32g4xx_hal.o
                0x08003d44                HAL_GetTick
 .text.__NVIC_SetPriorityGrouping
                0x08003d5c       0x48 ./Drivers/STM32G4xx_HAL_Driver/Src/stm32g4xx_hal_cortex.o
 .text.__NVIC_GetPriorityGrouping
                0x08003da4       0x1c ./Drivers/STM32G4xx_HAL_Driver/Src/stm32g4xx_hal_cortex.o
 .text.__NVIC_EnableIRQ
                0x08003dc0       0x3c ./Drivers/STM32G4xx_HAL_Driver/Src/stm32g4xx_hal_cortex.o
 .text.__NVIC_SetPriority
                0x08003dfc       0x54 ./Drivers/STM32G4xx_HAL_Driver/Src/stm32g4xx_hal_cortex.o
 .text.NVIC_EncodePriority
                0x08003e50       0x66 ./Drivers/STM32G4xx_HAL_Driver/Src/stm32g4xx_hal_cortex.o
 *fill*         0x08003eb6        0x2 
 .text.SysTick_Config
                0x08003eb8       0x44 ./Drivers/STM32G4xx_HAL_Driver/Src/stm32g4xx_hal_cortex.o
 .text.HAL_NVIC_SetPriorityGrouping
                0x08003efc       0x16 ./Drivers/STM32G4xx_HAL_Driver/Src/stm32g4xx_hal_cortex.o
                0x08003efc                HAL_NVIC_SetPriorityGrouping
 .text.HAL_NVIC_SetPriority
                0x08003f12       0x34 ./Drivers/STM32G4xx_HAL_Driver/Src/stm32g4xx_hal_cortex.o
                0x08003f12                HAL_NVIC_SetPriority
 .text.HAL_NVIC_EnableIRQ
                0x08003f46       0x1c ./Drivers/STM32G4xx_HAL_Driver/Src/stm32g4xx_hal_cortex.o
                0x08003f46                HAL_NVIC_EnableIRQ
 .text.HAL_SYSTICK_Config
                0x08003f62       0x18 ./Drivers/STM32G4xx_HAL_Driver/Src/stm32g4xx_hal_cortex.o
                0x08003f62                HAL_SYSTICK_Config
 .text.HAL_DMA_Abort
                0x08003f7a       0xb2 ./Drivers/STM32G4xx_HAL_Driver/Src/stm32g4xx_hal_dma.o
                0x08003f7a                HAL_DMA_Abort
 .text.HAL_DMA_Abort_IT
                0x0800402c       0xce ./Drivers/STM32G4xx_HAL_Driver/Src/stm32g4xx_hal_dma.o
                0x0800402c                HAL_DMA_Abort_IT
 *fill*         0x080040fa        0x2 
 .text.HAL_GPIO_Init
                0x080040fc      0x304 ./Drivers/STM32G4xx_HAL_Driver/Src/stm32g4xx_hal_gpio.o
                0x080040fc                HAL_GPIO_Init
 .text.HAL_GPIO_WritePin
                0x08004400       0x30 ./Drivers/STM32G4xx_HAL_Driver/Src/stm32g4xx_hal_gpio.o
                0x08004400                HAL_GPIO_WritePin
 .text.HAL_PWREx_ControlVoltageScaling
                0x08004430      0x148 ./Drivers/STM32G4xx_HAL_Driver/Src/stm32g4xx_hal_pwr_ex.o
                0x08004430                HAL_PWREx_ControlVoltageScaling
 .text.HAL_PWREx_DisableUCPDDeadBattery
                0x08004578       0x20 ./Drivers/STM32G4xx_HAL_Driver/Src/stm32g4xx_hal_pwr_ex.o
                0x08004578                HAL_PWREx_DisableUCPDDeadBattery
 .text.HAL_RCC_OscConfig
                0x08004598      0x624 ./Drivers/STM32G4xx_HAL_Driver/Src/stm32g4xx_hal_rcc.o
                0x08004598                HAL_RCC_OscConfig
 .text.HAL_RCC_ClockConfig
                0x08004bbc      0x278 ./Drivers/STM32G4xx_HAL_Driver/Src/stm32g4xx_hal_rcc.o
                0x08004bbc                HAL_RCC_ClockConfig
 .text.HAL_RCC_GetSysClockFreq
                0x08004e34       0xc4 ./Drivers/STM32G4xx_HAL_Driver/Src/stm32g4xx_hal_rcc.o
                0x08004e34                HAL_RCC_GetSysClockFreq
 .text.HAL_RCC_GetHCLKFreq
                0x08004ef8       0x18 ./Drivers/STM32G4xx_HAL_Driver/Src/stm32g4xx_hal_rcc.o
                0x08004ef8                HAL_RCC_GetHCLKFreq
 .text.HAL_RCC_GetPCLK1Freq
                0x08004f10       0x2c ./Drivers/STM32G4xx_HAL_Driver/Src/stm32g4xx_hal_rcc.o
                0x08004f10                HAL_RCC_GetPCLK1Freq
 .text.HAL_RCC_GetPCLK2Freq
                0x08004f3c       0x2c ./Drivers/STM32G4xx_HAL_Driver/Src/stm32g4xx_hal_rcc.o
                0x08004f3c                HAL_RCC_GetPCLK2Freq
 .text.RCC_GetSysClockFreqFromPLLSource
                0x08004f68       0x8c ./Drivers/STM32G4xx_HAL_Driver/Src/stm32g4xx_hal_rcc.o
 .text.HAL_RCCEx_PeriphCLKConfig
                0x08004ff4      0x478 ./Drivers/STM32G4xx_HAL_Driver/Src/stm32g4xx_hal_rcc_ex.o
                0x08004ff4                HAL_RCCEx_PeriphCLKConfig
 .text.HAL_TIM_Base_Init
                0x0800546c       0xae ./Drivers/STM32G4xx_HAL_Driver/Src/stm32g4xx_hal_tim.o
                0x0800546c                HAL_TIM_Base_Init
 *fill*         0x0800551a        0x2 
 .text.HAL_TIM_Base_Start
                0x0800551c       0xd0 ./Drivers/STM32G4xx_HAL_Driver/Src/stm32g4xx_hal_tim.o
                0x0800551c                HAL_TIM_Base_Start
 .text.HAL_TIM_Base_Start_IT
                0x080055ec       0xe0 ./Drivers/STM32G4xx_HAL_Driver/Src/stm32g4xx_hal_tim.o
                0x080055ec                HAL_TIM_Base_Start_IT
 .text.HAL_TIM_PWM_Init
                0x080056cc       0xae ./Drivers/STM32G4xx_HAL_Driver/Src/stm32g4xx_hal_tim.o
                0x080056cc                HAL_TIM_PWM_Init
 *fill*         0x0800577a        0x2 
 .text.HAL_TIM_PWM_Start
                0x0800577c      0x218 ./Drivers/STM32G4xx_HAL_Driver/Src/stm32g4xx_hal_tim.o
                0x0800577c                HAL_TIM_PWM_Start
 .text.HAL_TIM_Encoder_Init
                0x08005994      0x14c ./Drivers/STM32G4xx_HAL_Driver/Src/stm32g4xx_hal_tim.o
                0x08005994                HAL_TIM_Encoder_Init
 .text.HAL_TIM_Encoder_Start
                0x08005ae0      0x11c ./Drivers/STM32G4xx_HAL_Driver/Src/stm32g4xx_hal_tim.o
                0x08005ae0                HAL_TIM_Encoder_Start
 .text.HAL_TIM_IRQHandler
                0x08005bfc      0x29e ./Drivers/STM32G4xx_HAL_Driver/Src/stm32g4xx_hal_tim.o
                0x08005bfc                HAL_TIM_IRQHandler
 *fill*         0x08005e9a        0x2 
 .text.HAL_TIM_PWM_ConfigChannel
                0x08005e9c      0x228 ./Drivers/STM32G4xx_HAL_Driver/Src/stm32g4xx_hal_tim.o
                0x08005e9c                HAL_TIM_PWM_ConfigChannel
 .text.HAL_TIM_OC_DelayElapsedCallback
                0x080060c4       0x14 ./Drivers/STM32G4xx_HAL_Driver/Src/stm32g4xx_hal_tim.o
                0x080060c4                HAL_TIM_OC_DelayElapsedCallback
 .text.HAL_TIM_IC_CaptureCallback
                0x080060d8       0x14 ./Drivers/STM32G4xx_HAL_Driver/Src/stm32g4xx_hal_tim.o
                0x080060d8                HAL_TIM_IC_CaptureCallback
 .text.HAL_TIM_PWM_PulseFinishedCallback
                0x080060ec       0x14 ./Drivers/STM32G4xx_HAL_Driver/Src/stm32g4xx_hal_tim.o
                0x080060ec                HAL_TIM_PWM_PulseFinishedCallback
 .text.HAL_TIM_TriggerCallback
                0x08006100       0x14 ./Drivers/STM32G4xx_HAL_Driver/Src/stm32g4xx_hal_tim.o
                0x08006100                HAL_TIM_TriggerCallback
 .text.TIM_Base_SetConfig
                0x08006114      0x154 ./Drivers/STM32G4xx_HAL_Driver/Src/stm32g4xx_hal_tim.o
                0x08006114                TIM_Base_SetConfig
 .text.TIM_OC1_SetConfig
                0x08006268      0x134 ./Drivers/STM32G4xx_HAL_Driver/Src/stm32g4xx_hal_tim.o
 .text.TIM_OC2_SetConfig
                0x0800639c      0x128 ./Drivers/STM32G4xx_HAL_Driver/Src/stm32g4xx_hal_tim.o
                0x0800639c                TIM_OC2_SetConfig
 .text.TIM_OC3_SetConfig
                0x080064c4      0x124 ./Drivers/STM32G4xx_HAL_Driver/Src/stm32g4xx_hal_tim.o
 .text.TIM_OC4_SetConfig
                0x080065e8      0x128 ./Drivers/STM32G4xx_HAL_Driver/Src/stm32g4xx_hal_tim.o
 .text.TIM_OC5_SetConfig
                0x08006710       0xd4 ./Drivers/STM32G4xx_HAL_Driver/Src/stm32g4xx_hal_tim.o
 .text.TIM_OC6_SetConfig
                0x080067e4       0xd8 ./Drivers/STM32G4xx_HAL_Driver/Src/stm32g4xx_hal_tim.o
 .text.TIM_CCxChannelCmd
                0x080068bc       0x4a ./Drivers/STM32G4xx_HAL_Driver/Src/stm32g4xx_hal_tim.o
                0x080068bc                TIM_CCxChannelCmd
 *fill*         0x08006906        0x2 
 .text.HAL_TIMEx_MasterConfigSynchronization
                0x08006908      0x11c ./Drivers/STM32G4xx_HAL_Driver/Src/stm32g4xx_hal_tim_ex.o
                0x08006908                HAL_TIMEx_MasterConfigSynchronization
 .text.HAL_TIMEx_ConfigBreakDeadTime
                0x08006a24      0x128 ./Drivers/STM32G4xx_HAL_Driver/Src/stm32g4xx_hal_tim_ex.o
                0x08006a24                HAL_TIMEx_ConfigBreakDeadTime
 .text.HAL_TIMEx_CommutCallback
                0x08006b4c       0x14 ./Drivers/STM32G4xx_HAL_Driver/Src/stm32g4xx_hal_tim_ex.o
                0x08006b4c                HAL_TIMEx_CommutCallback
 .text.HAL_TIMEx_BreakCallback
                0x08006b60       0x14 ./Drivers/STM32G4xx_HAL_Driver/Src/stm32g4xx_hal_tim_ex.o
                0x08006b60                HAL_TIMEx_BreakCallback
 .text.HAL_TIMEx_Break2Callback
                0x08006b74       0x14 ./Drivers/STM32G4xx_HAL_Driver/Src/stm32g4xx_hal_tim_ex.o
                0x08006b74                HAL_TIMEx_Break2Callback
 .text.HAL_TIMEx_EncoderIndexCallback
                0x08006b88       0x14 ./Drivers/STM32G4xx_HAL_Driver/Src/stm32g4xx_hal_tim_ex.o
                0x08006b88                HAL_TIMEx_EncoderIndexCallback
 .text.HAL_TIMEx_DirectionChangeCallback
                0x08006b9c       0x14 ./Drivers/STM32G4xx_HAL_Driver/Src/stm32g4xx_hal_tim_ex.o
                0x08006b9c                HAL_TIMEx_DirectionChangeCallback
 .text.HAL_TIMEx_IndexErrorCallback
                0x08006bb0       0x14 ./Drivers/STM32G4xx_HAL_Driver/Src/stm32g4xx_hal_tim_ex.o
                0x08006bb0                HAL_TIMEx_IndexErrorCallback
 .text.HAL_TIMEx_TransitionErrorCallback
                0x08006bc4       0x14 ./Drivers/STM32G4xx_HAL_Driver/Src/stm32g4xx_hal_tim_ex.o
                0x08006bc4                HAL_TIMEx_TransitionErrorCallback
 .text.HAL_UART_Init
                0x08006bd8       0xa0 ./Drivers/STM32G4xx_HAL_Driver/Src/stm32g4xx_hal_uart.o
                0x08006bd8                HAL_UART_Init
 .text.HAL_UART_Receive_IT
                0x08006c78       0x98 ./Drivers/STM32G4xx_HAL_Driver/Src/stm32g4xx_hal_uart.o
                0x08006c78                HAL_UART_Receive_IT
 .text.HAL_UART_IRQHandler
                0x08006d10      0x684 ./Drivers/STM32G4xx_HAL_Driver/Src/stm32g4xx_hal_uart.o
                0x08006d10                HAL_UART_IRQHandler
 .text.HAL_UART_TxCpltCallback
                0x08007394       0x14 ./Drivers/STM32G4xx_HAL_Driver/Src/stm32g4xx_hal_uart.o
                0x08007394                HAL_UART_TxCpltCallback
 .text.HAL_UART_ErrorCallback
                0x080073a8       0x14 ./Drivers/STM32G4xx_HAL_Driver/Src/stm32g4xx_hal_uart.o
                0x080073a8                HAL_UART_ErrorCallback
 .text.HAL_UARTEx_RxEventCallback
                0x080073bc       0x18 ./Drivers/STM32G4xx_HAL_Driver/Src/stm32g4xx_hal_uart.o
                0x080073bc                HAL_UARTEx_RxEventCallback
 .text.UART_SetConfig
                0x080073d4      0x5f8 ./Drivers/STM32G4xx_HAL_Driver/Src/stm32g4xx_hal_uart.o
                0x080073d4                UART_SetConfig
 .text.UART_AdvFeatureConfig
                0x080079cc      0x144 ./Drivers/STM32G4xx_HAL_Driver/Src/stm32g4xx_hal_uart.o
                0x080079cc                UART_AdvFeatureConfig
 .text.UART_CheckIdleState
                0x08007b10      0x154 ./Drivers/STM32G4xx_HAL_Driver/Src/stm32g4xx_hal_uart.o
                0x08007b10                UART_CheckIdleState
 .text.UART_WaitOnFlagUntilTimeout
                0x08007c64       0xda ./Drivers/STM32G4xx_HAL_Driver/Src/stm32g4xx_hal_uart.o
                0x08007c64                UART_WaitOnFlagUntilTimeout
 *fill*         0x08007d3e        0x2 
 .text.UART_Start_Receive_IT
                0x08007d40      0x244 ./Drivers/STM32G4xx_HAL_Driver/Src/stm32g4xx_hal_uart.o
                0x08007d40                UART_Start_Receive_IT
 .text.UART_EndRxTransfer
                0x08007f84       0xcc ./Drivers/STM32G4xx_HAL_Driver/Src/stm32g4xx_hal_uart.o
 .text.UART_DMAAbortOnError
                0x08008050       0x24 ./Drivers/STM32G4xx_HAL_Driver/Src/stm32g4xx_hal_uart.o
 .text.UART_EndTransmit_IT
                0x08008074       0x56 ./Drivers/STM32G4xx_HAL_Driver/Src/stm32g4xx_hal_uart.o
 *fill*         0x080080ca        0x2 
 .text.UART_RxISR_8BIT
                0x080080cc      0x1b8 ./Drivers/STM32G4xx_HAL_Driver/Src/stm32g4xx_hal_uart.o
 .text.UART_RxISR_16BIT
                0x08008284      0x1b8 ./Drivers/STM32G4xx_HAL_Driver/Src/stm32g4xx_hal_uart.o
 .text.UART_RxISR_8BIT_FIFOEN
                0x0800843c      0x364 ./Drivers/STM32G4xx_HAL_Driver/Src/stm32g4xx_hal_uart.o
 .text.UART_RxISR_16BIT_FIFOEN
                0x080087a0      0x36c ./Drivers/STM32G4xx_HAL_Driver/Src/stm32g4xx_hal_uart.o
 .text.HAL_UARTEx_WakeupCallback
                0x08008b0c       0x14 ./Drivers/STM32G4xx_HAL_Driver/Src/stm32g4xx_hal_uart_ex.o
                0x08008b0c                HAL_UARTEx_WakeupCallback
 .text.HAL_UARTEx_RxFifoFullCallback
                0x08008b20       0x14 ./Drivers/STM32G4xx_HAL_Driver/Src/stm32g4xx_hal_uart_ex.o
                0x08008b20                HAL_UARTEx_RxFifoFullCallback
 .text.HAL_UARTEx_TxFifoEmptyCallback
                0x08008b34       0x14 ./Drivers/STM32G4xx_HAL_Driver/Src/stm32g4xx_hal_uart_ex.o
                0x08008b34                HAL_UARTEx_TxFifoEmptyCallback
 .text.HAL_UARTEx_DisableFifoMode
                0x08008b48       0x72 ./Drivers/STM32G4xx_HAL_Driver/Src/stm32g4xx_hal_uart_ex.o
                0x08008b48                HAL_UARTEx_DisableFifoMode
 .text.HAL_UARTEx_SetTxFifoThreshold
                0x08008bba       0x7c ./Drivers/STM32G4xx_HAL_Driver/Src/stm32g4xx_hal_uart_ex.o
                0x08008bba                HAL_UARTEx_SetTxFifoThreshold
 .text.HAL_UARTEx_SetRxFifoThreshold
                0x08008c36       0x7c ./Drivers/STM32G4xx_HAL_Driver/Src/stm32g4xx_hal_uart_ex.o
                0x08008c36                HAL_UARTEx_SetRxFifoThreshold
 *fill*         0x08008cb2        0x2 
 .text.UARTEx_SetNbDataToProcess
                0x08008cb4       0x9c ./Drivers/STM32G4xx_HAL_Driver/Src/stm32g4xx_hal_uart_ex.o
 .text.malloc   0x08008d50       0x10 C:/ST/STM32CubeIDE_1.14.1/STM32CubeIDE/plugins/com.st.stm32cube.ide.mcu.externaltools.gnu-tools-for-stm32.13.3.rel1.win32_1.0.0.202411081344/tools/bin/../lib/gcc/arm-none-eabi/13.3.1/../../../../arm-none-eabi/lib/thumb/v7e-m+fp/hard\libc_nano.a(libc_a-malloc.o)
                0x08008d50                malloc
 .text.sbrk_aligned
                0x08008d60       0x44 C:/ST/STM32CubeIDE_1.14.1/STM32CubeIDE/plugins/com.st.stm32cube.ide.mcu.externaltools.gnu-tools-for-stm32.13.3.rel1.win32_1.0.0.202411081344/tools/bin/../lib/gcc/arm-none-eabi/13.3.1/../../../../arm-none-eabi/lib/thumb/v7e-m+fp/hard\libc_nano.a(libc_a-mallocr.o)
 .text._malloc_r
                0x08008da4      0x100 C:/ST/STM32CubeIDE_1.14.1/STM32CubeIDE/plugins/com.st.stm32cube.ide.mcu.externaltools.gnu-tools-for-stm32.13.3.rel1.win32_1.0.0.202411081344/tools/bin/../lib/gcc/arm-none-eabi/13.3.1/../../../../arm-none-eabi/lib/thumb/v7e-m+fp/hard\libc_nano.a(libc_a-mallocr.o)
                0x08008da4                _malloc_r
 .text.__malloc_lock
                0x08008ea4        0xc C:/ST/STM32CubeIDE_1.14.1/STM32CubeIDE/plugins/com.st.stm32cube.ide.mcu.externaltools.gnu-tools-for-stm32.13.3.rel1.win32_1.0.0.202411081344/tools/bin/../lib/gcc/arm-none-eabi/13.3.1/../../../../arm-none-eabi/lib/thumb/v7e-m+fp/hard\libc_nano.a(libc_a-mlock.o)
                0x08008ea4                __malloc_lock
 .text.__malloc_unlock
                0x08008eb0        0xc C:/ST/STM32CubeIDE_1.14.1/STM32CubeIDE/plugins/com.st.stm32cube.ide.mcu.externaltools.gnu-tools-for-stm32.13.3.rel1.win32_1.0.0.202411081344/tools/bin/../lib/gcc/arm-none-eabi/13.3.1/../../../../arm-none-eabi/lib/thumb/v7e-m+fp/hard\libc_nano.a(libc_a-mlock.o)
                0x08008eb0                __malloc_unlock
 .text.memset   0x08008ebc       0x10 C:/ST/STM32CubeIDE_1.14.1/STM32CubeIDE/plugins/com.st.stm32cube.ide.mcu.externaltools.gnu-tools-for-stm32.13.3.rel1.win32_1.0.0.202411081344/tools/bin/../lib/gcc/arm-none-eabi/13.3.1/../../../../arm-none-eabi/lib/thumb/v7e-m+fp/hard\libc_nano.a(libc_a-memset.o)
                0x08008ebc                memset
 .text._sbrk_r  0x08008ecc       0x20 C:/ST/STM32CubeIDE_1.14.1/STM32CubeIDE/plugins/com.st.stm32cube.ide.mcu.externaltools.gnu-tools-for-stm32.13.3.rel1.win32_1.0.0.202411081344/tools/bin/../lib/gcc/arm-none-eabi/13.3.1/../../../../arm-none-eabi/lib/thumb/v7e-m+fp/hard\libc_nano.a(libc_a-sbrkr.o)
                0x08008ecc                _sbrk_r
 .text.__errno  0x08008eec        0xc C:/ST/STM32CubeIDE_1.14.1/STM32CubeIDE/plugins/com.st.stm32cube.ide.mcu.externaltools.gnu-tools-for-stm32.13.3.rel1.win32_1.0.0.202411081344/tools/bin/../lib/gcc/arm-none-eabi/13.3.1/../../../../arm-none-eabi/lib/thumb/v7e-m+fp/hard\libc_nano.a(libc_a-errno.o)
                0x08008eec                __errno
 .text.__libc_init_array
                0x08008ef8       0x48 C:/ST/STM32CubeIDE_1.14.1/STM32CubeIDE/plugins/com.st.stm32cube.ide.mcu.externaltools.gnu-tools-for-stm32.13.3.rel1.win32_1.0.0.202411081344/tools/bin/../lib/gcc/arm-none-eabi/13.3.1/../../../../arm-none-eabi/lib/thumb/v7e-m+fp/hard\libc_nano.a(libc_a-init.o)
                0x08008ef8                __libc_init_array
 .text.__retarget_lock_acquire_recursive
                0x08008f40        0x2 C:/ST/STM32CubeIDE_1.14.1/STM32CubeIDE/plugins/com.st.stm32cube.ide.mcu.externaltools.gnu-tools-for-stm32.13.3.rel1.win32_1.0.0.202411081344/tools/bin/../lib/gcc/arm-none-eabi/13.3.1/../../../../arm-none-eabi/lib/thumb/v7e-m+fp/hard\libc_nano.a(libc_a-lock.o)
                0x08008f40                __retarget_lock_acquire_recursive
 .text.__retarget_lock_release_recursive
                0x08008f42        0x2 C:/ST/STM32CubeIDE_1.14.1/STM32CubeIDE/plugins/com.st.stm32cube.ide.mcu.externaltools.gnu-tools-for-stm32.13.3.rel1.win32_1.0.0.202411081344/tools/bin/../lib/gcc/arm-none-eabi/13.3.1/../../../../arm-none-eabi/lib/thumb/v7e-m+fp/hard\libc_nano.a(libc_a-lock.o)
                0x08008f42                __retarget_lock_release_recursive
 .text.expf     0x08008f44       0x6c C:/ST/STM32CubeIDE_1.14.1/STM32CubeIDE/plugins/com.st.stm32cube.ide.mcu.externaltools.gnu-tools-for-stm32.13.3.rel1.win32_1.0.0.202411081344/tools/bin/../lib/gcc/arm-none-eabi/13.3.1/../../../../arm-none-eabi/lib/thumb/v7e-m+fp/hard\libm.a(libm_a-wf_exp.o)
                0x08008f44                expf
 .text.fmodf    0x08008fb0       0x40 C:/ST/STM32CubeIDE_1.14.1/STM32CubeIDE/plugins/com.st.stm32cube.ide.mcu.externaltools.gnu-tools-for-stm32.13.3.rel1.win32_1.0.0.202411081344/tools/bin/../lib/gcc/arm-none-eabi/13.3.1/../../../../arm-none-eabi/lib/thumb/v7e-m+fp/hard\libm.a(libm_a-wf_fmod.o)
                0x08008fb0                fmodf
 .text.tanhf    0x08008ff0       0xd4 C:/ST/STM32CubeIDE_1.14.1/STM32CubeIDE/plugins/com.st.stm32cube.ide.mcu.externaltools.gnu-tools-for-stm32.13.3.rel1.win32_1.0.0.202411081344/tools/bin/../lib/gcc/arm-none-eabi/13.3.1/../../../../arm-none-eabi/lib/thumb/v7e-m+fp/hard\libm.a(libm_a-sf_tanh.o)
                0x08008ff0                tanhf
 .text.finitef  0x080090c4       0x14 C:/ST/STM32CubeIDE_1.14.1/STM32CubeIDE/plugins/com.st.stm32cube.ide.mcu.externaltools.gnu-tools-for-stm32.13.3.rel1.win32_1.0.0.202411081344/tools/bin/../lib/gcc/arm-none-eabi/13.3.1/../../../../arm-none-eabi/lib/thumb/v7e-m+fp/hard\libm.a(libm_a-sf_finite.o)
                0x080090c4                finitef
 .text.expm1f   0x080090d8      0x250 C:/ST/STM32CubeIDE_1.14.1/STM32CubeIDE/plugins/com.st.stm32cube.ide.mcu.externaltools.gnu-tools-for-stm32.13.3.rel1.win32_1.0.0.202411081344/tools/bin/../lib/gcc/arm-none-eabi/13.3.1/../../../../arm-none-eabi/lib/thumb/v7e-m+fp/hard\libm.a(libm_a-sf_expm1.o)
                0x080090d8                expm1f
 .text.with_errnof
                0x08009328       0x1c C:/ST/STM32CubeIDE_1.14.1/STM32CubeIDE/plugins/com.st.stm32cube.ide.mcu.externaltools.gnu-tools-for-stm32.13.3.rel1.win32_1.0.0.202411081344/tools/bin/../lib/gcc/arm-none-eabi/13.3.1/../../../../arm-none-eabi/lib/thumb/v7e-m+fp/hard\libm.a(libm_a-math_errf.o)
 .text.xflowf   0x08009344       0x16 C:/ST/STM32CubeIDE_1.14.1/STM32CubeIDE/plugins/com.st.stm32cube.ide.mcu.externaltools.gnu-tools-for-stm32.13.3.rel1.win32_1.0.0.202411081344/tools/bin/../lib/gcc/arm-none-eabi/13.3.1/../../../../arm-none-eabi/lib/thumb/v7e-m+fp/hard\libm.a(libm_a-math_errf.o)
 *fill*         0x0800935a        0x2 
 .text.__math_uflowf
                0x0800935c        0xc C:/ST/STM32CubeIDE_1.14.1/STM32CubeIDE/plugins/com.st.stm32cube.ide.mcu.externaltools.gnu-tools-for-stm32.13.3.rel1.win32_1.0.0.202411081344/tools/bin/../lib/gcc/arm-none-eabi/13.3.1/../../../../arm-none-eabi/lib/thumb/v7e-m+fp/hard\libm.a(libm_a-math_errf.o)
                0x0800935c                __math_uflowf
 .text.__math_oflowf
                0x08009368        0xc C:/ST/STM32CubeIDE_1.14.1/STM32CubeIDE/plugins/com.st.stm32cube.ide.mcu.externaltools.gnu-tools-for-stm32.13.3.rel1.win32_1.0.0.202411081344/tools/bin/../lib/gcc/arm-none-eabi/13.3.1/../../../../arm-none-eabi/lib/thumb/v7e-m+fp/hard\libm.a(libm_a-math_errf.o)
                0x08009368                __math_oflowf
 .text.__ieee754_expf
                0x08009374      0x19c C:/ST/STM32CubeIDE_1.14.1/STM32CubeIDE/plugins/com.st.stm32cube.ide.mcu.externaltools.gnu-tools-for-stm32.13.3.rel1.win32_1.0.0.202411081344/tools/bin/../lib/gcc/arm-none-eabi/13.3.1/../../../../arm-none-eabi/lib/thumb/v7e-m+fp/hard\libm.a(libm_a-ef_exp.o)
                0x08009374                __ieee754_expf
 .text.__ieee754_fmodf
                0x08009510      0x104 C:/ST/STM32CubeIDE_1.14.1/STM32CubeIDE/plugins/com.st.stm32cube.ide.mcu.externaltools.gnu-tools-for-stm32.13.3.rel1.win32_1.0.0.202411081344/tools/bin/../lib/gcc/arm-none-eabi/13.3.1/../../../../arm-none-eabi/lib/thumb/v7e-m+fp/hard\libm.a(libm_a-ef_fmod.o)
                0x08009510                __ieee754_fmodf
 .text.fabsf    0x08009614        0xe C:/ST/STM32CubeIDE_1.14.1/STM32CubeIDE/plugins/com.st.stm32cube.ide.mcu.externaltools.gnu-tools-for-stm32.13.3.rel1.win32_1.0.0.202411081344/tools/bin/../lib/gcc/arm-none-eabi/13.3.1/../../../../arm-none-eabi/lib/thumb/v7e-m+fp/hard\libm.a(libm_a-sf_fabs.o)
                0x08009614                fabsf
 *(.glue_7)
 .glue_7        0x08009622        0x0 linker stubs
 *(.glue_7t)
 .glue_7t       0x08009622        0x0 linker stubs
 *(.eh_frame)
 *fill*         0x08009622        0x2 
 .eh_frame      0x08009624        0x0 C:/ST/STM32CubeIDE_1.14.1/STM32CubeIDE/plugins/com.st.stm32cube.ide.mcu.externaltools.gnu-tools-for-stm32.13.3.rel1.win32_1.0.0.202411081344/tools/bin/../lib/gcc/arm-none-eabi/13.3.1/thumb/v7e-m+fp/hard/crtbegin.o
 *(.init)
 .init          0x08009624        0x4 C:/ST/STM32CubeIDE_1.14.1/STM32CubeIDE/plugins/com.st.stm32cube.ide.mcu.externaltools.gnu-tools-for-stm32.13.3.rel1.win32_1.0.0.202411081344/tools/bin/../lib/gcc/arm-none-eabi/13.3.1/thumb/v7e-m+fp/hard/crti.o
                0x08009624                _init
 .init          0x08009628        0x8 C:/ST/STM32CubeIDE_1.14.1/STM32CubeIDE/plugins/com.st.stm32cube.ide.mcu.externaltools.gnu-tools-for-stm32.13.3.rel1.win32_1.0.0.202411081344/tools/bin/../lib/gcc/arm-none-eabi/13.3.1/thumb/v7e-m+fp/hard/crtn.o
 *(.fini)
 .fini          0x08009630        0x4 C:/ST/STM32CubeIDE_1.14.1/STM32CubeIDE/plugins/com.st.stm32cube.ide.mcu.externaltools.gnu-tools-for-stm32.13.3.rel1.win32_1.0.0.202411081344/tools/bin/../lib/gcc/arm-none-eabi/13.3.1/thumb/v7e-m+fp/hard/crti.o
                0x08009630                _fini
 .fini          0x08009634        0x8 C:/ST/STM32CubeIDE_1.14.1/STM32CubeIDE/plugins/com.st.stm32cube.ide.mcu.externaltools.gnu-tools-for-stm32.13.3.rel1.win32_1.0.0.202411081344/tools/bin/../lib/gcc/arm-none-eabi/13.3.1/thumb/v7e-m+fp/hard/crtn.o
                0x0800963c                        . = ALIGN (0x4)
                0x0800963c                        _etext = .

.vfp11_veneer   0x0800963c        0x0
 .vfp11_veneer  0x0800963c        0x0 linker stubs

.v4_bx          0x0800963c        0x0
 .v4_bx         0x0800963c        0x0 linker stubs

.iplt           0x0800963c        0x0
 .iplt          0x0800963c        0x0 C:/ST/STM32CubeIDE_1.14.1/STM32CubeIDE/plugins/com.st.stm32cube.ide.mcu.externaltools.gnu-tools-for-stm32.13.3.rel1.win32_1.0.0.202411081344/tools/bin/../lib/gcc/arm-none-eabi/13.3.1/thumb/v7e-m+fp/hard/crtbegin.o

.rodata         0x0800963c      0x170
                0x0800963c                        . = ALIGN (0x4)
 *(.rodata)
 *(.rodata*)
 .rodata.AHBPrescTable
                0x0800963c       0x10 ./Core/Src/system_stm32g4xx.o
                0x0800963c                AHBPrescTable
 .rodata.APBPrescTable
                0x0800964c        0x8 ./Core/Src/system_stm32g4xx.o
                0x0800964c                APBPrescTable
 .rodata.UARTPrescTable
                0x08009654       0x18 ./Drivers/STM32G4xx_HAL_Driver/Src/stm32g4xx_hal_uart.o
                0x08009654                UARTPrescTable
 .rodata.numerator.1
                0x0800966c        0x8 ./Drivers/STM32G4xx_HAL_Driver/Src/stm32g4xx_hal_uart_ex.o
 .rodata.denominator.0
                0x08009674        0x8 ./Drivers/STM32G4xx_HAL_Driver/Src/stm32g4xx_hal_uart_ex.o
 .rodata._ctype_
                0x0800967c      0x101 C:/ST/STM32CubeIDE_1.14.1/STM32CubeIDE/plugins/com.st.stm32cube.ide.mcu.externaltools.gnu-tools-for-stm32.13.3.rel1.win32_1.0.0.202411081344/tools/bin/../lib/gcc/arm-none-eabi/13.3.1/../../../../arm-none-eabi/lib/thumb/v7e-m+fp/hard\libc_nano.a(libc_a-ctype_.o)
                0x0800967c                _ctype_
 *fill*         0x0800977d        0x3 
 .rodata.tiny   0x08009780        0x4 C:/ST/STM32CubeIDE_1.14.1/STM32CubeIDE/plugins/com.st.stm32cube.ide.mcu.externaltools.gnu-tools-for-stm32.13.3.rel1.win32_1.0.0.202411081344/tools/bin/../lib/gcc/arm-none-eabi/13.3.1/../../../../arm-none-eabi/lib/thumb/v7e-m+fp/hard\libm.a(libm_a-sf_tanh.o)
 .rodata.two    0x08009784        0x4 C:/ST/STM32CubeIDE_1.14.1/STM32CubeIDE/plugins/com.st.stm32cube.ide.mcu.externaltools.gnu-tools-for-stm32.13.3.rel1.win32_1.0.0.202411081344/tools/bin/../lib/gcc/arm-none-eabi/13.3.1/../../../../arm-none-eabi/lib/thumb/v7e-m+fp/hard\libm.a(libm_a-sf_tanh.o)
 .rodata.one    0x08009788        0x4 C:/ST/STM32CubeIDE_1.14.1/STM32CubeIDE/plugins/com.st.stm32cube.ide.mcu.externaltools.gnu-tools-for-stm32.13.3.rel1.win32_1.0.0.202411081344/tools/bin/../lib/gcc/arm-none-eabi/13.3.1/../../../../arm-none-eabi/lib/thumb/v7e-m+fp/hard\libm.a(libm_a-sf_tanh.o)
 .rodata.ln2LO  0x0800978c        0x8 C:/ST/STM32CubeIDE_1.14.1/STM32CubeIDE/plugins/com.st.stm32cube.ide.mcu.externaltools.gnu-tools-for-stm32.13.3.rel1.win32_1.0.0.202411081344/tools/bin/../lib/gcc/arm-none-eabi/13.3.1/../../../../arm-none-eabi/lib/thumb/v7e-m+fp/hard\libm.a(libm_a-ef_exp.o)
 .rodata.ln2HI  0x08009794        0x8 C:/ST/STM32CubeIDE_1.14.1/STM32CubeIDE/plugins/com.st.stm32cube.ide.mcu.externaltools.gnu-tools-for-stm32.13.3.rel1.win32_1.0.0.202411081344/tools/bin/../lib/gcc/arm-none-eabi/13.3.1/../../../../arm-none-eabi/lib/thumb/v7e-m+fp/hard\libm.a(libm_a-ef_exp.o)
 .rodata.halF   0x0800979c        0x8 C:/ST/STM32CubeIDE_1.14.1/STM32CubeIDE/plugins/com.st.stm32cube.ide.mcu.externaltools.gnu-tools-for-stm32.13.3.rel1.win32_1.0.0.202411081344/tools/bin/../lib/gcc/arm-none-eabi/13.3.1/../../../../arm-none-eabi/lib/thumb/v7e-m+fp/hard\libm.a(libm_a-ef_exp.o)
 .rodata.Zero   0x080097a4        0x8 C:/ST/STM32CubeIDE_1.14.1/STM32CubeIDE/plugins/com.st.stm32cube.ide.mcu.externaltools.gnu-tools-for-stm32.13.3.rel1.win32_1.0.0.202411081344/tools/bin/../lib/gcc/arm-none-eabi/13.3.1/../../../../arm-none-eabi/lib/thumb/v7e-m+fp/hard\libm.a(libm_a-ef_fmod.o)
                0x080097ac                        . = ALIGN (0x4)

.ARM.extab      0x080097ac        0x0
                0x080097ac                        . = ALIGN (0x4)
 *(.ARM.extab* .gnu.linkonce.armextab.*)
                0x080097ac                        . = ALIGN (0x4)

.ARM            0x080097ac        0x8
                0x080097ac                        . = ALIGN (0x4)
                0x080097ac                        __exidx_start = .
 *(.ARM.exidx*)
 .ARM.exidx     0x080097ac        0x8 C:/ST/STM32CubeIDE_1.14.1/STM32CubeIDE/plugins/com.st.stm32cube.ide.mcu.externaltools.gnu-tools-for-stm32.13.3.rel1.win32_1.0.0.202411081344/tools/bin/../lib/gcc/arm-none-eabi/13.3.1/thumb/v7e-m+fp/hard\libgcc.a(_udivmoddi4.o)
                0x080097b4                        __exidx_end = .
                0x080097b4                        . = ALIGN (0x4)

.preinit_array  0x080097b4        0x0
                0x080097b4                        . = ALIGN (0x4)
                0x080097b4                        PROVIDE (__preinit_array_start = .)
 *(.preinit_array*)
                0x080097b4                        PROVIDE (__preinit_array_end = .)
                0x080097b4                        . = ALIGN (0x4)

.init_array     0x080097b4        0x4
                0x080097b4                        . = ALIGN (0x4)
                0x080097b4                        PROVIDE (__init_array_start = .)
 *(SORT_BY_NAME(.init_array.*))
 *(.init_array*)
 .init_array    0x080097b4        0x4 C:/ST/STM32CubeIDE_1.14.1/STM32CubeIDE/plugins/com.st.stm32cube.ide.mcu.externaltools.gnu-tools-for-stm32.13.3.rel1.win32_1.0.0.202411081344/tools/bin/../lib/gcc/arm-none-eabi/13.3.1/thumb/v7e-m+fp/hard/crtbegin.o
                0x080097b8                        PROVIDE (__init_array_end = .)
                0x080097b8                        . = ALIGN (0x4)

.fini_array     0x080097b8        0x4
                0x080097b8                        . = ALIGN (0x4)
                [!provide]                        PROVIDE (__fini_array_start = .)
 *(SORT_BY_NAME(.fini_array.*))
 *(.fini_array*)
 .fini_array    0x080097b8        0x4 C:/ST/STM32CubeIDE_1.14.1/STM32CubeIDE/plugins/com.st.stm32cube.ide.mcu.externaltools.gnu-tools-for-stm32.13.3.rel1.win32_1.0.0.202411081344/tools/bin/../lib/gcc/arm-none-eabi/13.3.1/thumb/v7e-m+fp/hard/crtbegin.o
                [!provide]                        PROVIDE (__fini_array_end = .)
                0x080097bc                        . = ALIGN (0x4)
                0x080097bc                        _sidata = LOADADDR (.data)

.rel.dyn        0x080097bc        0x0
 .rel.iplt      0x080097bc        0x0 C:/ST/STM32CubeIDE_1.14.1/STM32CubeIDE/plugins/com.st.stm32cube.ide.mcu.externaltools.gnu-tools-for-stm32.13.3.rel1.win32_1.0.0.202411081344/tools/bin/../lib/gcc/arm-none-eabi/13.3.1/thumb/v7e-m+fp/hard/crtbegin.o

.data           0x20000000       0x68 load address 0x080097bc
                0x20000000                        . = ALIGN (0x4)
                0x20000000                        _sdata = .
 *(.data)
 *(.data*)
 .data.current_kp
                0x20000000        0x4 ./Core/Src/main.o
 .data.current_ki
                0x20000004        0x4 ./Core/Src/main.o
 .data.current_kd
                0x20000008        0x4 ./Core/Src/main.o
 .data.SystemCoreClock
                0x2000000c        0x4 ./Core/Src/system_stm32g4xx.o
                0x2000000c                SystemCoreClock
 .data.uwTickPrio
                0x20000010        0x4 ./Drivers/STM32G4xx_HAL_Driver/Src/stm32g4xx_hal.o
                0x20000010                uwTickPrio
 .data.uwTickFreq
                0x20000014        0x4 ./Drivers/STM32G4xx_HAL_Driver/Src/stm32g4xx_hal.o
                0x20000014                uwTickFreq
 .data._impure_ptr
                0x20000018        0x4 C:/ST/STM32CubeIDE_1.14.1/STM32CubeIDE/plugins/com.st.stm32cube.ide.mcu.externaltools.gnu-tools-for-stm32.13.3.rel1.win32_1.0.0.202411081344/tools/bin/../lib/gcc/arm-none-eabi/13.3.1/../../../../arm-none-eabi/lib/thumb/v7e-m+fp/hard\libc_nano.a(libc_a-impure.o)
                0x20000018                _impure_ptr
 .data._impure_data
                0x2000001c       0x4c C:/ST/STM32CubeIDE_1.14.1/STM32CubeIDE/plugins/com.st.stm32cube.ide.mcu.externaltools.gnu-tools-for-stm32.13.3.rel1.win32_1.0.0.202411081344/tools/bin/../lib/gcc/arm-none-eabi/13.3.1/../../../../arm-none-eabi/lib/thumb/v7e-m+fp/hard\libc_nano.a(libc_a-impure.o)
                0x2000001c                _impure_data
 *(.RamFunc)
 *(.RamFunc*)
                0x20000068                        . = ALIGN (0x4)
                0x20000068                        _edata = .

.igot.plt       0x20000068        0x0 load address 0x08009824
 .igot.plt      0x20000068        0x0 C:/ST/STM32CubeIDE_1.14.1/STM32CubeIDE/plugins/com.st.stm32cube.ide.mcu.externaltools.gnu-tools-for-stm32.13.3.rel1.win32_1.0.0.202411081344/tools/bin/../lib/gcc/arm-none-eabi/13.3.1/thumb/v7e-m+fp/hard/crtbegin.o
                0x20000068                        . = ALIGN (0x4)

.bss            0x20000068     0x1c40 load address 0x08009824
                0x20000068                        _sbss = .
                0x20000068                        __bss_start__ = _sbss
 *(.bss)
 .bss           0x20000068       0x1c C:/ST/STM32CubeIDE_1.14.1/STM32CubeIDE/plugins/com.st.stm32cube.ide.mcu.externaltools.gnu-tools-for-stm32.13.3.rel1.win32_1.0.0.202411081344/tools/bin/../lib/gcc/arm-none-eabi/13.3.1/thumb/v7e-m+fp/hard/crtbegin.o
 *(.bss*)
 .bss.pid_b1    0x20000084       0x38 ./Core/Src/main.o
                0x20000084                pid_b1
 .bss.pid_b2    0x200000bc       0x38 ./Core/Src/main.o
                0x200000bc                pid_b2
 .bss.pid_b3    0x200000f4       0x38 ./Core/Src/main.o
                0x200000f4                pid_b3
 .bss.pid_b4    0x2000012c       0x38 ./Core/Src/main.o
                0x2000012c                pid_b4
 .bss.B1        0x20000164       0x10 ./Core/Src/main.o
                0x20000164                B1
 .bss.B2        0x20000174       0x10 ./Core/Src/main.o
                0x20000174                B2
 .bss.B3        0x20000184       0x10 ./Core/Src/main.o
                0x20000184                B3
 .bss.B4        0x20000194       0x10 ./Core/Src/main.o
                0x20000194                B4
 .bss.E1        0x200001a4      0x1b8 ./Core/Src/main.o
                0x200001a4                E1
 .bss.E2        0x2000035c      0x1b8 ./Core/Src/main.o
                0x2000035c                E2
 .bss.E3        0x20000514      0x1b8 ./Core/Src/main.o
                0x20000514                E3
 .bss.E4        0x200006cc      0x1b8 ./Core/Src/main.o
                0x200006cc                E4
 *fill*         0x20000884        0x4 
 .bss.S1        0x20000888      0x378 ./Core/Src/main.o
                0x20000888                S1
 .bss.S2        0x20000c00      0x378 ./Core/Src/main.o
                0x20000c00                S2
 .bss.S3        0x20000f78      0x378 ./Core/Src/main.o
                0x20000f78                S3
 .bss.S4        0x200012f0      0x378 ./Core/Src/main.o
                0x200012f0                S4
 .bss.htim1     0x20001668       0x4c ./Core/Src/main.o
                0x20001668                htim1
 .bss.htim2     0x200016b4       0x4c ./Core/Src/main.o
                0x200016b4                htim2
 .bss.htim3     0x20001700       0x4c ./Core/Src/main.o
                0x20001700                htim3
 .bss.htim4     0x2000174c       0x4c ./Core/Src/main.o
                0x2000174c                htim4
 .bss.htim6     0x20001798       0x4c ./Core/Src/main.o
                0x20001798                htim6
 .bss.htim7     0x200017e4       0x4c ./Core/Src/main.o
                0x200017e4                htim7
 .bss.htim8     0x20001830       0x4c ./Core/Src/main.o
                0x20001830                htim8
 .bss.htim15    0x2000187c       0x4c ./Core/Src/main.o
                0x2000187c                htim15
 .bss.htim16    0x200018c8       0x4c ./Core/Src/main.o
                0x200018c8                htim16
 .bss.htim17    0x20001914       0x4c ./Core/Src/main.o
                0x20001914                htim17
 .bss.htim20    0x20001960       0x4c ./Core/Src/main.o
                0x20001960                htim20
 .bss.huart5    0x200019ac       0x94 ./Core/Src/main.o
                0x200019ac                huart5
 .bss.huart2    0x20001a40       0x94 ./Core/Src/main.o
                0x20001a40                huart2
 .bss.b1_target_rpm
                0x20001ad4        0x4 ./Core/Src/main.o
                0x20001ad4                b1_target_rpm
 .bss.b2_target_rpm
                0x20001ad8        0x4 ./Core/Src/main.o
                0x20001ad8                b2_target_rpm
 .bss.b3_target_rpm
                0x20001adc        0x4 ./Core/Src/main.o
                0x20001adc                b3_target_rpm
 .bss.b4_target_rpm
                0x20001ae0        0x4 ./Core/Src/main.o
                0x20001ae0                b4_target_rpm
 .bss.b1_current_rpm
                0x20001ae4        0x4 ./Core/Src/main.o
                0x20001ae4                b1_current_rpm
 .bss.b2_current_rpm
                0x20001ae8        0x4 ./Core/Src/main.o
                0x20001ae8                b2_current_rpm
 .bss.b3_current_rpm
                0x20001aec        0x4 ./Core/Src/main.o
                0x20001aec                b3_current_rpm
 .bss.b4_current_rpm
                0x20001af0        0x4 ./Core/Src/main.o
                0x20001af0                b4_current_rpm
 .bss.b1_control_signal
                0x20001af4        0x4 ./Core/Src/main.o
                0x20001af4                b1_control_signal
 .bss.b2_control_signal
                0x20001af8        0x4 ./Core/Src/main.o
                0x20001af8                b2_control_signal
 .bss.b3_control_signal
                0x20001afc        0x4 ./Core/Src/main.o
                0x20001afc                b3_control_signal
 .bss.b4_control_signal
                0x20001b00        0x4 ./Core/Src/main.o
                0x20001b00                b4_control_signal
 .bss.s1_acc_err_pulses
                0x20001b04        0x4 ./Core/Src/main.o
                0x20001b04                s1_acc_err_pulses
 .bss.control_loop
                0x20001b08        0x1 ./Core/Src/main.o
                0x20001b08                control_loop
 *fill*         0x20001b09        0x3 
 .bss.rx_buf    0x20001b0c       0x40 ./Core/Src/main.o
                0x20001b0c                rx_buf
 .bss.rx_byte   0x20001b4c        0x1 ./Core/Src/main.o
                0x20001b4c                rx_byte
 *fill*         0x20001b4d        0x3 
 .bss.rx_idx    0x20001b50        0x4 ./Core/Src/main.o
                0x20001b50                rx_idx
 .bss.callback_flag
                0x20001b54        0x1 ./Core/Src/main.o
                0x20001b54                callback_flag
 *fill*         0x20001b55        0x3 
 .bss.__sbrk_heap_end
                0x20001b58        0x4 ./Core/Src/sysmem.o
 .bss.uwTick    0x20001b5c        0x4 ./Drivers/STM32G4xx_HAL_Driver/Src/stm32g4xx_hal.o
                0x20001b5c                uwTick
 .bss.__malloc_sbrk_start
                0x20001b60        0x4 C:/ST/STM32CubeIDE_1.14.1/STM32CubeIDE/plugins/com.st.stm32cube.ide.mcu.externaltools.gnu-tools-for-stm32.13.3.rel1.win32_1.0.0.202411081344/tools/bin/../lib/gcc/arm-none-eabi/13.3.1/../../../../arm-none-eabi/lib/thumb/v7e-m+fp/hard\libc_nano.a(libc_a-mallocr.o)
                0x20001b60                __malloc_sbrk_start
 .bss.__malloc_free_list
                0x20001b64        0x4 C:/ST/STM32CubeIDE_1.14.1/STM32CubeIDE/plugins/com.st.stm32cube.ide.mcu.externaltools.gnu-tools-for-stm32.13.3.rel1.win32_1.0.0.202411081344/tools/bin/../lib/gcc/arm-none-eabi/13.3.1/../../../../arm-none-eabi/lib/thumb/v7e-m+fp/hard\libc_nano.a(libc_a-mallocr.o)
                0x20001b64                __malloc_free_list
 .bss.__sf      0x20001b68      0x138 C:/ST/STM32CubeIDE_1.14.1/STM32CubeIDE/plugins/com.st.stm32cube.ide.mcu.externaltools.gnu-tools-for-stm32.13.3.rel1.win32_1.0.0.202411081344/tools/bin/../lib/gcc/arm-none-eabi/13.3.1/../../../../arm-none-eabi/lib/thumb/v7e-m+fp/hard\libc_nano.a(libc_a-findfp.o)
                0x20001b68                __sf
 .bss.errno     0x20001ca0        0x4 C:/ST/STM32CubeIDE_1.14.1/STM32CubeIDE/plugins/com.st.stm32cube.ide.mcu.externaltools.gnu-tools-for-stm32.13.3.rel1.win32_1.0.0.202411081344/tools/bin/../lib/gcc/arm-none-eabi/13.3.1/../../../../arm-none-eabi/lib/thumb/v7e-m+fp/hard\libc_nano.a(libc_a-reent.o)
                0x20001ca0                errno
 .bss.__lock___malloc_recursive_mutex
                0x20001ca4        0x1 C:/ST/STM32CubeIDE_1.14.1/STM32CubeIDE/plugins/com.st.stm32cube.ide.mcu.externaltools.gnu-tools-for-stm32.13.3.rel1.win32_1.0.0.202411081344/tools/bin/../lib/gcc/arm-none-eabi/13.3.1/../../../../arm-none-eabi/lib/thumb/v7e-m+fp/hard\libc_nano.a(libc_a-lock.o)
                0x20001ca4                __lock___malloc_recursive_mutex
 *(COMMON)
                0x20001ca8                        . = ALIGN (0x4)
 *fill*         0x20001ca5        0x3 
                0x20001ca8                        _ebss = .
                0x20001ca8                        __bss_end__ = _ebss

._user_heap_stack
                0x20001ca8      0x600 load address 0x08009824
                0x20001ca8                        . = ALIGN (0x8)
                [!provide]                        PROVIDE (end = .)
                0x20001ca8                        PROVIDE (_end = .)
                0x20001ea8                        . = (. + _Min_Heap_Size)
 *fill*         0x20001ca8      0x200 
                0x200022a8                        . = (. + _Min_Stack_Size)
 *fill*         0x20001ea8      0x400 
                0x200022a8                        . = ALIGN (0x8)

/DISCARD/
 libc.a(*)
 libm.a(*)
 libgcc.a(*)

.ARM.attributes
                0x00000000       0x30
 *(.ARM.attributes)
 .ARM.attributes
                0x00000000       0x22 C:/ST/STM32CubeIDE_1.14.1/STM32CubeIDE/plugins/com.st.stm32cube.ide.mcu.externaltools.gnu-tools-for-stm32.13.3.rel1.win32_1.0.0.202411081344/tools/bin/../lib/gcc/arm-none-eabi/13.3.1/thumb/v7e-m+fp/hard/crti.o
 .ARM.attributes
                0x00000022       0x34 C:/ST/STM32CubeIDE_1.14.1/STM32CubeIDE/plugins/com.st.stm32cube.ide.mcu.externaltools.gnu-tools-for-stm32.13.3.rel1.win32_1.0.0.202411081344/tools/bin/../lib/gcc/arm-none-eabi/13.3.1/thumb/v7e-m+fp/hard/crtbegin.o
 .ARM.attributes
                0x00000056       0x34 ./Core/Src/Stepperv2.o
 .ARM.attributes
                0x0000008a       0x34 ./Core/Src/encoder.o
 .ARM.attributes
                0x000000be       0x34 ./Core/Src/main.o
 .ARM.attributes
                0x000000f2       0x34 ./Core/Src/motor_driver.o
 .ARM.attributes
                0x00000126       0x34 ./Core/Src/pid_controller.o
 .ARM.attributes
                0x0000015a       0x34 ./Core/Src/stm32g4xx_hal_msp.o
 .ARM.attributes
                0x0000018e       0x34 ./Core/Src/stm32g4xx_it.o
 .ARM.attributes
                0x000001c2       0x34 ./Core/Src/sysmem.o
 .ARM.attributes
                0x000001f6       0x34 ./Core/Src/system_stm32g4xx.o
 .ARM.attributes
                0x0000022a       0x21 ./Core/Startup/startup_stm32g491retx.o
 .ARM.attributes
                0x0000024b       0x34 ./Drivers/STM32G4xx_HAL_Driver/Src/stm32g4xx_hal.o
 .ARM.attributes
                0x0000027f       0x34 ./Drivers/STM32G4xx_HAL_Driver/Src/stm32g4xx_hal_cortex.o
 .ARM.attributes
                0x000002b3       0x34 ./Drivers/STM32G4xx_HAL_Driver/Src/stm32g4xx_hal_dma.o
 .ARM.attributes
                0x000002e7       0x34 ./Drivers/STM32G4xx_HAL_Driver/Src/stm32g4xx_hal_gpio.o
 .ARM.attributes
                0x0000031b       0x34 ./Drivers/STM32G4xx_HAL_Driver/Src/stm32g4xx_hal_pwr_ex.o
 .ARM.attributes
                0x0000034f       0x34 ./Drivers/STM32G4xx_HAL_Driver/Src/stm32g4xx_hal_rcc.o
 .ARM.attributes
                0x00000383       0x34 ./Drivers/STM32G4xx_HAL_Driver/Src/stm32g4xx_hal_rcc_ex.o
 .ARM.attributes
                0x000003b7       0x34 ./Drivers/STM32G4xx_HAL_Driver/Src/stm32g4xx_hal_tim.o
 .ARM.attributes
                0x000003eb       0x34 ./Drivers/STM32G4xx_HAL_Driver/Src/stm32g4xx_hal_tim_ex.o
 .ARM.attributes
                0x0000041f       0x34 ./Drivers/STM32G4xx_HAL_Driver/Src/stm32g4xx_hal_uart.o
 .ARM.attributes
                0x00000453       0x34 ./Drivers/STM32G4xx_HAL_Driver/Src/stm32g4xx_hal_uart_ex.o
 .ARM.attributes
                0x00000487       0x34 C:/ST/STM32CubeIDE_1.14.1/STM32CubeIDE/plugins/com.st.stm32cube.ide.mcu.externaltools.gnu-tools-for-stm32.13.3.rel1.win32_1.0.0.202411081344/tools/bin/../lib/gcc/arm-none-eabi/13.3.1/../../../../arm-none-eabi/lib/thumb/v7e-m+fp/hard\libc_nano.a(libc_a-malloc.o)
 .ARM.attributes
                0x000004bb       0x34 C:/ST/STM32CubeIDE_1.14.1/STM32CubeIDE/plugins/com.st.stm32cube.ide.mcu.externaltools.gnu-tools-for-stm32.13.3.rel1.win32_1.0.0.202411081344/tools/bin/../lib/gcc/arm-none-eabi/13.3.1/../../../../arm-none-eabi/lib/thumb/v7e-m+fp/hard\libc_nano.a(libc_a-mallocr.o)
 .ARM.attributes
                0x000004ef       0x34 C:/ST/STM32CubeIDE_1.14.1/STM32CubeIDE/plugins/com.st.stm32cube.ide.mcu.externaltools.gnu-tools-for-stm32.13.3.rel1.win32_1.0.0.202411081344/tools/bin/../lib/gcc/arm-none-eabi/13.3.1/../../../../arm-none-eabi/lib/thumb/v7e-m+fp/hard\libc_nano.a(libc_a-mlock.o)
 .ARM.attributes
                0x00000523       0x34 C:/ST/STM32CubeIDE_1.14.1/STM32CubeIDE/plugins/com.st.stm32cube.ide.mcu.externaltools.gnu-tools-for-stm32.13.3.rel1.win32_1.0.0.202411081344/tools/bin/../lib/gcc/arm-none-eabi/13.3.1/../../../../arm-none-eabi/lib/thumb/v7e-m+fp/hard\libc_nano.a(libc_a-ctype_.o)
 .ARM.attributes
                0x00000557       0x34 C:/ST/STM32CubeIDE_1.14.1/STM32CubeIDE/plugins/com.st.stm32cube.ide.mcu.externaltools.gnu-tools-for-stm32.13.3.rel1.win32_1.0.0.202411081344/tools/bin/../lib/gcc/arm-none-eabi/13.3.1/../../../../arm-none-eabi/lib/thumb/v7e-m+fp/hard\libc_nano.a(libc_a-findfp.o)
 .ARM.attributes
                0x0000058b       0x34 C:/ST/STM32CubeIDE_1.14.1/STM32CubeIDE/plugins/com.st.stm32cube.ide.mcu.externaltools.gnu-tools-for-stm32.13.3.rel1.win32_1.0.0.202411081344/tools/bin/../lib/gcc/arm-none-eabi/13.3.1/../../../../arm-none-eabi/lib/thumb/v7e-m+fp/hard\libc_nano.a(libc_a-memset.o)
 .ARM.attributes
                0x000005bf       0x34 C:/ST/STM32CubeIDE_1.14.1/STM32CubeIDE/plugins/com.st.stm32cube.ide.mcu.externaltools.gnu-tools-for-stm32.13.3.rel1.win32_1.0.0.202411081344/tools/bin/../lib/gcc/arm-none-eabi/13.3.1/../../../../arm-none-eabi/lib/thumb/v7e-m+fp/hard\libc_nano.a(libc_a-reent.o)
 .ARM.attributes
                0x000005f3       0x34 C:/ST/STM32CubeIDE_1.14.1/STM32CubeIDE/plugins/com.st.stm32cube.ide.mcu.externaltools.gnu-tools-for-stm32.13.3.rel1.win32_1.0.0.202411081344/tools/bin/../lib/gcc/arm-none-eabi/13.3.1/../../../../arm-none-eabi/lib/thumb/v7e-m+fp/hard\libc_nano.a(libc_a-impure.o)
 .ARM.attributes
                0x00000627       0x34 C:/ST/STM32CubeIDE_1.14.1/STM32CubeIDE/plugins/com.st.stm32cube.ide.mcu.externaltools.gnu-tools-for-stm32.13.3.rel1.win32_1.0.0.202411081344/tools/bin/../lib/gcc/arm-none-eabi/13.3.1/../../../../arm-none-eabi/lib/thumb/v7e-m+fp/hard\libc_nano.a(libc_a-sbrkr.o)
 .ARM.attributes
                0x0000065b       0x34 C:/ST/STM32CubeIDE_1.14.1/STM32CubeIDE/plugins/com.st.stm32cube.ide.mcu.externaltools.gnu-tools-for-stm32.13.3.rel1.win32_1.0.0.202411081344/tools/bin/../lib/gcc/arm-none-eabi/13.3.1/../../../../arm-none-eabi/lib/thumb/v7e-m+fp/hard\libc_nano.a(libc_a-errno.o)
 .ARM.attributes
                0x0000068f       0x34 C:/ST/STM32CubeIDE_1.14.1/STM32CubeIDE/plugins/com.st.stm32cube.ide.mcu.externaltools.gnu-tools-for-stm32.13.3.rel1.win32_1.0.0.202411081344/tools/bin/../lib/gcc/arm-none-eabi/13.3.1/../../../../arm-none-eabi/lib/thumb/v7e-m+fp/hard\libc_nano.a(libc_a-init.o)
 .ARM.attributes
                0x000006c3       0x34 C:/ST/STM32CubeIDE_1.14.1/STM32CubeIDE/plugins/com.st.stm32cube.ide.mcu.externaltools.gnu-tools-for-stm32.13.3.rel1.win32_1.0.0.202411081344/tools/bin/../lib/gcc/arm-none-eabi/13.3.1/../../../../arm-none-eabi/lib/thumb/v7e-m+fp/hard\libc_nano.a(libc_a-lock.o)
 .ARM.attributes
                0x000006f7       0x34 C:/ST/STM32CubeIDE_1.14.1/STM32CubeIDE/plugins/com.st.stm32cube.ide.mcu.externaltools.gnu-tools-for-stm32.13.3.rel1.win32_1.0.0.202411081344/tools/bin/../lib/gcc/arm-none-eabi/13.3.1/../../../../arm-none-eabi/lib/thumb/v7e-m+fp/hard\libm.a(libm_a-wf_exp.o)
 .ARM.attributes
                0x0000072b       0x34 C:/ST/STM32CubeIDE_1.14.1/STM32CubeIDE/plugins/com.st.stm32cube.ide.mcu.externaltools.gnu-tools-for-stm32.13.3.rel1.win32_1.0.0.202411081344/tools/bin/../lib/gcc/arm-none-eabi/13.3.1/../../../../arm-none-eabi/lib/thumb/v7e-m+fp/hard\libm.a(libm_a-wf_fmod.o)
 .ARM.attributes
                0x0000075f       0x34 C:/ST/STM32CubeIDE_1.14.1/STM32CubeIDE/plugins/com.st.stm32cube.ide.mcu.externaltools.gnu-tools-for-stm32.13.3.rel1.win32_1.0.0.202411081344/tools/bin/../lib/gcc/arm-none-eabi/13.3.1/../../../../arm-none-eabi/lib/thumb/v7e-m+fp/hard\libm.a(libm_a-sf_tanh.o)
 .ARM.attributes
                0x00000793       0x34 C:/ST/STM32CubeIDE_1.14.1/STM32CubeIDE/plugins/com.st.stm32cube.ide.mcu.externaltools.gnu-tools-for-stm32.13.3.rel1.win32_1.0.0.202411081344/tools/bin/../lib/gcc/arm-none-eabi/13.3.1/../../../../arm-none-eabi/lib/thumb/v7e-m+fp/hard\libm.a(libm_a-sf_finite.o)
 .ARM.attributes
                0x000007c7       0x34 C:/ST/STM32CubeIDE_1.14.1/STM32CubeIDE/plugins/com.st.stm32cube.ide.mcu.externaltools.gnu-tools-for-stm32.13.3.rel1.win32_1.0.0.202411081344/tools/bin/../lib/gcc/arm-none-eabi/13.3.1/../../../../arm-none-eabi/lib/thumb/v7e-m+fp/hard\libm.a(libm_a-sf_expm1.o)
 .ARM.attributes
                0x000007fb       0x34 C:/ST/STM32CubeIDE_1.14.1/STM32CubeIDE/plugins/com.st.stm32cube.ide.mcu.externaltools.gnu-tools-for-stm32.13.3.rel1.win32_1.0.0.202411081344/tools/bin/../lib/gcc/arm-none-eabi/13.3.1/../../../../arm-none-eabi/lib/thumb/v7e-m+fp/hard\libm.a(libm_a-math_errf.o)
 .ARM.attributes
                0x0000082f       0x34 C:/ST/STM32CubeIDE_1.14.1/STM32CubeIDE/plugins/com.st.stm32cube.ide.mcu.externaltools.gnu-tools-for-stm32.13.3.rel1.win32_1.0.0.202411081344/tools/bin/../lib/gcc/arm-none-eabi/13.3.1/../../../../arm-none-eabi/lib/thumb/v7e-m+fp/hard\libm.a(libm_a-ef_exp.o)
 .ARM.attributes
                0x00000863       0x34 C:/ST/STM32CubeIDE_1.14.1/STM32CubeIDE/plugins/com.st.stm32cube.ide.mcu.externaltools.gnu-tools-for-stm32.13.3.rel1.win32_1.0.0.202411081344/tools/bin/../lib/gcc/arm-none-eabi/13.3.1/../../../../arm-none-eabi/lib/thumb/v7e-m+fp/hard\libm.a(libm_a-ef_fmod.o)
 .ARM.attributes
                0x00000897       0x34 C:/ST/STM32CubeIDE_1.14.1/STM32CubeIDE/plugins/com.st.stm32cube.ide.mcu.externaltools.gnu-tools-for-stm32.13.3.rel1.win32_1.0.0.202411081344/tools/bin/../lib/gcc/arm-none-eabi/13.3.1/../../../../arm-none-eabi/lib/thumb/v7e-m+fp/hard\libm.a(libm_a-sf_fabs.o)
 .ARM.attributes
                0x000008cb       0x22 C:/ST/STM32CubeIDE_1.14.1/STM32CubeIDE/plugins/com.st.stm32cube.ide.mcu.externaltools.gnu-tools-for-stm32.13.3.rel1.win32_1.0.0.202411081344/tools/bin/../lib/gcc/arm-none-eabi/13.3.1/thumb/v7e-m+fp/hard\libgcc.a(_aeabi_uldivmod.o)
 .ARM.attributes
                0x000008ed       0x34 C:/ST/STM32CubeIDE_1.14.1/STM32CubeIDE/plugins/com.st.stm32cube.ide.mcu.externaltools.gnu-tools-for-stm32.13.3.rel1.win32_1.0.0.202411081344/tools/bin/../lib/gcc/arm-none-eabi/13.3.1/thumb/v7e-m+fp/hard\libgcc.a(_udivmoddi4.o)
 .ARM.attributes
                0x00000921       0x22 C:/ST/STM32CubeIDE_1.14.1/STM32CubeIDE/plugins/com.st.stm32cube.ide.mcu.externaltools.gnu-tools-for-stm32.13.3.rel1.win32_1.0.0.202411081344/tools/bin/../lib/gcc/arm-none-eabi/13.3.1/thumb/v7e-m+fp/hard\libgcc.a(_dvmd_tls.o)
 .ARM.attributes
                0x00000943       0x22 C:/ST/STM32CubeIDE_1.14.1/STM32CubeIDE/plugins/com.st.stm32cube.ide.mcu.externaltools.gnu-tools-for-stm32.13.3.rel1.win32_1.0.0.202411081344/tools/bin/../lib/gcc/arm-none-eabi/13.3.1/thumb/v7e-m+fp/hard/crtn.o
OUTPUT(Alyx_Stack.elf elf32-littlearm)
LOAD linker stubs
LOAD C:/ST/STM32CubeIDE_1.14.1/STM32CubeIDE/plugins/com.st.stm32cube.ide.mcu.externaltools.gnu-tools-for-stm32.13.3.rel1.win32_1.0.0.202411081344/tools/bin/../lib/gcc/arm-none-eabi/13.3.1/../../../../arm-none-eabi/lib/thumb/v7e-m+fp/hard\libc.a
LOAD C:/ST/STM32CubeIDE_1.14.1/STM32CubeIDE/plugins/com.st.stm32cube.ide.mcu.externaltools.gnu-tools-for-stm32.13.3.rel1.win32_1.0.0.202411081344/tools/bin/../lib/gcc/arm-none-eabi/13.3.1/../../../../arm-none-eabi/lib/thumb/v7e-m+fp/hard\libm.a
LOAD C:/ST/STM32CubeIDE_1.14.1/STM32CubeIDE/plugins/com.st.stm32cube.ide.mcu.externaltools.gnu-tools-for-stm32.13.3.rel1.win32_1.0.0.202411081344/tools/bin/../lib/gcc/arm-none-eabi/13.3.1/thumb/v7e-m+fp/hard\libgcc.a

.debug_info     0x00000000    0x16d20
 .debug_info    0x00000000     0x1219 ./Core/Src/Stepperv2.o
 .debug_info    0x00001219      0xc19 ./Core/Src/encoder.o
 .debug_info    0x00001e32     0x264b ./Core/Src/main.o
 .debug_info    0x0000447d      0xd80 ./Core/Src/motor_driver.o
 .debug_info    0x000051fd      0x405 ./Core/Src/pid_controller.o
 .debug_info    0x00005602     0x17b2 ./Core/Src/stm32g4xx_hal_msp.o
 .debug_info    0x00006db4      0xcf2 ./Core/Src/stm32g4xx_it.o
 .debug_info    0x00007aa6      0x168 ./Core/Src/sysmem.o
 .debug_info    0x00007c0e      0x58e ./Core/Src/system_stm32g4xx.o
 .debug_info    0x0000819c       0x30 ./Core/Startup/startup_stm32g491retx.o
 .debug_info    0x000081cc      0xb29 ./Drivers/STM32G4xx_HAL_Driver/Src/stm32g4xx_hal.o
 .debug_info    0x00008cf5      0xd8d ./Drivers/STM32G4xx_HAL_Driver/Src/stm32g4xx_hal_cortex.o
 .debug_info    0x00009a82      0x85f ./Drivers/STM32G4xx_HAL_Driver/Src/stm32g4xx_hal_dma.o
 .debug_info    0x0000a2e1      0x763 ./Drivers/STM32G4xx_HAL_Driver/Src/stm32g4xx_hal_gpio.o
 .debug_info    0x0000aa44      0x93f ./Drivers/STM32G4xx_HAL_Driver/Src/stm32g4xx_hal_pwr_ex.o
 .debug_info    0x0000b383      0xb82 ./Drivers/STM32G4xx_HAL_Driver/Src/stm32g4xx_hal_rcc.o
 .debug_info    0x0000bf05      0xc39 ./Drivers/STM32G4xx_HAL_Driver/Src/stm32g4xx_hal_rcc_ex.o
 .debug_info    0x0000cb3e     0x2c52 ./Drivers/STM32G4xx_HAL_Driver/Src/stm32g4xx_hal_tim.o
 .debug_info    0x0000f790     0x1d95 ./Drivers/STM32G4xx_HAL_Driver/Src/stm32g4xx_hal_tim_ex.o
 .debug_info    0x00011525     0x481e ./Drivers/STM32G4xx_HAL_Driver/Src/stm32g4xx_hal_uart.o
 .debug_info    0x00015d43      0xfdd ./Drivers/STM32G4xx_HAL_Driver/Src/stm32g4xx_hal_uart_ex.o

.debug_abbrev   0x00000000     0x2f9d
 .debug_abbrev  0x00000000      0x2e4 ./Core/Src/Stepperv2.o
 .debug_abbrev  0x000002e4      0x2a0 ./Core/Src/encoder.o
 .debug_abbrev  0x00000584      0x401 ./Core/Src/main.o
 .debug_abbrev  0x00000985      0x2b1 ./Core/Src/motor_driver.o
 .debug_abbrev  0x00000c36      0x14c ./Core/Src/pid_controller.o
 .debug_abbrev  0x00000d82      0x272 ./Core/Src/stm32g4xx_hal_msp.o
 .debug_abbrev  0x00000ff4      0x1e6 ./Core/Src/stm32g4xx_it.o
 .debug_abbrev  0x000011da       0xbc ./Core/Src/sysmem.o
 .debug_abbrev  0x00001296      0x11a ./Core/Src/system_stm32g4xx.o
 .debug_abbrev  0x000013b0       0x24 ./Core/Startup/startup_stm32g491retx.o
 .debug_abbrev  0x000013d4      0x271 ./Drivers/STM32G4xx_HAL_Driver/Src/stm32g4xx_hal.o
 .debug_abbrev  0x00001645      0x31c ./Drivers/STM32G4xx_HAL_Driver/Src/stm32g4xx_hal_cortex.o
 .debug_abbrev  0x00001961      0x1e2 ./Drivers/STM32G4xx_HAL_Driver/Src/stm32g4xx_hal_dma.o
 .debug_abbrev  0x00001b43      0x1cb ./Drivers/STM32G4xx_HAL_Driver/Src/stm32g4xx_hal_gpio.o
 .debug_abbrev  0x00001d0e      0x22c ./Drivers/STM32G4xx_HAL_Driver/Src/stm32g4xx_hal_pwr_ex.o
 .debug_abbrev  0x00001f3a      0x2c9 ./Drivers/STM32G4xx_HAL_Driver/Src/stm32g4xx_hal_rcc.o
 .debug_abbrev  0x00002203      0x258 ./Drivers/STM32G4xx_HAL_Driver/Src/stm32g4xx_hal_rcc_ex.o
 .debug_abbrev  0x0000245b      0x2a7 ./Drivers/STM32G4xx_HAL_Driver/Src/stm32g4xx_hal_tim.o
 .debug_abbrev  0x00002702      0x2c5 ./Drivers/STM32G4xx_HAL_Driver/Src/stm32g4xx_hal_tim_ex.o
 .debug_abbrev  0x000029c7      0x304 ./Drivers/STM32G4xx_HAL_Driver/Src/stm32g4xx_hal_uart.o
 .debug_abbrev  0x00002ccb      0x2d2 ./Drivers/STM32G4xx_HAL_Driver/Src/stm32g4xx_hal_uart_ex.o

.debug_aranges  0x00000000     0x12b8
 .debug_aranges
                0x00000000       0x98 ./Core/Src/Stepperv2.o
 .debug_aranges
                0x00000098       0x60 ./Core/Src/encoder.o
 .debug_aranges
                0x000000f8       0xd0 ./Core/Src/main.o
 .debug_aranges
                0x000001c8       0x38 ./Core/Src/motor_driver.o
 .debug_aranges
                0x00000200       0x58 ./Core/Src/pid_controller.o
 .debug_aranges
                0x00000258       0x68 ./Core/Src/stm32g4xx_hal_msp.o
 .debug_aranges
                0x000002c0       0x98 ./Core/Src/stm32g4xx_it.o
 .debug_aranges
                0x00000358       0x20 ./Core/Src/sysmem.o
 .debug_aranges
                0x00000378       0x28 ./Core/Src/system_stm32g4xx.o
 .debug_aranges
                0x000003a0       0x28 ./Core/Startup/startup_stm32g491retx.o
 .debug_aranges
                0x000003c8      0x148 ./Drivers/STM32G4xx_HAL_Driver/Src/stm32g4xx_hal.o
 .debug_aranges
                0x00000510      0x128 ./Drivers/STM32G4xx_HAL_Driver/Src/stm32g4xx_hal_cortex.o
 .debug_aranges
                0x00000638       0x90 ./Drivers/STM32G4xx_HAL_Driver/Src/stm32g4xx_hal_dma.o
 .debug_aranges
                0x000006c8       0x58 ./Drivers/STM32G4xx_HAL_Driver/Src/stm32g4xx_hal_gpio.o
 .debug_aranges
                0x00000720      0x140 ./Drivers/STM32G4xx_HAL_Driver/Src/stm32g4xx_hal_pwr_ex.o
 .debug_aranges
                0x00000860       0x98 ./Drivers/STM32G4xx_HAL_Driver/Src/stm32g4xx_hal_rcc.o
 .debug_aranges
                0x000008f8       0xb0 ./Drivers/STM32G4xx_HAL_Driver/Src/stm32g4xx_hal_rcc_ex.o
 .debug_aranges
                0x000009a8      0x3e0 ./Drivers/STM32G4xx_HAL_Driver/Src/stm32g4xx_hal_tim.o
 .debug_aranges
                0x00000d88      0x240 ./Drivers/STM32G4xx_HAL_Driver/Src/stm32g4xx_hal_tim_ex.o
 .debug_aranges
                0x00000fc8      0x248 ./Drivers/STM32G4xx_HAL_Driver/Src/stm32g4xx_hal_uart.o
 .debug_aranges
                0x00001210       0xa8 ./Drivers/STM32G4xx_HAL_Driver/Src/stm32g4xx_hal_uart_ex.o

.debug_rnglists
                0x00000000      0xed1
 .debug_rnglists
                0x00000000       0x74 ./Core/Src/Stepperv2.o
 .debug_rnglists
                0x00000074       0x48 ./Core/Src/encoder.o
 .debug_rnglists
                0x000000bc       0xa7 ./Core/Src/main.o
 .debug_rnglists
                0x00000163       0x57 ./Core/Src/motor_driver.o
 .debug_rnglists
                0x000001ba       0x3f ./Core/Src/pid_controller.o
 .debug_rnglists
                0x000001f9       0x51 ./Core/Src/stm32g4xx_hal_msp.o
 .debug_rnglists
                0x0000024a       0x6d ./Core/Src/stm32g4xx_it.o
 .debug_rnglists
                0x000002b7       0x13 ./Core/Src/sysmem.o
 .debug_rnglists
                0x000002ca       0x1a ./Core/Src/system_stm32g4xx.o
 .debug_rnglists
                0x000002e4       0x19 ./Core/Startup/startup_stm32g491retx.o
 .debug_rnglists
                0x000002fd       0xf1 ./Drivers/STM32G4xx_HAL_Driver/Src/stm32g4xx_hal.o
 .debug_rnglists
                0x000003ee       0xda ./Drivers/STM32G4xx_HAL_Driver/Src/stm32g4xx_hal_cortex.o
 .debug_rnglists
                0x000004c8       0x71 ./Drivers/STM32G4xx_HAL_Driver/Src/stm32g4xx_hal_dma.o
 .debug_rnglists
                0x00000539       0x3f ./Drivers/STM32G4xx_HAL_Driver/Src/stm32g4xx_hal_gpio.o
 .debug_rnglists
                0x00000578       0xf1 ./Drivers/STM32G4xx_HAL_Driver/Src/stm32g4xx_hal_pwr_ex.o
 .debug_rnglists
                0x00000669       0x74 ./Drivers/STM32G4xx_HAL_Driver/Src/stm32g4xx_hal_rcc.o
 .debug_rnglists
                0x000006dd       0x87 ./Drivers/STM32G4xx_HAL_Driver/Src/stm32g4xx_hal_rcc_ex.o
 .debug_rnglists
                0x00000764      0x328 ./Drivers/STM32G4xx_HAL_Driver/Src/stm32g4xx_hal_tim.o
 .debug_rnglists
                0x00000a8c      0x1cc ./Drivers/STM32G4xx_HAL_Driver/Src/stm32g4xx_hal_tim_ex.o
 .debug_rnglists
                0x00000c58      0x1fa ./Drivers/STM32G4xx_HAL_Driver/Src/stm32g4xx_hal_uart.o
 .debug_rnglists
                0x00000e52       0x7f ./Drivers/STM32G4xx_HAL_Driver/Src/stm32g4xx_hal_uart_ex.o

.debug_macro    0x00000000    0x206b6
 .debug_macro   0x00000000      0x28c ./Core/Src/Stepperv2.o
 .debug_macro   0x0000028c      0xad8 ./Core/Src/Stepperv2.o
 .debug_macro   0x00000d64      0x15b ./Core/Src/Stepperv2.o
 .debug_macro   0x00000ebf       0x2e ./Core/Src/Stepperv2.o
 .debug_macro   0x00000eed       0x28 ./Core/Src/Stepperv2.o
 .debug_macro   0x00000f15       0x22 ./Core/Src/Stepperv2.o
 .debug_macro   0x00000f37       0x8e ./Core/Src/Stepperv2.o
 .debug_macro   0x00000fc5       0x51 ./Core/Src/Stepperv2.o
 .debug_macro   0x00001016      0x103 ./Core/Src/Stepperv2.o
 .debug_macro   0x00001119       0x6a ./Core/Src/Stepperv2.o
 .debug_macro   0x00001183      0x1df ./Core/Src/Stepperv2.o
 .debug_macro   0x00001362       0x1c ./Core/Src/Stepperv2.o
 .debug_macro   0x0000137e       0x22 ./Core/Src/Stepperv2.o
 .debug_macro   0x000013a0       0xfb ./Core/Src/Stepperv2.o
 .debug_macro   0x0000149b     0x1011 ./Core/Src/Stepperv2.o
 .debug_macro   0x000024ac      0x11f ./Core/Src/Stepperv2.o
 .debug_macro   0x000025cb    0x11e7f ./Core/Src/Stepperv2.o
 .debug_macro   0x0001444a       0x6d ./Core/Src/Stepperv2.o
 .debug_macro   0x000144b7     0x3558 ./Core/Src/Stepperv2.o
 .debug_macro   0x00017a0f      0x190 ./Core/Src/Stepperv2.o
 .debug_macro   0x00017b9f       0x5c ./Core/Src/Stepperv2.o
 .debug_macro   0x00017bfb     0x1535 ./Core/Src/Stepperv2.o
 .debug_macro   0x00019130      0x5cf ./Core/Src/Stepperv2.o
 .debug_macro   0x000196ff      0x1b6 ./Core/Src/Stepperv2.o
 .debug_macro   0x000198b5      0x2d0 ./Core/Src/Stepperv2.o
 .debug_macro   0x00019b85      0x4a2 ./Core/Src/Stepperv2.o
 .debug_macro   0x0001a027      0x18b ./Core/Src/Stepperv2.o
 .debug_macro   0x0001a1b2       0x43 ./Core/Src/Stepperv2.o
 .debug_macro   0x0001a1f5      0x23d ./Core/Src/Stepperv2.o
 .debug_macro   0x0001a432      0x211 ./Core/Src/Stepperv2.o
 .debug_macro   0x0001a643      0x416 ./Core/Src/Stepperv2.o
 .debug_macro   0x0001aa59      0x10e ./Core/Src/Stepperv2.o
 .debug_macro   0x0001ab67      0x122 ./Core/Src/Stepperv2.o
 .debug_macro   0x0001ac89      0x3d1 ./Core/Src/Stepperv2.o
 .debug_macro   0x0001b05a      0xbe8 ./Core/Src/Stepperv2.o
 .debug_macro   0x0001bc42      0x4ee ./Core/Src/Stepperv2.o
 .debug_macro   0x0001c130      0x693 ./Core/Src/Stepperv2.o
 .debug_macro   0x0001c7c3       0xa6 ./Core/Src/Stepperv2.o
 .debug_macro   0x0001c869      0x321 ./Core/Src/Stepperv2.o
 .debug_macro   0x0001cb8a       0x61 ./Core/Src/Stepperv2.o
 .debug_macro   0x0001cbeb       0x2a ./Core/Src/Stepperv2.o
 .debug_macro   0x0001cc15       0x43 ./Core/Src/Stepperv2.o
 .debug_macro   0x0001cc58       0x34 ./Core/Src/Stepperv2.o
 .debug_macro   0x0001cc8c      0x370 ./Core/Src/Stepperv2.o
 .debug_macro   0x0001cffc       0x16 ./Core/Src/Stepperv2.o
 .debug_macro   0x0001d012       0x4a ./Core/Src/Stepperv2.o
 .debug_macro   0x0001d05c       0x34 ./Core/Src/Stepperv2.o
 .debug_macro   0x0001d090       0x10 ./Core/Src/Stepperv2.o
 .debug_macro   0x0001d0a0       0x58 ./Core/Src/Stepperv2.o
 .debug_macro   0x0001d0f8       0x8e ./Core/Src/Stepperv2.o
 .debug_macro   0x0001d186       0x1c ./Core/Src/Stepperv2.o
 .debug_macro   0x0001d1a2      0x185 ./Core/Src/Stepperv2.o
 .debug_macro   0x0001d327      0x19b ./Core/Src/Stepperv2.o
 .debug_macro   0x0001d4c2      0x198 ./Core/Src/Stepperv2.o
 .debug_macro   0x0001d65a      0x2bb ./Core/Src/encoder.o
 .debug_macro   0x0001d915       0x16 ./Core/Src/encoder.o
 .debug_macro   0x0001d92b       0x3c ./Core/Src/encoder.o
 .debug_macro   0x0001d967       0x16 ./Core/Src/encoder.o
 .debug_macro   0x0001d97d       0x29 ./Core/Src/encoder.o
 .debug_macro   0x0001d9a6      0x394 ./Core/Src/main.o
 .debug_macro   0x0001dd3a      0x192 ./Core/Src/main.o
 .debug_macro   0x0001decc       0x22 ./Core/Src/main.o
 .debug_macro   0x0001deee       0x10 ./Core/Src/main.o
 .debug_macro   0x0001defe       0x20 ./Core/Src/main.o
 .debug_macro   0x0001df1e       0x1c ./Core/Src/main.o
 .debug_macro   0x0001df3a       0x10 ./Core/Src/main.o
 .debug_macro   0x0001df4a       0x1c ./Core/Src/main.o
 .debug_macro   0x0001df66       0x16 ./Core/Src/main.o
 .debug_macro   0x0001df7c      0x146 ./Core/Src/main.o
 .debug_macro   0x0001e0c2      0x11f ./Core/Src/main.o
 .debug_macro   0x0001e1e1      0x321 ./Core/Src/motor_driver.o
 .debug_macro   0x0001e502      0x119 ./Core/Src/motor_driver.o
 .debug_macro   0x0001e61b       0x16 ./Core/Src/motor_driver.o
 .debug_macro   0x0001e631      0x29b ./Core/Src/pid_controller.o
 .debug_macro   0x0001e8cc      0x1dd ./Core/Src/stm32g4xx_hal_msp.o
 .debug_macro   0x0001eaa9      0x1e7 ./Core/Src/stm32g4xx_it.o
 .debug_macro   0x0001ec90      0x112 ./Core/Src/sysmem.o
 .debug_macro   0x0001eda2      0x23c ./Core/Src/sysmem.o
 .debug_macro   0x0001efde      0x1ce ./Core/Src/system_stm32g4xx.o
 .debug_macro   0x0001f1ac      0x21c ./Drivers/STM32G4xx_HAL_Driver/Src/stm32g4xx_hal.o
 .debug_macro   0x0001f3c8      0x1ce ./Drivers/STM32G4xx_HAL_Driver/Src/stm32g4xx_hal_cortex.o
 .debug_macro   0x0001f596      0x1ce ./Drivers/STM32G4xx_HAL_Driver/Src/stm32g4xx_hal_dma.o
 .debug_macro   0x0001f764      0x1d5 ./Drivers/STM32G4xx_HAL_Driver/Src/stm32g4xx_hal_gpio.o
 .debug_macro   0x0001f939      0x1f8 ./Drivers/STM32G4xx_HAL_Driver/Src/stm32g4xx_hal_pwr_ex.o
 .debug_macro   0x0001fb31      0x210 ./Drivers/STM32G4xx_HAL_Driver/Src/stm32g4xx_hal_rcc.o
 .debug_macro   0x0001fd41      0x1f8 ./Drivers/STM32G4xx_HAL_Driver/Src/stm32g4xx_hal_rcc_ex.o
 .debug_macro   0x0001ff39      0x1d6 ./Drivers/STM32G4xx_HAL_Driver/Src/stm32g4xx_hal_tim.o
 .debug_macro   0x0002010f      0x1d4 ./Drivers/STM32G4xx_HAL_Driver/Src/stm32g4xx_hal_tim_ex.o
 .debug_macro   0x000202e3      0x1f9 ./Drivers/STM32G4xx_HAL_Driver/Src/stm32g4xx_hal_uart.o
 .debug_macro   0x000204dc      0x1da ./Drivers/STM32G4xx_HAL_Driver/Src/stm32g4xx_hal_uart_ex.o

.debug_line     0x00000000    0x169cb
 .debug_line    0x00000000      0xd29 ./Core/Src/Stepperv2.o
 .debug_line    0x00000d29      0xb6e ./Core/Src/encoder.o
 .debug_line    0x00001897     0x1420 ./Core/Src/main.o
 .debug_line    0x00002cb7      0xb89 ./Core/Src/motor_driver.o
 .debug_line    0x00003840      0xb1e ./Core/Src/pid_controller.o
 .debug_line    0x0000435e      0xb01 ./Core/Src/stm32g4xx_hal_msp.o
 .debug_line    0x00004e5f      0x8bb ./Core/Src/stm32g4xx_it.o
 .debug_line    0x0000571a      0x588 ./Core/Src/sysmem.o
 .debug_line    0x00005ca2      0x7ce ./Core/Src/system_stm32g4xx.o
 .debug_line    0x00006470       0x7b ./Core/Startup/startup_stm32g491retx.o
 .debug_line    0x000064eb      0xb9a ./Drivers/STM32G4xx_HAL_Driver/Src/stm32g4xx_hal.o
 .debug_line    0x00007085      0xcff ./Drivers/STM32G4xx_HAL_Driver/Src/stm32g4xx_hal_cortex.o
 .debug_line    0x00007d84      0xe99 ./Drivers/STM32G4xx_HAL_Driver/Src/stm32g4xx_hal_dma.o
 .debug_line    0x00008c1d      0xb73 ./Drivers/STM32G4xx_HAL_Driver/Src/stm32g4xx_hal_gpio.o
 .debug_line    0x00009790      0xcf9 ./Drivers/STM32G4xx_HAL_Driver/Src/stm32g4xx_hal_pwr_ex.o
 .debug_line    0x0000a489     0x101d ./Drivers/STM32G4xx_HAL_Driver/Src/stm32g4xx_hal_rcc.o
 .debug_line    0x0000b4a6     0x1253 ./Drivers/STM32G4xx_HAL_Driver/Src/stm32g4xx_hal_rcc_ex.o
 .debug_line    0x0000c6f9     0x3fe9 ./Drivers/STM32G4xx_HAL_Driver/Src/stm32g4xx_hal_tim.o
 .debug_line    0x000106e2     0x2032 ./Drivers/STM32G4xx_HAL_Driver/Src/stm32g4xx_hal_tim_ex.o
 .debug_line    0x00012714     0x35e8 ./Drivers/STM32G4xx_HAL_Driver/Src/stm32g4xx_hal_uart.o
 .debug_line    0x00015cfc      0xccf ./Drivers/STM32G4xx_HAL_Driver/Src/stm32g4xx_hal_uart_ex.o

.debug_str      0x00000000    0xcfa97
 .debug_str     0x00000000    0xcfa97 ./Core/Src/Stepperv2.o
                              0xc9274 (size before relaxing)
 .debug_str     0x000cfa97    0xc8a28 ./Core/Src/encoder.o
 .debug_str     0x000cfa97    0xcb08d ./Core/Src/main.o
 .debug_str     0x000cfa97    0xc947c ./Core/Src/motor_driver.o
 .debug_str     0x000cfa97    0xc8984 ./Core/Src/pid_controller.o
 .debug_str     0x000cfa97    0xc60c9 ./Core/Src/stm32g4xx_hal_msp.o
 .debug_str     0x000cfa97    0xc5805 ./Core/Src/stm32g4xx_it.o
 .debug_str     0x000cfa97     0x776d ./Core/Src/sysmem.o
 .debug_str     0x000cfa97    0xc49fa ./Core/Src/system_stm32g4xx.o
 .debug_str     0x000cfa97       0x6f ./Core/Startup/startup_stm32g491retx.o
 .debug_str     0x000cfa97    0xc5605 ./Drivers/STM32G4xx_HAL_Driver/Src/stm32g4xx_hal.o
 .debug_str     0x000cfa97    0xc52c1 ./Drivers/STM32G4xx_HAL_Driver/Src/stm32g4xx_hal_cortex.o
 .debug_str     0x000cfa97    0xc4dd4 ./Drivers/STM32G4xx_HAL_Driver/Src/stm32g4xx_hal_dma.o
 .debug_str     0x000cfa97    0xc4b85 ./Drivers/STM32G4xx_HAL_Driver/Src/stm32g4xx_hal_gpio.o
 .debug_str     0x000cfa97    0xc4ee8 ./Drivers/STM32G4xx_HAL_Driver/Src/stm32g4xx_hal_pwr_ex.o
 .debug_str     0x000cfa97    0xc50f3 ./Drivers/STM32G4xx_HAL_Driver/Src/stm32g4xx_hal_rcc.o
 .debug_str     0x000cfa97    0xc5130 ./Drivers/STM32G4xx_HAL_Driver/Src/stm32g4xx_hal_rcc_ex.o
 .debug_str     0x000cfa97    0xc5ef8 ./Drivers/STM32G4xx_HAL_Driver/Src/stm32g4xx_hal_tim.o
 .debug_str     0x000cfa97    0xc5b6c ./Drivers/STM32G4xx_HAL_Driver/Src/stm32g4xx_hal_tim_ex.o
 .debug_str     0x000cfa97    0xc59b5 ./Drivers/STM32G4xx_HAL_Driver/Src/stm32g4xx_hal_uart.o
 .debug_str     0x000cfa97    0xc51b3 ./Drivers/STM32G4xx_HAL_Driver/Src/stm32g4xx_hal_uart_ex.o

.comment        0x00000000       0x43
 .comment       0x00000000       0x43 ./Core/Src/Stepperv2.o
                                 0x44 (size before relaxing)
 .comment       0x00000043       0x44 ./Core/Src/encoder.o
 .comment       0x00000043       0x44 ./Core/Src/main.o
 .comment       0x00000043       0x44 ./Core/Src/motor_driver.o
 .comment       0x00000043       0x44 ./Core/Src/pid_controller.o
 .comment       0x00000043       0x44 ./Core/Src/stm32g4xx_hal_msp.o
 .comment       0x00000043       0x44 ./Core/Src/stm32g4xx_it.o
 .comment       0x00000043       0x44 ./Core/Src/sysmem.o
 .comment       0x00000043       0x44 ./Core/Src/system_stm32g4xx.o
 .comment       0x00000043       0x44 ./Drivers/STM32G4xx_HAL_Driver/Src/stm32g4xx_hal.o
 .comment       0x00000043       0x44 ./Drivers/STM32G4xx_HAL_Driver/Src/stm32g4xx_hal_cortex.o
 .comment       0x00000043       0x44 ./Drivers/STM32G4xx_HAL_Driver/Src/stm32g4xx_hal_dma.o
 .comment       0x00000043       0x44 ./Drivers/STM32G4xx_HAL_Driver/Src/stm32g4xx_hal_gpio.o
 .comment       0x00000043       0x44 ./Drivers/STM32G4xx_HAL_Driver/Src/stm32g4xx_hal_pwr_ex.o
 .comment       0x00000043       0x44 ./Drivers/STM32G4xx_HAL_Driver/Src/stm32g4xx_hal_rcc.o
 .comment       0x00000043       0x44 ./Drivers/STM32G4xx_HAL_Driver/Src/stm32g4xx_hal_rcc_ex.o
 .comment       0x00000043       0x44 ./Drivers/STM32G4xx_HAL_Driver/Src/stm32g4xx_hal_tim.o
 .comment       0x00000043       0x44 ./Drivers/STM32G4xx_HAL_Driver/Src/stm32g4xx_hal_tim_ex.o
 .comment       0x00000043       0x44 ./Drivers/STM32G4xx_HAL_Driver/Src/stm32g4xx_hal_uart.o
 .comment       0x00000043       0x44 ./Drivers/STM32G4xx_HAL_Driver/Src/stm32g4xx_hal_uart_ex.o

.debug_frame    0x00000000     0x53c0
 .debug_frame   0x00000000      0x268 ./Core/Src/Stepperv2.o
 .debug_frame   0x00000268      0x164 ./Core/Src/encoder.o
 .debug_frame   0x000003cc      0x33c ./Core/Src/main.o
 .debug_frame   0x00000708       0xa8 ./Core/Src/motor_driver.o