Archive member included to satisfy reference by file (symbol)

C:/ST/STM32CubeIDE_1.14.1/STM32CubeIDE/plugins/com.st.stm32cube.ide.mcu.externaltools.gnu-tools-for-stm32.13.3.rel1.win32_1.0.0.202411081344/tools/bin/../lib/gcc/arm-none-eabi/13.3.1/../../../../arm-none-eabi/lib/thumb/v7e-m+fp/hard\libc_nano.a(libc_a-exit.o)
                              C:/ST/STM32CubeIDE_1.14.1/STM32CubeIDE/plugins/com.st.stm32cube.ide.mcu.externaltools.gnu-tools-for-stm32.13.3.rel1.win32_1.0.0.202411081344/tools/bin/../lib/gcc/arm-none-eabi/13.3.1/../../../../arm-none-eabi/lib/thumb/v7e-m+fp/hard/crt0.o (exit)
C:/ST/STM32CubeIDE_1.14.1/STM32CubeIDE/plugins/com.st.stm32cube.ide.mcu.externaltools.gnu-tools-for-stm32.13.3.rel1.win32_1.0.0.202411081344/tools/bin/../lib/gcc/arm-none-eabi/13.3.1/../../../../arm-none-eabi/lib/thumb/v7e-m+fp/hard\libc_nano.a(libc_a-malloc.o)
                              ./Core/Src/encoder.o (malloc)
C:/ST/STM32CubeIDE_1.14.1/STM32CubeIDE/plugins/com.st.stm32cube.ide.mcu.externaltools.gnu-tools-for-stm32.13.3.rel1.win32_1.0.0.202411081344/tools/bin/../lib/gcc/arm-none-eabi/13.3.1/../../../../arm-none-eabi/lib/thumb/v7e-m+fp/hard\libc_nano.a(libc_a-mallocr.o)
                              C:/ST/STM32CubeIDE_1.14.1/STM32CubeIDE/plugins/com.st.stm32cube.ide.mcu.externaltools.gnu-tools-for-stm32.13.3.rel1.win32_1.0.0.202411081344/tools/bin/../lib/gcc/arm-none-eabi/13.3.1/../../../../arm-none-eabi/lib/thumb/v7e-m+fp/hard\libc_nano.a(libc_a-malloc.o) (_malloc_r)
C:/ST/STM32CubeIDE_1.14.1/STM32CubeIDE/plugins/com.st.stm32cube.ide.mcu.externaltools.gnu-tools-for-stm32.13.3.rel1.win32_1.0.0.202411081344/tools/bin/../lib/gcc/arm-none-eabi/13.3.1/../../../../arm-none-eabi/lib/thumb/v7e-m+fp/hard\libc_nano.a(libc_a-mlock.o)
                              C:/ST/STM32CubeIDE_1.14.1/STM32CubeIDE/plugins/com.st.stm32cube.ide.mcu.externaltools.gnu-tools-for-stm32.13.3.rel1.win32_1.0.0.202411081344/tools/bin/../lib/gcc/arm-none-eabi/13.3.1/../../../../arm-none-eabi/lib/thumb/v7e-m+fp/hard\libc_nano.a(libc_a-mallocr.o) (__malloc_lock)
C:/ST/STM32CubeIDE_1.14.1/STM32CubeIDE/plugins/com.st.stm32cube.ide.mcu.externaltools.gnu-tools-for-stm32.13.3.rel1.win32_1.0.0.202411081344/tools/bin/../lib/gcc/arm-none-eabi/13.3.1/../../../../arm-none-eabi/lib/thumb/v7e-m+fp/hard\libc_nano.a(libc_a-ctype_.o)
                              ./Core/Src/motor_driver.o (_ctype_)
C:/ST/STM32CubeIDE_1.14.1/STM32CubeIDE/plugins/com.st.stm32cube.ide.mcu.externaltools.gnu-tools-for-stm32.13.3.rel1.win32_1.0.0.202411081344/tools/bin/../lib/gcc/arm-none-eabi/13.3.1/../../../../arm-none-eabi/lib/thumb/v7e-m+fp/hard\libc_nano.a(libc_a-findfp.o)
                              C:/ST/STM32CubeIDE_1.14.1/STM32CubeIDE/plugins/com.st.stm32cube.ide.mcu.externaltools.gnu-tools-for-stm32.13.3.rel1.win32_1.0.0.202411081344/tools/bin/../lib/gcc/arm-none-eabi/13.3.1/../../../../arm-none-eabi/lib/thumb/v7e-m+fp/hard\libc_nano.a(libc_a-exit.o) (__stdio_exit_handler)
C:/ST/STM32CubeIDE_1.14.1/STM32CubeIDE/plugins/com.st.stm32cube.ide.mcu.externaltools.gnu-tools-for-stm32.13.3.rel1.win32_1.0.0.202411081344/tools/bin/../lib/gcc/arm-none-eabi/13.3.1/../../../../arm-none-eabi/lib/thumb/v7e-m+fp/hard\libc_nano.a(libc_a-fwalk.o)
                              C:/ST/STM32CubeIDE_1.14.1/STM32CubeIDE/plugins/com.st.stm32cube.ide.mcu.externaltools.gnu-tools-for-stm32.13.3.rel1.win32_1.0.0.202411081344/tools/bin/../lib/gcc/arm-none-eabi/13.3.1/../../../../arm-none-eabi/lib/thumb/v7e-m+fp/hard\libc_nano.a(libc_a-findfp.o) (_fwalk_sglue)
C:/ST/STM32CubeIDE_1.14.1/STM32CubeIDE/plugins/com.st.stm32cube.ide.mcu.externaltools.gnu-tools-for-stm32.13.3.rel1.win32_1.0.0.202411081344/tools/bin/../lib/gcc/arm-none-eabi/13.3.1/../../../../arm-none-eabi/lib/thumb/v7e-m+fp/hard\libc_nano.a(libc_a-stdio.o)
                              C:/ST/STM32CubeIDE_1.14.1/STM32CubeIDE/plugins/com.st.stm32cube.ide.mcu.externaltools.gnu-tools-for-stm32.13.3.rel1.win32_1.0.0.202411081344/tools/bin/../lib/gcc/arm-none-eabi/13.3.1/../../../../arm-none-eabi/lib/thumb/v7e-m+fp/hard\libc_nano.a(libc_a-findfp.o) (__sread)
C:/ST/STM32CubeIDE_1.14.1/STM32CubeIDE/plugins/com.st.stm32cube.ide.mcu.externaltools.gnu-tools-for-stm32.13.3.rel1.win32_1.0.0.202411081344/tools/bin/../lib/gcc/arm-none-eabi/13.3.1/../../../../arm-none-eabi/lib/thumb/v7e-m+fp/hard\libc_nano.a(libc_a-memset.o)
                              C:/ST/STM32CubeIDE_1.14.1/STM32CubeIDE/plugins/com.st.stm32cube.ide.mcu.externaltools.gnu-tools-for-stm32.13.3.rel1.win32_1.0.0.202411081344/tools/bin/../lib/gcc/arm-none-eabi/13.3.1/../../../../arm-none-eabi/lib/thumb/v7e-m+fp/hard/crt0.o (memset)
C:/ST/STM32CubeIDE_1.14.1/STM32CubeIDE/plugins/com.st.stm32cube.ide.mcu.externaltools.gnu-tools-for-stm32.13.3.rel1.win32_1.0.0.202411081344/tools/bin/../lib/gcc/arm-none-eabi/13.3.1/../../../../arm-none-eabi/lib/thumb/v7e-m+fp/hard\libc_nano.a(libc_a-closer.o)
[...]
Memory Configuration

Name             Origin             Length             Attributes
RAM              0x20000000         0x0001c000         xrw
FLASH            0x08000000         0x00080000         xr
*default*        0x00000000         0xffffffff

Linker script and memory map

LOAD C:/ST/STM32CubeIDE_1.14.1/STM32CubeIDE/plugins/com.st.stm32cube.ide.mcu.externaltools.gnu-tools-for-stm32.13.3.rel1.win32_1.0.0.202411081344/tools/bin/../lib/gcc/arm-none-eabi/13.3.1/thumb/v7e-m+fp/hard/crti.o
LOAD C:/ST/STM32CubeIDE_1.14.1/STM32CubeIDE/plugins/com.st.stm32cube.ide.mcu.externaltools.gnu-tools-for-stm32.13.3.rel1.win32_1.0.0.202411081344/tools/bin/../lib/gcc/arm-none-eabi/13.3.1/thumb/v7e-m+fp/hard/crtbegin.o
LOAD C:/ST/STM32CubeIDE_1.14.1/STM32CubeIDE/plugins/com.st.stm32cube.ide.mcu.externaltools.gnu-tools-for-stm32.13.3.rel1.win32_1.0.0.202411081344/tools/bin/../lib/gcc/arm-none-eabi/13.3.1/../../../../arm-none-eabi/lib/thumb/v7e-m+fp/hard/crt0.o
LOAD ./Core/Src/Stepperv2.o
LOAD ./Core/Src/encoder.o
LOAD ./Core/Src/main.o
LOAD ./Core/Src/motor_driver.o
LOAD ./Core/Src/pid_controller.o
LOAD ./Core/Src/stm32g4xx_hal_msp.o
LOAD ./Core/Src/stm32g4xx_it.o
LOAD ./Core/Src/syscalls.o
LOAD ./Core/Src/sysmem.o
LOAD ./Core/Src/system_stm32g4xx.o
LOAD ./Core/Startup/startup_stm32g491retx.o
LOAD ./Drivers/STM32G4xx_HAL_Driver/Src/stm32g4xx_hal.o
LOAD ./Drivers/STM32G4xx_HAL_Driver/Src/stm32g4xx_hal_cortex.o
LOAD ./Drivers/STM32G4xx_HAL_Driver/Src/stm32g4xx_hal_dma.o
LOAD ./Drivers/STM32G4xx_HAL_Driver/Src/stm32g4xx_hal_dma_ex.o
LOAD ./Drivers/STM32G4xx_HAL_Driver/Src/stm32g4xx_hal_exti.o
LOAD ./Drivers/STM32G4xx_HAL_Driver/Src/stm32g4xx_hal_flash.o
LOAD ./Drivers/STM32G4xx_HAL_Driver/Src/stm32g4xx_hal_flash_ex.o
LOAD ./Drivers/STM32G4xx_HAL_Driver/Src/stm32g4xx_hal_flash_ramfunc.o
LOAD ./Drivers/STM32G4xx_HAL_Driver/Src/stm32g4xx_hal_gpio.o
LOAD ./Drivers/STM32G4xx_HAL_Driver/Src/stm32g4xx_hal_pwr.o
LOAD ./Drivers/STM32G4xx_HAL_Driver/Src/stm32g4xx_hal_pwr_ex.o
LOAD ./Drivers/STM32G4xx_HAL_Driver/Src/stm32g4xx_hal_rcc.o
LOAD ./Drivers/STM32G4xx_HAL_Driver/Src/stm32g4xx_hal_rcc_ex.o
LOAD ./Drivers/STM32G4xx_HAL_Driver/Src/stm32g4xx_hal_tim.o
LOAD ./Drivers/STM32G4xx_HAL_Driver/Src/stm32g4xx_hal_tim_ex.o
LOAD ./Drivers/STM32G4xx_HAL_Driver/Src/stm32g4xx_hal_uart.o
LOAD ./Drivers/STM32G4xx_HAL_Driver/Src/stm32g4xx_hal_uart_ex.o
START GROUP
LOAD C:/ST/STM32CubeIDE_1.14.1/STM32CubeIDE/plugins/com.st.stm32cube.ide.mcu.externaltools.gnu-tools-for-stm32.13.3.rel1.win32_1.0.0.202411081344/tools/bin/../lib/gcc/arm-none-eabi/13.3.1/../../../../arm-none-eabi/lib/thumb/v7e-m+fp/hard\libc_nano.a
LOAD C:/ST/STM32CubeIDE_1.14.1/STM32CubeIDE/plugins/com.st.stm32cube.ide.mcu.externaltools.gnu-tools-for-stm32.13.3.rel1.win32_1.0.0.202411081344/tools/bin/../lib/gcc/arm-none-eabi/13.3.1/../../../../arm-none-eabi/lib/thumb/v7e-m+fp/hard\libm.a
END GROUP
START GROUP
LOAD C:/ST/STM32CubeIDE_1.14.1/STM32CubeIDE/plugins/com.st.stm32cube.ide.mcu.externaltools.gnu-tools-for-stm32.13.3.rel1.win32_1.0.0.202411081344/tools/bin/../lib/gcc/arm-none-eabi/13.3.1/thumb/v7e-m+fp/hard\libgcc.a
LOAD C:/ST/STM32CubeIDE_1.14.1/STM32CubeIDE/plugins/com.st.stm32cube.ide.mcu.externaltools.gnu-tools-for-stm32.13.3.rel1.win32_1.0.0.202411081344/tools/bin/../lib/gcc/arm-none-eabi/13.3.1/../../../../arm-none-eabi/lib/thumb/v7e-m+fp/hard\libc_nano.a
END GROUP
START GROUP
LOAD C:/ST/STM32CubeIDE_1.14.1/STM32CubeIDE/plugins/com.st.stm32cube.ide.mcu.externaltools.gnu-tools-for-stm32.13.3.rel1.win32_1.0.0.202411081344/tools/bin/../lib/gcc/arm-none-eabi/13.3.1/thumb/v7e-m+fp/hard\libgcc.a
LOAD C:/ST/STM32CubeIDE_1.14.1/STM32CubeIDE/plugins/com.st.stm32cube.ide.mcu.externaltools.gnu-tools-for-stm32.13.3.rel1.win32_1.0.0.202411081344/tools/bin/../lib/gcc/arm-none-eabi/13.3.1/../../../../arm-none-eabi/lib/thumb/v7e-m+fp/hard\libc_nano.a
LOAD C:/ST/STM32CubeIDE_1.14.1/STM32CubeIDE/plugins/com.st.stm32cube.ide.mcu.externaltools.gnu-tools-for-stm32.13.3.rel1.win32_1.0.0.202411081344/tools/bin/../lib/gcc/arm-none-eabi/13.3.1/../../../../arm-none-eabi/lib/thumb/v7e-m+fp/hard\libnosys.a
END GROUP
START GROUP
LOAD C:/ST/STM32CubeIDE_1.14.1/STM32CubeIDE/plugins/com.st.stm32cube.ide.mcu.externaltools.gnu-tools-for-stm32.13.3.rel1.win32_1.0.0.202411081344/tools/bin/../lib/gcc/arm-none-eabi/13.3.1/thumb/v7e-m+fp/hard\libgcc.a
LOAD C:/ST/STM32CubeIDE_1.14.1/STM32CubeIDE/plugins/com.st.stm32cube.ide.mcu.externaltools.gnu-tools-for-stm32.13.3.rel1.win32_1.0.0.202411081344/tools/bin/../lib/gcc/arm-none-eabi/13.3.1/../../../../arm-none-eabi/lib/thumb/v7e-m+fp/hard\libc_nano.a
LOAD C:/ST/STM32CubeIDE_1.14.1/STM32CubeIDE/plugins/com.st.stm32cube.ide.mcu.externaltools.gnu-tools-for-stm32.13.3.rel1.win32_1.0.0.202411081344/tools/bin/../lib/gcc/arm-none-eabi/13.3.1/../../../../arm-none-eabi/lib/thumb/v7e-m+fp/hard\libnosys.a
END GROUP
LOAD C:/ST/STM32CubeIDE_1.14.1/STM32CubeIDE/plugins/com.st.stm32cube.ide.mcu.externaltools.gnu-tools-for-stm32.13.3.rel1.win32_1.0.0.202411081344/tools/bin/../lib/gcc/arm-none-eabi/13.3.1/thumb/v7e-m+fp/hard/crtend.o
LOAD C:/ST/STM32CubeIDE_1.14.1/STM32CubeIDE/plugins/com.st.stm32cube.ide.mcu.externaltools.gnu-tools-for-stm32.13.3.rel1.win32_1.0.0.202411081344/tools/bin/../lib/gcc/arm-none-eabi/13.3.1/thumb/v7e-m+fp/hard/crtn.o
                0x2001c000                        _estack = (ORIGIN (RAM) + LENGTH (RAM))
                0x00000200                        _Min_Heap_Size = 0x200
                0x00000400                        _Min_Stack_Size = 0x400

.isr_vector     0x08000000      0x1d8
                0x08000000                        . = ALIGN (0x4)
 *(.isr_vector)
 .isr_vector    0x08000000      0x1d8 ./Core/Startup/startup_stm32g491retx.o
                0x08000000                g_pfnVectors
                0x080001d8                        . = ALIGN (0x4)

.text           0x080001d8     0x8ef8
                0x080001d8                        . = ALIGN (0x4)
 *(.text)
 .text          0x080001d8       0x40 C:/ST/STM32CubeIDE_1.14.1/STM32CubeIDE/plugins/com.st.stm32cube.ide.mcu.externaltools.gnu-tools-for-stm32.13.3.rel1.win32_1.0.0.202411081344/tools/bin/../lib/gcc/arm-none-eabi/13.3.1/thumb/v7e-m+fp/hard/crtbegin.o
 .text          0x08000218       0x30 C:/ST/STM32CubeIDE_1.14.1/STM32CubeIDE/plugins/com.st.stm32cube.ide.mcu.externaltools.gnu-tools-for-stm32.13.3.rel1.win32_1.0.0.202411081344/tools/bin/../lib/gcc/arm-none-eabi/13.3.1/thumb/v7e-m+fp/hard\libgcc.a(_aeabi_uldivmod.o)
                0x08000218                __aeabi_uldivmod
 .text          0x08000248      0x2f8 C:/ST/STM32CubeIDE_1.14.1/STM32CubeIDE/plugins/com.st.stm32cube.ide.mcu.externaltools.gnu-tools-for-stm32.13.3.rel1.win32_1.0.0.202411081344/tools/bin/../lib/gcc/arm-none-eabi/13.3.1/thumb/v7e-m+fp/hard\libgcc.a(_udivmoddi4.o)
                0x08000248                __udivmoddi4
 .text          0x08000540        0x4 C:/ST/STM32CubeIDE_1.14.1/STM32CubeIDE/plugins/com.st.stm32cube.ide.mcu.externaltools.gnu-tools-for-stm32.13.3.rel1.win32_1.0.0.202411081344/tools/bin/../lib/gcc/arm-none-eabi/13.3.1/thumb/v7e-m+fp/hard\libgcc.a(_dvmd_tls.o)
                0x08000540                __aeabi_idiv0
                0x08000540                __aeabi_ldiv0
 *(.text*)
 .text.clamp_deg_180_pos
                0x08000544       0x7c ./Core/Src/Stepperv2.o
 .text.Stepper_Create
                0x080005c0       0xd0 ./Core/Src/Stepperv2.o
                0x080005c0                Stepper_Create
 .text.initTimer
                0x08000690       0x2a ./Core/Src/Stepperv2.o
                0x08000690                initTimer
 .text.Stepper_Stop
                0x080006ba       0xcc ./Core/Src/Stepperv2.o
                0x080006ba                Stepper_Stop
 *fill*         0x08000786        0x2 
 .text.setRPM   0x08000788      0x17c ./Core/Src/Stepperv2.o
                0x08000788                setRPM
 .text.sendPulses
                0x08000904       0x60 ./Core/Src/Stepperv2.o
                0x08000904                sendPulses
 .text.moveAngle
                0x08000964       0xd4 ./Core/Src/Stepperv2.o
                0x08000964                moveAngle
 .text.moveAngleAbsolute
                0x08000a38       0xe4 ./Core/Src/Stepperv2.o
                0x08000a38                moveAngleAbsolute
 .text.initWQueue
                0x08000b1c       0x5a ./Core/Src/Stepperv2.o
                0x08000b1c                initWQueue
 *fill*         0x08000b76        0x2 
 .text.enqueueW
                0x08000b78       0xbc ./Core/Src/Stepperv2.o
                0x08000b78                enqueueW
 .text.dequeueW
                0x08000c34       0xec ./Core/Src/Stepperv2.o
                0x08000c34                dequeueW
 .text.WisEmpty
                0x08000d20       0x26 ./Core/Src/Stepperv2.o
                0x08000d20                WisEmpty
 .text.Queue_init
                0x08000d46       0x24 ./Core/Src/encoder.o
                0x08000d46                Queue_init
 *fill*         0x08000d6a        0x2 
 .text.enqueue  0x08000d6c       0x98 ./Core/Src/encoder.o
                0x08000d6c                enqueue
 .text.dequeue  0x08000e04       0x90 ./Core/Src/encoder.o
                0x08000e04                dequeue
 .text.MA_init  0x08000e94      0x134 ./Core/Src/encoder.o
                0x08000e94                MA_init
 .text.calc_MA  0x08000fc8      0x120 ./Core/Src/encoder.o
                0x08000fc8                calc_MA
 .text.Encoder_Create
                0x080010e8       0x4e ./Core/Src/encoder.o
                0x080010e8                Encoder_Create
 .text.Encoder_Start
                0x08001136       0x34 ./Core/Src/encoder.o
                0x08001136                Encoder_Start
 *fill*         0x0800116a        0x2 
 .text.Encoder_GetSpeedRPM
                0x0800116c       0x7c ./Core/Src/encoder.o
                0x0800116c                Encoder_GetSpeedRPM
 .text.TIM6_SetPeriod_us
                0x080011e8       0x58 ./Core/Src/main.o
                0x080011e8                TIM6_SetPeriod_us
 .text.DWT_Init
                0x08001240       0x40 ./Core/Src/main.o
                0x08001240                DWT_Init
 .text.delay_us
                0x08001280       0x4c ./Core/Src/main.o
                0x08001280                delay_us
 .text.clamp_deg_180_pos
                0x080012cc       0x7c ./Core/Src/main.o
 .text.main     0x08001348      0x6a4 ./Core/Src/main.o
                0x08001348                main
 .text.SystemClock_Config
                0x080019ec       0x92 ./Core/Src/main.o
                0x080019ec                SystemClock_Config
 *fill*         0x08001a7e        0x2 
 .text.MX_TIM1_Init
                0x08001a80       0xb4 ./Core/Src/main.o
 .text.MX_TIM2_Init
                0x08001b34       0xa8 ./Core/Src/main.o
 .text.MX_TIM3_Init
                0x08001bdc       0xf8 ./Core/Src/main.o
 .text.MX_TIM4_Init
                0x08001cd4       0xac ./Core/Src/main.o
 .text.MX_TIM6_Init
                0x08001d80       0x6c ./Core/Src/main.o
 .text.MX_TIM8_Init
                0x08001dec       0xb4 ./Core/Src/main.o
 .text.MX_TIM15_Init
                0x08001ea0      0x10c ./Core/Src/main.o
 .text.MX_TIM16_Init
                0x08001fac       0xf0 ./Core/Src/main.o
 .text.MX_TIM17_Init
                0x0800209c       0xf0 ./Core/Src/main.o
 .text.MX_TIM20_Init
                0x0800218c      0x124 ./Core/Src/main.o
 .text.MX_UART5_Init
                0x080022b0       0x98 ./Core/Src/main.o
 .text.MX_USART2_UART_Init
                0x08002348       0x98 ./Core/Src/main.o
 .text.MX_GPIO_Init
                0x080023e0      0x15c ./Core/Src/main.o
 .text.HAL_TIM_PeriodElapsedCallback
                0x0800253c      0x2b8 ./Core/Src/main.o
                0x0800253c                HAL_TIM_PeriodElapsedCallback
 .text.HAL_UART_RxCpltCallback
                0x080027f4       0xa4 ./Core/Src/main.o
                0x080027f4                HAL_UART_RxCpltCallback
 .text.Error_Handler
                0x08002898        0xc ./Core/Src/main.o
                0x08002898                Error_Handler
 .text.Motor_Create
                0x080028a4       0x3a ./Core/Src/motor_driver.o
                0x080028a4                Motor_Create
 *fill*         0x080028de        0x2 
 .text.handle_command
                0x080028e0      0x1d8 ./Core/Src/motor_driver.o
                0x080028e0                handle_command
 .text.parse_cmd
                0x08002ab8       0xd8 ./Core/Src/motor_driver.o
                0x08002ab8                parse_cmd
 .text.Motor_SetOutput
                0x08002b90      0x118 ./Core/Src/motor_driver.o
                0x08002b90                Motor_SetOutput
 .text.PID_Create
                0x08002ca8       0x88 ./Core/Src/pid_controller.o
                0x08002ca8                PID_Create
 .text.PID_Compute
                0x08002d30      0x2b0 ./Core/Src/pid_controller.o
                0x08002d30                PID_Compute
 .text.PID_SetOutputLimits
                0x08002fe0       0x46 ./Core/Src/pid_controller.o
                0x08002fe0                PID_SetOutputLimits
 .text.PID_SetDeadbands
                0x08003026       0x4c ./Core/Src/pid_controller.o
                0x08003026                PID_SetDeadbands
 .text.PID_SetIntegralDecay
                0x08003072       0x46 ./Core/Src/pid_controller.o
                0x08003072                PID_SetIntegralDecay
 .text.PID_SetMaxSlewRate
                0x080030b8       0x34 ./Core/Src/pid_controller.o
                0x080030b8                PID_SetMaxSlewRate
 .text.PID_Reset
                0x080030ec       0x3a ./Core/Src/pid_controller.o
                0x080030ec                PID_Reset
 *fill*         0x08003126        0x2 
 .text.HAL_MspInit
                0x08003128       0x48 ./Core/Src/stm32g4xx_hal_msp.o
                0x08003128                HAL_MspInit
 .text.HAL_TIM_Encoder_MspInit
                0x08003170      0x1dc ./Core/Src/stm32g4xx_hal_msp.o
                0x08003170                HAL_TIM_Encoder_MspInit
 .text.HAL_TIM_PWM_MspInit
                0x0800334c       0xac ./Core/Src/stm32g4xx_hal_msp.o
                0x0800334c                HAL_TIM_PWM_MspInit
 .text.HAL_TIM_Base_MspInit
                0x080033f8       0xbc ./Core/Src/stm32g4xx_hal_msp.o
                0x080033f8                HAL_TIM_Base_MspInit
 .text.HAL_TIM_MspPostInit
                0x080034b4      0x1cc ./Core/Src/stm32g4xx_hal_msp.o
                0x080034b4                HAL_TIM_MspPostInit
 .text.HAL_UART_MspInit
                0x08003680      0x1dc ./Core/Src/stm32g4xx_hal_msp.o
                0x08003680                HAL_UART_MspInit
 .text.NMI_Handler
                0x0800385c        0x8 ./Core/Src/stm32g4xx_it.o
                0x0800385c                NMI_Handler
 .text.HardFault_Handler
                0x08003864        0x8 ./Core/Src/stm32g4xx_it.o
                0x08003864                HardFault_Handler
 .text.MemManage_Handler
                0x0800386c        0x8 ./Core/Src/stm32g4xx_it.o
                0x0800386c                MemManage_Handler
 .text.BusFault_Handler
                0x08003874        0x8 ./Core/Src/stm32g4xx_it.o
                0x08003874                BusFault_Handler
 .text.UsageFault_Handler
                0x0800387c        0x8 ./Core/Src/stm32g4xx_it.o
                0x0800387c                UsageFault_Handler
 .text.SVC_Handler
                0x08003884        0xe ./Core/Src/stm32g4xx_it.o
                0x08003884                SVC_Handler
 .text.DebugMon_Handler
                0x08003892        0xe ./Core/Src/stm32g4xx_it.o
                0x08003892                DebugMon_Handler
 .text.PendSV_Handler
                0x080038a0        0xe ./Core/Src/stm32g4xx_it.o
                0x080038a0                PendSV_Handler
 .text.SysTick_Handler
                0x080038ae        0xc ./Core/Src/stm32g4xx_it.o
                0x080038ae                SysTick_Handler
 *fill*         0x080038ba        0x2 
 .text.TIM1_BRK_TIM15_IRQHandler
                0x080038bc       0x1c ./Core/Src/stm32g4xx_it.o
                0x080038bc                TIM1_BRK_TIM15_IRQHandler
 .text.TIM1_UP_TIM16_IRQHandler
                0x080038d8       0x1c ./Core/Src/stm32g4xx_it.o
                0x080038d8                TIM1_UP_TIM16_IRQHandler
 .text.TIM1_TRG_COM_TIM17_IRQHandler
                0x080038f4       0x1c ./Core/Src/stm32g4xx_it.o
                0x080038f4                TIM1_TRG_COM_TIM17_IRQHandler
 .text.USART2_IRQHandler
                0x08003910       0x14 ./Core/Src/stm32g4xx_it.o
                0x08003910                USART2_IRQHandler
 .text.UART5_IRQHandler
                0x08003924       0x14 ./Core/Src/stm32g4xx_it.o
                0x08003924                UART5_IRQHandler
 .text.TIM6_DAC_IRQHandler
                0x08003938       0x14 ./Core/Src/stm32g4xx_it.o
                0x08003938                TIM6_DAC_IRQHandler
 .text.TIM20_UP_IRQHandler
                0x0800394c       0x14 ./Core/Src/stm32g4xx_it.o
                0x0800394c                TIM20_UP_IRQHandler
 .text._sbrk    0x08003960       0x6c ./Core/Src/sysmem.o
                0x08003960                _sbrk
 .text.SystemInit
                0x080039cc       0x24 ./Core/Src/system_stm32g4xx.o
                0x080039cc                SystemInit
 .text.Reset_Handler
                0x080039f0       0x50 ./Core/Startup/startup_stm32g491retx.o
                0x080039f0                Reset_Handler
 .text.Default_Handler
                0x08003a40        0x2 ./Core/Startup/startup_stm32g491retx.o
                0x08003a40                RTC_Alarm_IRQHandler
                0x08003a40                EXTI2_IRQHandler
                0x08003a40                TIM8_TRG_COM_IRQHandler
                0x08003a40                TIM8_CC_IRQHandler
                0x08003a40                TIM1_CC_IRQHandler
                0x08003a40                USB_HP_IRQHandler
                0x08003a40                CORDIC_IRQHandler
                0x08003a40                DMA2_Channel8_IRQHandler
                0x08003a40                EXTI3_IRQHandler
                0x08003a40                I2C3_ER_IRQHandler
                0x08003a40                EXTI0_IRQHandler
                0x08003a40                I2C2_EV_IRQHandler
                0x08003a40                FPU_IRQHandler
                0x08003a40                FDCAN1_IT1_IRQHandler
                0x08003a40                ADC1_2_IRQHandler
                0x08003a40                SPI1_IRQHandler
                0x08003a40                TIM8_UP_IRQHandler
                0x08003a40                DMA2_Channel2_IRQHandler
                0x08003a40                DMA1_Channel4_IRQHandler
                0x08003a40                TIM20_TRG_COM_IRQHandler
                0x08003a40                USART3_IRQHandler
                0x08003a40                DMA1_Channel7_IRQHandler
                0x08003a40                ADC3_IRQHandler
                0x08003a40                TIM4_IRQHandler
                0x08003a40                DMA2_Channel1_IRQHandler
                0x08003a40                QUADSPI_IRQHandler
                0x08003a40                I2C1_EV_IRQHandler
                0x08003a40                DMA1_Channel6_IRQHandler
                0x08003a40                UART4_IRQHandler
                0x08003a40                DMA2_Channel4_IRQHandler
                0x08003a40                TIM3_IRQHandler
                0x08003a40                RCC_IRQHandler
                0x08003a40                DMA1_Channel1_IRQHandler
                0x08003a40                Default_Handler
                0x08003a40                DMA2_Channel7_IRQHandler
                0x08003a40                RTC_TAMP_LSECSS_IRQHandler
                0x08003a40                FMAC_IRQHandler
                0x08003a40                EXTI15_10_IRQHandler
                0x08003a40                DMA1_Channel8_IRQHandler
                0x08003a40                TIM7_IRQHandler
                0x08003a40                UCPD1_IRQHandler
                0x08003a40                I2C3_EV_IRQHandler
                0x08003a40                EXTI9_5_IRQHandler
                0x08003a40                RTC_WKUP_IRQHandler
                0x08003a40                PVD_PVM_IRQHandler
                0x08003a40                SPI2_IRQHandler
                0x08003a40                DMA2_Channel5_IRQHandler
                0x08003a40                CRS_IRQHandler
                0x08003a40                DMA1_Channel5_IRQHandler
                0x08003a40                USB_LP_IRQHandler
                0x08003a40                EXTI4_IRQHandler
                0x08003a40                RNG_IRQHandler
                0x08003a40                FDCAN2_IT1_IRQHandler
                0x08003a40                DMA1_Channel3_IRQHandler
                0x08003a40                WWDG_IRQHandler
                0x08003a40                FDCAN2_IT0_IRQHandler
                0x08003a40                LPUART1_IRQHandler
                0x08003a40                DMA2_Channel6_IRQHandler
                0x08003a40                FDCAN1_IT0_IRQHandler
                0x08003a40                TIM2_IRQHandler
                0x08003a40                COMP1_2_3_IRQHandler
                0x08003a40                EXTI1_IRQHandler
                0x08003a40                TIM20_BRK_IRQHandler
                0x08003a40                I2C2_ER_IRQHandler
                0x08003a40                DMA1_Channel2_IRQHandler
                0x08003a40                TIM8_BRK_IRQHandler
                0x08003a40                FLASH_IRQHandler
                0x08003a40                TIM20_CC_IRQHandler
                0x08003a40                USART1_IRQHandler
                0x08003a40                SPI3_IRQHandler
                0x08003a40                I2C1_ER_IRQHandler
                0x08003a40                LPTIM1_IRQHandler
                0x08003a40                DMAMUX_OVR_IRQHandler
                0x08003a40                USBWakeUp_IRQHandler
                0x08003a40                SAI1_IRQHandler
                0x08003a40                DMA2_Channel3_IRQHandler
                0x08003a40                COMP4_IRQHandler
 .text.HAL_Init
                0x08003a42       0x30 ./Drivers/STM32G4xx_HAL_Driver/Src/stm32g4xx_hal.o
                0x08003a42                HAL_Init
 *fill*         0x08003a72        0x2 
 .text.HAL_InitTick
                0x08003a74       0x74 ./Drivers/STM32G4xx_HAL_Driver/Src/stm32g4xx_hal.o
                0x08003a74                HAL_InitTick
 .text.HAL_IncTick
                0x08003ae8       0x24 ./Drivers/STM32G4xx_HAL_Driver/Src/stm32g4xx_hal.o
                0x08003ae8                HAL_IncTick
 .text.HAL_GetTick
                0x08003b0c       0x18 ./Drivers/STM32G4xx_HAL_Driver/Src/stm32g4xx_hal.o
                0x08003b0c                HAL_GetTick
 .text.__NVIC_SetPriorityGrouping
                0x08003b24       0x48 ./Drivers/STM32G4xx_HAL_Driver/Src/stm32g4xx_hal_cortex.o
 .text.__NVIC_GetPriorityGrouping
                0x08003b6c       0x1c ./Drivers/STM32G4xx_HAL_Driver/Src/stm32g4xx_hal_cortex.o
 .text.__NVIC_EnableIRQ
                0x08003b88       0x3c ./Drivers/STM32G4xx_HAL_Driver/Src/stm32g4xx_hal_cortex.o
 .text.__NVIC_SetPriority
                0x08003bc4       0x54 ./Drivers/STM32G4xx_HAL_Driver/Src/stm32g4xx_hal_cortex.o
 .text.NVIC_EncodePriority
                0x08003c18       0x66 ./Drivers/STM32G4xx_HAL_Driver/Src/stm32g4xx_hal_cortex.o
 *fill*         0x08003c7e        0x2 
 .text.SysTick_Config
                0x08003c80       0x44 ./Drivers/STM32G4xx_HAL_Driver/Src/stm32g4xx_hal_cortex.o
 .text.HAL_NVIC_SetPriorityGrouping
                0x08003cc4       0x16 ./Drivers/STM32G4xx_HAL_Driver/Src/stm32g4xx_hal_cortex.o
                0x08003cc4                HAL_NVIC_SetPriorityGrouping
 .text.HAL_NVIC_SetPriority
                0x08003cda       0x34 ./Drivers/STM32G4xx_HAL_Driver/Src/stm32g4xx_hal_cortex.o
                0x08003cda                HAL_NVIC_SetPriority
 .text.HAL_NVIC_EnableIRQ
                0x08003d0e       0x1c ./Drivers/STM32G4xx_HAL_Driver/Src/stm32g4xx_hal_cortex.o
                0x08003d0e                HAL_NVIC_EnableIRQ
 .text.HAL_SYSTICK_Config
                0x08003d2a       0x18 ./Drivers/STM32G4xx_HAL_Driver/Src/stm32g4xx_hal_cortex.o
                0x08003d2a                HAL_SYSTICK_Config
 .text.HAL_DMA_Abort
                0x08003d42       0xb2 ./Drivers/STM32G4xx_HAL_Driver/Src/stm32g4xx_hal_dma.o
                0x08003d42                HAL_DMA_Abort
 .text.HAL_DMA_Abort_IT
                0x08003df4       0xce ./Drivers/STM32G4xx_HAL_Driver/Src/stm32g4xx_hal_dma.o
                0x08003df4                HAL_DMA_Abort_IT
 *fill*         0x08003ec2        0x2 
 .text.HAL_GPIO_Init
                0x08003ec4      0x304 ./Drivers/STM32G4xx_HAL_Driver/Src/stm32g4xx_hal_gpio.o
                0x08003ec4                HAL_GPIO_Init
 .text.HAL_GPIO_WritePin
                0x080041c8       0x30 ./Drivers/STM32G4xx_HAL_Driver/Src/stm32g4xx_hal_gpio.o
                0x080041c8                HAL_GPIO_WritePin
 .text.HAL_PWREx_ControlVoltageScaling
                0x080041f8      0x148 ./Drivers/STM32G4xx_HAL_Driver/Src/stm32g4xx_hal_pwr_ex.o
                0x080041f8                HAL_PWREx_ControlVoltageScaling
 .text.HAL_PWREx_DisableUCPDDeadBattery
                0x08004340       0x20 ./Drivers/STM32G4xx_HAL_Driver/Src/stm32g4xx_hal_pwr_ex.o
                0x08004340                HAL_PWREx_DisableUCPDDeadBattery
 .text.HAL_RCC_OscConfig
                0x08004360      0x624 ./Drivers/STM32G4xx_HAL_Driver/Src/stm32g4xx_hal_rcc.o
                0x08004360                HAL_RCC_OscConfig
 .text.HAL_RCC_ClockConfig
                0x08004984      0x278 ./Drivers/STM32G4xx_HAL_Driver/Src/stm32g4xx_hal_rcc.o
                0x08004984                HAL_RCC_ClockConfig
 .text.HAL_RCC_GetSysClockFreq
                0x08004bfc       0xc4 ./Drivers/STM32G4xx_HAL_Driver/Src/stm32g4xx_hal_rcc.o
                0x08004bfc                HAL_RCC_GetSysClockFreq
 .text.HAL_RCC_GetHCLKFreq
                0x08004cc0       0x18 ./Drivers/STM32G4xx_HAL_Driver/Src/stm32g4xx_hal_rcc.o
                0x08004cc0                HAL_RCC_GetHCLKFreq
 .text.HAL_RCC_GetPCLK1Freq
                0x08004cd8       0x2c ./Drivers/STM32G4xx_HAL_Driver/Src/stm32g4xx_hal_rcc.o
                0x08004cd8                HAL_RCC_GetPCLK1Freq
 .text.HAL_RCC_GetPCLK2Freq
                0x08004d04       0x2c ./Drivers/STM32G4xx_HAL_Driver/Src/stm32g4xx_hal_rcc.o
                0x08004d04                HAL_RCC_GetPCLK2Freq
 .text.RCC_GetSysClockFreqFromPLLSource
                0x08004d30       0x8c ./Drivers/STM32G4xx_HAL_Driver/Src/stm32g4xx_hal_rcc.o
 .text.HAL_RCCEx_PeriphCLKConfig
                0x08004dbc      0x478 ./Drivers/STM32G4xx_HAL_Driver/Src/stm32g4xx_hal_rcc_ex.o
                0x08004dbc                HAL_RCCEx_PeriphCLKConfig
 .text.HAL_TIM_Base_Init
                0x08005234       0xae ./Drivers/STM32G4xx_HAL_Driver/Src/stm32g4xx_hal_tim.o
                0x08005234                HAL_TIM_Base_Init
 *fill*         0x080052e2        0x2 
 .text.HAL_TIM_Base_Start
                0x080052e4       0xd0 ./Drivers/STM32G4xx_HAL_Driver/Src/stm32g4xx_hal_tim.o
                0x080052e4                HAL_TIM_Base_Start
 .text.HAL_TIM_Base_Start_IT
                0x080053b4       0xe0 ./Drivers/STM32G4xx_HAL_Driver/Src/stm32g4xx_hal_tim.o
                0x080053b4                HAL_TIM_Base_Start_IT
 .text.HAL_TIM_PWM_Init
                0x08005494       0xae ./Drivers/STM32G4xx_HAL_Driver/Src/stm32g4xx_hal_tim.o
                0x08005494                HAL_TIM_PWM_Init
 *fill*         0x08005542        0x2 
 .text.HAL_TIM_PWM_Start
                0x08005544      0x218 ./Drivers/STM32G4xx_HAL_Driver/Src/stm32g4xx_hal_tim.o
                0x08005544                HAL_TIM_PWM_Start
 .text.HAL_TIM_Encoder_Init
                0x0800575c      0x14c ./Drivers/STM32G4xx_HAL_Driver/Src/stm32g4xx_hal_tim.o
                0x0800575c                HAL_TIM_Encoder_Init
 .text.HAL_TIM_Encoder_Start
                0x080058a8      0x11c ./Drivers/STM32G4xx_HAL_Driver/Src/stm32g4xx_hal_tim.o
                0x080058a8                HAL_TIM_Encoder_Start
 .text.HAL_TIM_IRQHandler
                0x080059c4      0x29e ./Drivers/STM32G4xx_HAL_Driver/Src/stm32g4xx_hal_tim.o
                0x080059c4                HAL_TIM_IRQHandler
 *fill*         0x08005c62        0x2 
 .text.HAL_TIM_PWM_ConfigChannel
                0x08005c64      0x228 ./Drivers/STM32G4xx_HAL_Driver/Src/stm32g4xx_hal_tim.o
                0x08005c64                HAL_TIM_PWM_ConfigChannel
 .text.HAL_TIM_OC_DelayElapsedCallback
                0x08005e8c       0x14 ./Drivers/STM32G4xx_HAL_Driver/Src/stm32g4xx_hal_tim.o
                0x08005e8c                HAL_TIM_OC_DelayElapsedCallback
 .text.HAL_TIM_IC_CaptureCallback
                0x08005ea0       0x14 ./Drivers/STM32G4xx_HAL_Driver/Src/stm32g4xx_hal_tim.o
                0x08005ea0                HAL_TIM_IC_CaptureCallback
 .text.HAL_TIM_PWM_PulseFinishedCallback
                0x08005eb4       0x14 ./Drivers/STM32G4xx_HAL_Driver/Src/stm32g4xx_hal_tim.o
                0x08005eb4                HAL_TIM_PWM_PulseFinishedCallback
 .text.HAL_TIM_TriggerCallback
                0x08005ec8       0x14 ./Drivers/STM32G4xx_HAL_Driver/Src/stm32g4xx_hal_tim.o
                0x08005ec8                HAL_TIM_TriggerCallback
 .text.TIM_Base_SetConfig
                0x08005edc      0x154 ./Drivers/STM32G4xx_HAL_Driver/Src/stm32g4xx_hal_tim.o
                0x08005edc                TIM_Base_SetConfig
 .text.TIM_OC1_SetConfig
                0x08006030      0x134 ./Drivers/STM32G4xx_HAL_Driver/Src/stm32g4xx_hal_tim.o
 .text.TIM_OC2_SetConfig
                0x08006164      0x128 ./Drivers/STM32G4xx_HAL_Driver/Src/stm32g4xx_hal_tim.o
                0x08006164                TIM_OC2_SetConfig
 .text.TIM_OC3_SetConfig
                0x0800628c      0x124 ./Drivers/STM32G4xx_HAL_Driver/Src/stm32g4xx_hal_tim.o
 .text.TIM_OC4_SetConfig
                0x080063b0      0x128 ./Drivers/STM32G4xx_HAL_Driver/Src/stm32g4xx_hal_tim.o
 .text.TIM_OC5_SetConfig
                0x080064d8       0xd4 ./Drivers/STM32G4xx_HAL_Driver/Src/stm32g4xx_hal_tim.o
 .text.TIM_OC6_SetConfig
                0x080065ac       0xd8 ./Drivers/STM32G4xx_HAL_Driver/Src/stm32g4xx_hal_tim.o
 .text.TIM_CCxChannelCmd
                0x08006684       0x4a ./Drivers/STM32G4xx_HAL_Driver/Src/stm32g4xx_hal_tim.o
                0x08006684                TIM_CCxChannelCmd
 *fill*         0x080066ce        0x2 
 .text.HAL_TIMEx_MasterConfigSynchronization
                0x080066d0      0x11c ./Drivers/STM32G4xx_HAL_Driver/Src/stm32g4xx_hal_tim_ex.o
                0x080066d0                HAL_TIMEx_MasterConfigSynchronization
 .text.HAL_TIMEx_ConfigBreakDeadTime
                0x080067ec      0x128 ./Drivers/STM32G4xx_HAL_Driver/Src/stm32g4xx_hal_tim_ex.o
                0x080067ec                HAL_TIMEx_ConfigBreakDeadTime
 .text.HAL_TIMEx_CommutCallback
                0x08006914       0x14 ./Drivers/STM32G4xx_HAL_Driver/Src/stm32g4xx_hal_tim_ex.o
                0x08006914                HAL_TIMEx_CommutCallback
 .text.HAL_TIMEx_BreakCallback
                0x08006928       0x14 ./Drivers/STM32G4xx_HAL_Driver/Src/stm32g4xx_hal_tim_ex.o
                0x08006928                HAL_TIMEx_BreakCallback
 .text.HAL_TIMEx_Break2Callback
                0x0800693c       0x14 ./Drivers/STM32G4xx_HAL_Driver/Src/stm32g4xx_hal_tim_ex.o
                0x0800693c                HAL_TIMEx_Break2Callback
 .text.HAL_TIMEx_EncoderIndexCallback
                0x08006950       0x14 ./Drivers/STM32G4xx_HAL_Driver/Src/stm32g4xx_hal_tim_ex.o
                0x08006950                HAL_TIMEx_EncoderIndexCallback
 .text.HAL_TIMEx_DirectionChangeCallback
                0x08006964       0x14 ./Drivers/STM32G4xx_HAL_Driver/Src/stm32g4xx_hal_tim_ex.o
                0x08006964                HAL_TIMEx_DirectionChangeCallback
 .text.HAL_TIMEx_IndexErrorCallback
                0x08006978       0x14 ./Drivers/STM32G4xx_HAL_Driver/Src/stm32g4xx_hal_tim_ex.o
                0x08006978                HAL_TIMEx_IndexErrorCallback
 .text.HAL_TIMEx_TransitionErrorCallback
                0x0800698c       0x14 ./Drivers/STM32G4xx_HAL_Driver/Src/stm32g4xx_hal_tim_ex.o
                0x0800698c                HAL_TIMEx_TransitionErrorCallback
 .text.HAL_UART_Init
                0x080069a0       0xa0 ./Drivers/STM32G4xx_HAL_Driver/Src/stm32g4xx_hal_uart.o
                0x080069a0                HAL_UART_Init
 .text.HAL_UART_Receive_IT
                0x08006a40       0x98 ./Drivers/STM32G4xx_HAL_Driver/Src/stm32g4xx_hal_uart.o
                0x08006a40                HAL_UART_Receive_IT
 .text.HAL_UART_IRQHandler
                0x08006ad8      0x684 ./Drivers/STM32G4xx_HAL_Driver/Src/stm32g4xx_hal_uart.o
                0x08006ad8                HAL_UART_IRQHandler
 .text.HAL_UART_TxCpltCallback
                0x0800715c       0x14 ./Drivers/STM32G4xx_HAL_Driver/Src/stm32g4xx_hal_uart.o
                0x0800715c                HAL_UART_TxCpltCallback
 .text.HAL_UART_ErrorCallback
                0x08007170       0x14 ./Drivers/STM32G4xx_HAL_Driver/Src/stm32g4xx_hal_uart.o
                0x08007170                HAL_UART_ErrorCallback
 .text.HAL_UARTEx_RxEventCallback
                0x08007184       0x18 ./Drivers/STM32G4xx_HAL_Driver/Src/stm32g4xx_hal_uart.o
                0x08007184                HAL_UARTEx_RxEventCallback
 .text.UART_SetConfig
                0x0800719c      0x5f8 ./Drivers/STM32G4xx_HAL_Driver/Src/stm32g4xx_hal_uart.o
                0x0800719c                UART_SetConfig
 .text.UART_AdvFeatureConfig
                0x08007794      0x144 ./Drivers/STM32G4xx_HAL_Driver/Src/stm32g4xx_hal_uart.o
                0x08007794                UART_AdvFeatureConfig
 .text.UART_CheckIdleState
                0x080078d8      0x154 ./Drivers/STM32G4xx_HAL_Driver/Src/stm32g4xx_hal_uart.o
                0x080078d8                UART_CheckIdleState
 .text.UART_WaitOnFlagUntilTimeout
                0x08007a2c       0xda ./Drivers/STM32G4xx_HAL_Driver/Src/stm32g4xx_hal_uart.o
                0x08007a2c                UART_WaitOnFlagUntilTimeout
 *fill*         0x08007b06        0x2 
 .text.UART_Start_Receive_IT
                0x08007b08      0x244 ./Drivers/STM32G4xx_HAL_Driver/Src/stm32g4xx_hal_uart.o
                0x08007b08                UART_Start_Receive_IT
 .text.UART_EndRxTransfer
                0x08007d4c       0xcc ./Drivers/STM32G4xx_HAL_Driver/Src/stm32g4xx_hal_uart.o
 .text.UART_DMAAbortOnError
                0x08007e18       0x24 ./Drivers/STM32G4xx_HAL_Driver/Src/stm32g4xx_hal_uart.o
 .text.UART_EndTransmit_IT
                0x08007e3c       0x56 ./Drivers/STM32G4xx_HAL_Driver/Src/stm32g4xx_hal_uart.o
 *fill*         0x08007e92        0x2 
 .text.UART_RxISR_8BIT
                0x08007e94      0x1b8 ./Drivers/STM32G4xx_HAL_Driver/Src/stm32g4xx_hal_uart.o
 .text.UART_RxISR_16BIT
                0x0800804c      0x1b8 ./Drivers/STM32G4xx_HAL_Driver/Src/stm32g4xx_hal_uart.o
 .text.UART_RxISR_8BIT_FIFOEN
                0x08008204      0x364 ./Drivers/STM32G4xx_HAL_Driver/Src/stm32g4xx_hal_uart.o
 .text.UART_RxISR_16BIT_FIFOEN
                0x08008568      0x36c ./Drivers/STM32G4xx_HAL_Driver/Src/stm32g4xx_hal_uart.o
 .text.HAL_UARTEx_WakeupCallback
                0x080088d4       0x14 ./Drivers/STM32G4xx_HAL_Driver/Src/stm32g4xx_hal_uart_ex.o
                0x080088d4                HAL_UARTEx_WakeupCallback
 .text.HAL_UARTEx_RxFifoFullCallback
                0x080088e8       0x14 ./Drivers/STM32G4xx_HAL_Driver/Src/stm32g4xx_hal_uart_ex.o
                0x080088e8                HAL_UARTEx_RxFifoFullCallback
 .text.HAL_UARTEx_TxFifoEmptyCallback
                0x080088fc       0x14 ./Drivers/STM32G4xx_HAL_Driver/Src/stm32g4xx_hal_uart_ex.o
                0x080088fc                HAL_UARTEx_TxFifoEmptyCallback
 .text.HAL_UARTEx_DisableFifoMode
                0x08008910       0x72 ./Drivers/STM32G4xx_HAL_Driver/Src/stm32g4xx_hal_uart_ex.o
                0x08008910                HAL_UARTEx_DisableFifoMode
 .text.HAL_UARTEx_SetTxFifoThreshold
                0x08008982       0x7c ./Drivers/STM32G4xx_HAL_Driver/Src/stm32g4xx_hal_uart_ex.o
                0x08008982                HAL_UARTEx_SetTxFifoThreshold
 .text.HAL_UARTEx_SetRxFifoThreshold
                0x080089fe       0x7c ./Drivers/STM32G4xx_HAL_Driver/Src/stm32g4xx_hal_uart_ex.o
                0x080089fe                HAL_UARTEx_SetRxFifoThreshold
 *fill*         0x08008a7a        0x2 
 .text.UARTEx_SetNbDataToProcess
                0x08008a7c       0x9c ./Drivers/STM32G4xx_HAL_Driver/Src/stm32g4xx_hal_uart_ex.o
 .text.malloc   0x08008b18       0x10 C:/ST/STM32CubeIDE_1.14.1/STM32CubeIDE/plugins/com.st.stm32cube.ide.mcu.externaltools.gnu-tools-for-stm32.13.3.rel1.win32_1.0.0.202411081344/tools/bin/../lib/gcc/arm-none-eabi/13.3.1/../../../../arm-none-eabi/lib/thumb/v7e-m+fp/hard\libc_nano.a(libc_a-malloc.o)
                0x08008b18                malloc
 .text.sbrk_aligned
                0x08008b28       0x44 C:/ST/STM32CubeIDE_1.14.1/STM32CubeIDE/plugins/com.st.stm32cube.ide.mcu.externaltools.gnu-tools-for-stm32.13.3.rel1.win32_1.0.0.202411081344/tools/bin/../lib/gcc/arm-none-eabi/13.3.1/../../../../arm-none-eabi/lib/thumb/v7e-m+fp/hard\libc_nano.a(libc_a-mallocr.o)
 .text._malloc_r
                0x08008b6c      0x100 C:/ST/STM32CubeIDE_1.14.1/STM32CubeIDE/plugins/com.st.stm32cube.ide.mcu.externaltools.gnu-tools-for-stm32.13.3.rel1.win32_1.0.0.202411081344/tools/bin/../lib/gcc/arm-none-eabi/13.3.1/../../../../arm-none-eabi/lib/thumb/v7e-m+fp/hard\libc_nano.a(libc_a-mallocr.o)
                0x08008b6c                _malloc_r
 .text.__malloc_lock
                0x08008c6c        0xc C:/ST/STM32CubeIDE_1.14.1/STM32CubeIDE/plugins/com.st.stm32cube.ide.mcu.externaltools.gnu-tools-for-stm32.13.3.rel1.win32_1.0.0.202411081344/tools/bin/../lib/gcc/arm-none-eabi/13.3.1/../../../../arm-none-eabi/lib/thumb/v7e-m+fp/hard\libc_nano.a(libc_a-mlock.o)
                0x08008c6c                __malloc_lock
 .text.__malloc_unlock
                0x08008c78        0xc C:/ST/STM32CubeIDE_1.14.1/STM32CubeIDE/plugins/com.st.stm32cube.ide.mcu.externaltools.gnu-tools-for-stm32.13.3.rel1.win32_1.0.0.202411081344/tools/bin/../lib/gcc/arm-none-eabi/13.3.1/../../../../arm-none-eabi/lib/thumb/v7e-m+fp/hard\libc_nano.a(libc_a-mlock.o)
                0x08008c78                __malloc_unlock
 .text.memset   0x08008c84       0x10 C:/ST/STM32CubeIDE_1.14.1/STM32CubeIDE/plugins/com.st.stm32cube.ide.mcu.externaltools.gnu-tools-for-stm32.13.3.rel1.win32_1.0.0.202411081344/tools/bin/../lib/gcc/arm-none-eabi/13.3.1/../../../../arm-none-eabi/lib/thumb/v7e-m+fp/hard\libc_nano.a(libc_a-memset.o)
                0x08008c84                memset
 .text._sbrk_r  0x08008c94       0x20 C:/ST/STM32CubeIDE_1.14.1/STM32CubeIDE/plugins/com.st.stm32cube.ide.mcu.externaltools.gnu-tools-for-stm32.13.3.rel1.win32_1.0.0.202411081344/tools/bin/../lib/gcc/arm-none-eabi/13.3.1/../../../../arm-none-eabi/lib/thumb/v7e-m+fp/hard\libc_nano.a(libc_a-sbrkr.o)
                0x08008c94                _sbrk_r
 .text.__errno  0x08008cb4        0xc C:/ST/STM32CubeIDE_1.14.1/STM32CubeIDE/plugins/com.st.stm32cube.ide.mcu.externaltools.gnu-tools-for-stm32.13.3.rel1.win32_1.0.0.202411081344/tools/bin/../lib/gcc/arm-none-eabi/13.3.1/../../../../arm-none-eabi/lib/thumb/v7e-m+fp/hard\libc_nano.a(libc_a-errno.o)
                0x08008cb4                __errno
 .text.__libc_init_array
                0x08008cc0       0x48 C:/ST/STM32CubeIDE_1.14.1/STM32CubeIDE/plugins/com.st.stm32cube.ide.mcu.externaltools.gnu-tools-for-stm32.13.3.rel1.win32_1.0.0.202411081344/tools/bin/../lib/gcc/arm-none-eabi/13.3.1/../../../../arm-none-eabi/lib/thumb/v7e-m+fp/hard\libc_nano.a(libc_a-init.o)
                0x08008cc0                __libc_init_array
 .text.__retarget_lock_acquire_recursive
                0x08008d08        0x2 C:/ST/STM32CubeIDE_1.14.1/STM32CubeIDE/plugins/com.st.stm32cube.ide.mcu.externaltools.gnu-tools-for-stm32.13.3.rel1.win32_1.0.0.202411081344/tools/bin/../lib/gcc/arm-none-eabi/13.3.1/../../../../arm-none-eabi/lib/thumb/v7e-m+fp/hard\libc_nano.a(libc_a-lock.o)
                0x08008d08                __retarget_lock_acquire_recursive
 .text.__retarget_lock_release_recursive
                0x08008d0a        0x2 C:/ST/STM32CubeIDE_1.14.1/STM32CubeIDE/plugins/com.st.stm32cube.ide.mcu.externaltools.gnu-tools-for-stm32.13.3.rel1.win32_1.0.0.202411081344/tools/bin/../lib/gcc/arm-none-eabi/13.3.1/../../../../arm-none-eabi/lib/thumb/v7e-m+fp/hard\libc_nano.a(libc_a-lock.o)
                0x08008d0a                __retarget_lock_release_recursive
 .text.expf     0x08008d0c       0x6c C:/ST/STM32CubeIDE_1.14.1/STM32CubeIDE/plugins/com.st.stm32cube.ide.mcu.externaltools.gnu-tools-for-stm32.13.3.rel1.win32_1.0.0.202411081344/tools/bin/../lib/gcc/arm-none-eabi/13.3.1/../../../../arm-none-eabi/lib/thumb/v7e-m+fp/hard\libm.a(libm_a-wf_exp.o)
                0x08008d0c                expf
 .text.fmodf    0x08008d78       0x40 C:/ST/STM32CubeIDE_1.14.1/STM32CubeIDE/plugins/com.st.stm32cube.ide.mcu.externaltools.gnu-tools-for-stm32.13.3.rel1.win32_1.0.0.202411081344/tools/bin/../lib/gcc/arm-none-eabi/13.3.1/../../../../arm-none-eabi/lib/thumb/v7e-m+fp/hard\libm.a(libm_a-wf_fmod.o)
                0x08008d78                fmodf
 .text.finitef  0x08008db8       0x14 C:/ST/STM32CubeIDE_1.14.1/STM32CubeIDE/plugins/com.st.stm32cube.ide.mcu.externaltools.gnu-tools-for-stm32.13.3.rel1.win32_1.0.0.202411081344/tools/bin/../lib/gcc/arm-none-eabi/13.3.1/../../../../arm-none-eabi/lib/thumb/v7e-m+fp/hard\libm.a(libm_a-sf_finite.o)
                0x08008db8                finitef
 .text.__ieee754_expf
                0x08008dcc      0x19c C:/ST/STM32CubeIDE_1.14.1/STM32CubeIDE/plugins/com.st.stm32cube.ide.mcu.externaltools.gnu-tools-for-stm32.13.3.rel1.win32_1.0.0.202411081344/tools/bin/../lib/gcc/arm-none-eabi/13.3.1/../../../../arm-none-eabi/lib/thumb/v7e-m+fp/hard\libm.a(libm_a-ef_exp.o)
                0x08008dcc                __ieee754_expf
 .text.__ieee754_fmodf
                0x08008f68      0x104 C:/ST/STM32CubeIDE_1.14.1/STM32CubeIDE/plugins/com.st.stm32cube.ide.mcu.externaltools.gnu-tools-for-stm32.13.3.rel1.win32_1.0.0.202411081344/tools/bin/../lib/gcc/arm-none-eabi/13.3.1/../../../../arm-none-eabi/lib/thumb/v7e-m+fp/hard\libm.a(libm_a-ef_fmod.o)
                0x08008f68                __ieee754_fmodf
 .text.with_errnof
                0x0800906c       0x1c C:/ST/STM32CubeIDE_1.14.1/STM32CubeIDE/plugins/com.st.stm32cube.ide.mcu.externaltools.gnu-tools-for-stm32.13.3.rel1.win32_1.0.0.202411081344/tools/bin/../lib/gcc/arm-none-eabi/13.3.1/../../../../arm-none-eabi/lib/thumb/v7e-m+fp/hard\libm.a(libm_a-math_errf.o)
 .text.xflowf   0x08009088       0x16 C:/ST/STM32CubeIDE_1.14.1/STM32CubeIDE/plugins/com.st.stm32cube.ide.mcu.externaltools.gnu-tools-for-stm32.13.3.rel1.win32_1.0.0.202411081344/tools/bin/../lib/gcc/arm-none-eabi/13.3.1/../../../../arm-none-eabi/lib/thumb/v7e-m+fp/hard\libm.a(libm_a-math_errf.o)
 *fill*         0x0800909e        0x2 
 .text.__math_uflowf
                0x080090a0        0xc C:/ST/STM32CubeIDE_1.14.1/STM32CubeIDE/plugins/com.st.stm32cube.ide.mcu.externaltools.gnu-tools-for-stm32.13.3.rel1.win32_1.0.0.202411081344/tools/bin/../lib/gcc/arm-none-eabi/13.3.1/../../../../arm-none-eabi/lib/thumb/v7e-m+fp/hard\libm.a(libm_a-math_errf.o)
                0x080090a0                __math_uflowf
 .text.__math_oflowf
                0x080090ac        0xc C:/ST/STM32CubeIDE_1.14.1/STM32CubeIDE/plugins/com.st.stm32cube.ide.mcu.externaltools.gnu-tools-for-stm32.13.3.rel1.win32_1.0.0.202411081344/tools/bin/../lib/gcc/arm-none-eabi/13.3.1/../../../../arm-none-eabi/lib/thumb/v7e-m+fp/hard\libm.a(libm_a-math_errf.o)
                0x080090ac                __math_oflowf
 *(.glue_7)
 .glue_7        0x080090b8        0x0 linker stubs
 *(.glue_7t)
 .glue_7t       0x080090b8        0x0 linker stubs
 *(.eh_frame)
 .eh_frame      0x080090b8        0x0 C:/ST/STM32CubeIDE_1.14.1/STM32CubeIDE/plugins/com.st.stm32cube.ide.mcu.externaltools.gnu-tools-for-stm32.13.3.rel1.win32_1.0.0.202411081344/tools/bin/../lib/gcc/arm-none-eabi/13.3.1/thumb/v7e-m+fp/hard/crtbegin.o
 *(.init)
 .init          0x080090b8        0x4 C:/ST/STM32CubeIDE_1.14.1/STM32CubeIDE/plugins/com.st.stm32cube.ide.mcu.externaltools.gnu-tools-for-stm32.13.3.rel1.win32_1.0.0.202411081344/tools/bin/../lib/gcc/arm-none-eabi/13.3.1/thumb/v7e-m+fp/hard/crti.o
                0x080090b8                _init
 .init          0x080090bc        0x8 C:/ST/STM32CubeIDE_1.14.1/STM32CubeIDE/plugins/com.st.stm32cube.ide.mcu.externaltools.gnu-tools-for-stm32.13.3.rel1.win32_1.0.0.202411081344/tools/bin/../lib/gcc/arm-none-eabi/13.3.1/thumb/v7e-m+fp/hard/crtn.o
 *(.fini)
 .fini          0x080090c4        0x4 C:/ST/STM32CubeIDE_1.14.1/STM32CubeIDE/plugins/com.st.stm32cube.ide.mcu.externaltools.gnu-tools-for-stm32.13.3.rel1.win32_1.0.0.202411081344/tools/bin/../lib/gcc/arm-none-eabi/13.3.1/thumb/v7e-m+fp/hard/crti.o
                0x080090c4                _fini
 .fini          0x080090c8        0x8 C:/ST/STM32CubeIDE_1.14.1/STM32CubeIDE/plugins/com.st.stm32cube.ide.mcu.externaltools.gnu-tools-for-stm32.13.3.rel1.win32_1.0.0.202411081344/tools/bin/../lib/gcc/arm-none-eabi/13.3.1/thumb/v7e-m+fp/hard/crtn.o
                0x080090d0                        . = ALIGN (0x4)
                0x080090d0                        _etext = .

.vfp11_veneer   0x080090d0        0x0
 .vfp11_veneer  0x080090d0        0x0 linker stubs

.v4_bx          0x080090d0        0x0
 .v4_bx         0x080090d0        0x0 linker stubs

.iplt           0x080090d0        0x0
 .iplt          0x080090d0        0x0 C:/ST/STM32CubeIDE_1.14.1/STM32CubeIDE/plugins/com.st.stm32cube.ide.mcu.externaltools.gnu-tools-for-stm32.13.3.rel1.win32_1.0.0.202411081344/tools/bin/../lib/gcc/arm-none-eabi/13.3.1/thumb/v7e-m+fp/hard/crtbegin.o

.rodata         0x080090d0      0x164
                0x080090d0                        . = ALIGN (0x4)
 *(.rodata)
 *(.rodata*)
 .rodata.AHBPrescTable
                0x080090d0       0x10 ./Core/Src/system_stm32g4xx.o
                0x080090d0                AHBPrescTable
 .rodata.APBPrescTable
                0x080090e0        0x8 ./Core/Src/system_stm32g4xx.o
                0x080090e0                APBPrescTable
 .rodata.UARTPrescTable
                0x080090e8       0x18 ./Drivers/STM32G4xx_HAL_Driver/Src/stm32g4xx_hal_uart.o
                0x080090e8                UARTPrescTable
 .rodata.numerator.1
                0x08009100        0x8 ./Drivers/STM32G4xx_HAL_Driver/Src/stm32g4xx_hal_uart_ex.o
 .rodata.denominator.0
                0x08009108        0x8 ./Drivers/STM32G4xx_HAL_Driver/Src/stm32g4xx_hal_uart_ex.o
 .rodata._ctype_
                0x08009110      0x101 C:/ST/STM32CubeIDE_1.14.1/STM32CubeIDE/plugins/com.st.stm32cube.ide.mcu.externaltools.gnu-tools-for-stm32.13.3.rel1.win32_1.0.0.202411081344/tools/bin/../lib/gcc/arm-none-eabi/13.3.1/../../../../arm-none-eabi/lib/thumb/v7e-m+fp/hard\libc_nano.a(libc_a-ctype_.o)
                0x08009110                _ctype_
 *fill*         0x08009211        0x3 
 .rodata.ln2LO  0x08009214        0x8 C:/ST/STM32CubeIDE_1.14.1/STM32CubeIDE/plugins/com.st.stm32cube.ide.mcu.externaltools.gnu-tools-for-stm32.13.3.rel1.win32_1.0.0.202411081344/tools/bin/../lib/gcc/arm-none-eabi/13.3.1/../../../../arm-none-eabi/lib/thumb/v7e-m+fp/hard\libm.a(libm_a-ef_exp.o)
 .rodata.ln2HI  0x0800921c        0x8 C:/ST/STM32CubeIDE_1.14.1/STM32CubeIDE/plugins/com.st.stm32cube.ide.mcu.externaltools.gnu-tools-for-stm32.13.3.rel1.win32_1.0.0.202411081344/tools/bin/../lib/gcc/arm-none-eabi/13.3.1/../../../../arm-none-eabi/lib/thumb/v7e-m+fp/hard\libm.a(libm_a-ef_exp.o)
 .rodata.halF   0x08009224        0x8 C:/ST/STM32CubeIDE_1.14.1/STM32CubeIDE/plugins/com.st.stm32cube.ide.mcu.externaltools.gnu-tools-for-stm32.13.3.rel1.win32_1.0.0.202411081344/tools/bin/../lib/gcc/arm-none-eabi/13.3.1/../../../../arm-none-eabi/lib/thumb/v7e-m+fp/hard\libm.a(libm_a-ef_exp.o)
 .rodata.Zero   0x0800922c        0x8 C:/ST/STM32CubeIDE_1.14.1/STM32CubeIDE/plugins/com.st.stm32cube.ide.mcu.externaltools.gnu-tools-for-stm32.13.3.rel1.win32_1.0.0.202411081344/tools/bin/../lib/gcc/arm-none-eabi/13.3.1/../../../../arm-none-eabi/lib/thumb/v7e-m+fp/hard\libm.a(libm_a-ef_fmod.o)
                0x08009234                        . = ALIGN (0x4)

.ARM.extab      0x08009234        0x0
                0x08009234                        . = ALIGN (0x4)
 *(.ARM.extab* .gnu.linkonce.armextab.*)
                0x08009234                        . = ALIGN (0x4)

.ARM            0x08009234        0x8
                0x08009234                        . = ALIGN (0x4)
                0x08009234                        __exidx_start = .
 *(.ARM.exidx*)
 .ARM.exidx     0x08009234        0x8 C:/ST/STM32CubeIDE_1.14.1/STM32CubeIDE/plugins/com.st.stm32cube.ide.mcu.externaltools.gnu-tools-for-stm32.13.3.rel1.win32_1.0.0.202411081344/tools/bin/../lib/gcc/arm-none-eabi/13.3.1/thumb/v7e-m+fp/hard\libgcc.a(_udivmoddi4.o)
                0x0800923c                        __exidx_end = .
                0x0800923c                        . = ALIGN (0x4)

.preinit_array  0x0800923c        0x0
                0x0800923c                        . = ALIGN (0x4)
                0x0800923c                        PROVIDE (__preinit_array_start = .)
 *(.preinit_array*)
                0x0800923c                        PROVIDE (__preinit_array_end = .)
                0x0800923c                        . = ALIGN (0x4)

.init_array     0x0800923c        0x4
                0x0800923c                        . = ALIGN (0x4)
                0x0800923c                        PROVIDE (__init_array_start = .)
 *(SORT_BY_NAME(.init_array.*))
 *(.init_array*)
 .init_array    0x0800923c        0x4 C:/ST/STM32CubeIDE_1.14.1/STM32CubeIDE/plugins/com.st.stm32cube.ide.mcu.externaltools.gnu-tools-for-stm32.13.3.rel1.win32_1.0.0.202411081344/tools/bin/../lib/gcc/arm-none-eabi/13.3.1/thumb/v7e-m+fp/hard/crtbegin.o
                0x08009240                        PROVIDE (__init_array_end = .)
                0x08009240                        . = ALIGN (0x4)

.fini_array     0x08009240        0x4
                0x08009240                        . = ALIGN (0x4)
                [!provide]                        PROVIDE (__fini_array_start = .)
 *(SORT_BY_NAME(.fini_array.*))
 *(.fini_array*)
 .fini_array    0x08009240        0x4 C:/ST/STM32CubeIDE_1.14.1/STM32CubeIDE/plugins/com.st.stm32cube.ide.mcu.externaltools.gnu-tools-for-stm32.13.3.rel1.win32_1.0.0.202411081344/tools/bin/../lib/gcc/arm-none-eabi/13.3.1/thumb/v7e-m+fp/hard/crtbegin.o
                [!provide]                        PROVIDE (__fini_array_end = .)
                0x08009244                        . = ALIGN (0x4)
                0x08009244                        _sidata = LOADADDR (.data)

.rel.dyn        0x08009244        0x0
 .rel.iplt      0x08009244        0x0 C:/ST/STM32CubeIDE_1.14.1/STM32CubeIDE/plugins/com.st.stm32cube.ide.mcu.externaltools.gnu-tools-for-stm32.13.3.rel1.win32_1.0.0.202411081344/tools/bin/../lib/gcc/arm-none-eabi/13.3.1/thumb/v7e-m+fp/hard/crtbegin.o

.data           0x20000000       0x68 load address 0x08009244
                0x20000000                        . = ALIGN (0x4)
                0x20000000                        _sdata = .
 *(.data)
 *(.data*)
 .data.current_kp
                0x20000000        0x4 ./Core/Src/main.o
 .data.current_ki
                0x20000004        0x4 ./Core/Src/main.o
 .data.current_kd
                0x20000008        0x4 ./Core/Src/main.o
 .data.SystemCoreClock
                0x2000000c        0x4 ./Core/Src/system_stm32g4xx.o
                0x2000000c                SystemCoreClock
 .data.uwTickPrio
                0x20000010        0x4 ./Drivers/STM32G4xx_HAL_Driver/Src/stm32g4xx_hal.o
                0x20000010                uwTickPrio
 .data.uwTickFreq
                0x20000014        0x4 ./Drivers/STM32G4xx_HAL_Driver/Src/stm32g4xx_hal.o
                0x20000014                uwTickFreq
 .data._impure_ptr
                0x20000018        0x4 C:/ST/STM32CubeIDE_1.14.1/STM32CubeIDE/plugins/com.st.stm32cube.ide.mcu.externaltools.gnu-tools-for-stm32.13.3.rel1.win32_1.0.0.202411081344/tools/bin/../lib/gcc/arm-none-eabi/13.3.1/../../../../arm-none-eabi/lib/thumb/v7e-m+fp/hard\libc_nano.a(libc_a-impure.o)
                0x20000018                _impure_ptr
 .data._impure_data
                0x2000001c       0x4c C:/ST/STM32CubeIDE_1.14.1/STM32CubeIDE/plugins/com.st.stm32cube.ide.mcu.externaltools.gnu-tools-for-stm32.13.3.rel1.win32_1.0.0.202411081344/tools/bin/../lib/gcc/arm-none-eabi/13.3.1/../../../../arm-none-eabi/lib/thumb/v7e-m+fp/hard\libc_nano.a(libc_a-impure.o)
                0x2000001c                _impure_data
 *(.RamFunc)
 *(.RamFunc*)
                0x20000068                        . = ALIGN (0x4)
                0x20000068                        _edata = .

.igot.plt       0x20000068        0x0 load address 0x080092ac
 .igot.plt      0x20000068        0x0 C:/ST/STM32CubeIDE_1.14.1/STM32CubeIDE/plugins/com.st.stm32cube.ide.mcu.externaltools.gnu-tools-for-stm32.13.3.rel1.win32_1.0.0.202411081344/tools/bin/../lib/gcc/arm-none-eabi/13.3.1/thumb/v7e-m+fp/hard/crtbegin.o
                0x20000068                        . = ALIGN (0x4)

.bss            0x20000068     0x1bd4 load address 0x080092ac
                0x20000068                        _sbss = .
                0x20000068                        __bss_start__ = _sbss
 *(.bss)
 .bss           0x20000068       0x1c C:/ST/STM32CubeIDE_1.14.1/STM32CubeIDE/plugins/com.st.stm32cube.ide.mcu.externaltools.gnu-tools-for-stm32.13.3.rel1.win32_1.0.0.202411081344/tools/bin/../lib/gcc/arm-none-eabi/13.3.1/thumb/v7e-m+fp/hard/crtbegin.o
 *(.bss*)
 .bss.pid_b1    0x20000084       0x38 ./Core/Src/main.o
                0x20000084                pid_b1
 .bss.pid_b2    0x200000bc       0x38 ./Core/Src/main.o
                0x200000bc                pid_b2
 .bss.pid_b3    0x200000f4       0x38 ./Core/Src/main.o
                0x200000f4                pid_b3
 .bss.pid_b4    0x2000012c       0x38 ./Core/Src/main.o
                0x2000012c                pid_b4
 .bss.B1        0x20000164       0x10 ./Core/Src/main.o
                0x20000164                B1
 .bss.B2        0x20000174       0x10 ./Core/Src/main.o
                0x20000174                B2
 .bss.B3        0x20000184       0x10 ./Core/Src/main.o
                0x20000184                B3
 .bss.B4        0x20000194       0x10 ./Core/Src/main.o
                0x20000194                B4
 .bss.E1        0x200001a4      0x1b8 ./Core/Src/main.o
                0x200001a4                E1
 .bss.E2        0x2000035c      0x1b8 ./Core/Src/main.o
                0x2000035c                E2
 .bss.E3        0x20000514      0x1b8 ./Core/Src/main.o
                0x20000514                E3
 .bss.E4        0x200006cc      0x1b8 ./Core/Src/main.o
                0x200006cc                E4
 *fill*         0x20000884        0x4 
 .bss.S1        0x20000888      0x370 ./Core/Src/main.o
                0x20000888                S1
 .bss.S2        0x20000bf8      0x370 ./Core/Src/main.o
                0x20000bf8                S2
 .bss.S3        0x20000f68      0x370 ./Core/Src/main.o
                0x20000f68                S3
 .bss.S4        0x200012d8      0x370 ./Core/Src/main.o
                0x200012d8                S4
 .bss.htim1     0x20001648       0x4c ./Core/Src/main.o
                0x20001648                htim1
 .bss.htim2     0x20001694       0x4c ./Core/Src/main.o
                0x20001694                htim2
 .bss.htim3     0x200016e0       0x4c ./Core/Src/main.o
                0x200016e0                htim3
 .bss.htim4     0x2000172c       0x4c ./Core/Src/main.o
                0x2000172c                htim4
 .bss.htim6     0x20001778       0x4c ./Core/Src/main.o
                0x20001778                htim6
 .bss.htim8     0x200017c4       0x4c ./Core/Src/main.o
                0x200017c4                htim8
 .bss.htim15    0x20001810       0x4c ./Core/Src/main.o
                0x20001810                htim15
 .bss.htim16    0x2000185c       0x4c ./Core/Src/main.o
                0x2000185c                htim16
 .bss.htim17    0x200018a8       0x4c ./Core/Src/main.o
                0x200018a8                htim17
 .bss.htim20    0x200018f4       0x4c ./Core/Src/main.o
                0x200018f4                htim20
 .bss.huart5    0x20001940       0x94 ./Core/Src/main.o
                0x20001940                huart5
 .bss.huart2    0x200019d4       0x94 ./Core/Src/main.o
                0x200019d4                huart2
 .bss.b1_target_rpm
                0x20001a68        0x4 ./Core/Src/main.o
                0x20001a68                b1_target_rpm
 .bss.b2_target_rpm
                0x20001a6c        0x4 ./Core/Src/main.o
                0x20001a6c                b2_target_rpm
 .bss.b3_target_rpm
                0x20001a70        0x4 ./Core/Src/main.o
                0x20001a70                b3_target_rpm
 .bss.b4_target_rpm
                0x20001a74        0x4 ./Core/Src/main.o
                0x20001a74                b4_target_rpm
 .bss.b1_current_rpm
                0x20001a78        0x4 ./Core/Src/main.o
                0x20001a78                b1_current_rpm
 .bss.b2_current_rpm
                0x20001a7c        0x4 ./Core/Src/main.o
                0x20001a7c                b2_current_rpm
 .bss.b3_current_rpm
                0x20001a80        0x4 ./Core/Src/main.o
                0x20001a80                b3_current_rpm
 .bss.b4_current_rpm
                0x20001a84        0x4 ./Core/Src/main.o
                0x20001a84                b4_current_rpm
 .bss.b1_control_signal
                0x20001a88        0x4 ./Core/Src/main.o
                0x20001a88                b1_control_signal
 .bss.b2_control_signal
                0x20001a8c        0x4 ./Core/Src/main.o
                0x20001a8c                b2_control_signal
 .bss.b3_control_signal
                0x20001a90        0x4 ./Core/Src/main.o
                0x20001a90                b3_control_signal
 .bss.b4_control_signal
                0x20001a94        0x4 ./Core/Src/main.o
                0x20001a94                b4_control_signal
 .bss.s1_acc_err_pulses
                0x20001a98        0x4 ./Core/Src/main.o
                0x20001a98                s1_acc_err_pulses
 .bss.control_loop
                0x20001a9c        0x1 ./Core/Src/main.o
                0x20001a9c                control_loop
 *fill*         0x20001a9d        0x3 
 .bss.rx_buf    0x20001aa0       0x40 ./Core/Src/main.o
                0x20001aa0                rx_buf
 .bss.rx_byte   0x20001ae0        0x1 ./Core/Src/main.o
                0x20001ae0                rx_byte
 *fill*         0x20001ae1        0x3 
 .bss.rx_idx    0x20001ae4        0x4 ./Core/Src/main.o
                0x20001ae4                rx_idx
 .bss.callback_flag
                0x20001ae8        0x1 ./Core/Src/main.o
                0x20001ae8                callback_flag
 *fill*         0x20001ae9        0x3 
 .bss.__sbrk_heap_end
                0x20001aec        0x4 ./Core/Src/sysmem.o
 .bss.uwTick    0x20001af0        0x4 ./Drivers/STM32G4xx_HAL_Driver/Src/stm32g4xx_hal.o
                0x20001af0                uwTick
 .bss.__malloc_sbrk_start
                0x20001af4        0x4 C:/ST/STM32CubeIDE_1.14.1/STM32CubeIDE/plugins/com.st.stm32cube.ide.mcu.externaltools.gnu-tools-for-stm32.13.3.rel1.win32_1.0.0.202411081344/tools/bin/../lib/gcc/arm-none-eabi/13.3.1/../../../../arm-none-eabi/lib/thumb/v7e-m+fp/hard\libc_nano.a(libc_a-mallocr.o)
                0x20001af4                __malloc_sbrk_start
 .bss.__malloc_free_list
                0x20001af8        0x4 C:/ST/STM32CubeIDE_1.14.1/STM32CubeIDE/plugins/com.st.stm32cube.ide.mcu.externaltools.gnu-tools-for-stm32.13.3.rel1.win32_1.0.0.202411081344/tools/bin/../lib/gcc/arm-none-eabi/13.3.1/../../../../arm-none-eabi/lib/thumb/v7e-m+fp/hard\libc_nano.a(libc_a-mallocr.o)
                0x20001af8                __malloc_free_list
 .bss.__sf      0x20001afc      0x138 C:/ST/STM32CubeIDE_1.14.1/STM32CubeIDE/plugins/com.st.stm32cube.ide.mcu.externaltools.gnu-tools-for-stm32.13.3.rel1.win32_1.0.0.202411081344/tools/bin/../lib/gcc/arm-none-eabi/13.3.1/../../../../arm-none-eabi/lib/thumb/v7e-m+fp/hard\libc_nano.a(libc_a-findfp.o)
                0x20001afc                __sf
 .bss.errno     0x20001c34        0x4 C:/ST/STM32CubeIDE_1.14.1/STM32CubeIDE/plugins/com.st.stm32cube.ide.mcu.externaltools.gnu-tools-for-stm32.13.3.rel1.win32_1.0.0.202411081344/tools/bin/../lib/gcc/arm-none-eabi/13.3.1/../../../../arm-none-eabi/lib/thumb/v7e-m+fp/hard\libc_nano.a(libc_a-reent.o)
                0x20001c34                errno
 .bss.__lock___malloc_recursive_mutex
                0x20001c38        0x1 C:/ST/STM32CubeIDE_1.14.1/STM32CubeIDE/plugins/com.st.stm32cube.ide.mcu.externaltools.gnu-tools-for-stm32.13.3.rel1.win32_1.0.0.202411081344/tools/bin/../lib/gcc/arm-none-eabi/13.3.1/../../../../arm-none-eabi/lib/thumb/v7e-m+fp/hard\libc_nano.a(libc_a-lock.o)
                0x20001c38                __lock___malloc_recursive_mutex
 *(COMMON)
                0x20001c3c                        . = ALIGN (0x4)
 *fill*         0x20001c39        0x3 
                0x20001c3c                        _ebss = .
                0x20001c3c                        __bss_end__ = _ebss

._user_heap_stack
                0x20001c3c      0x604 load address 0x080092ac
                0x20001c40                        . = ALIGN (0x8)
 *fill*         0x20001c3c        0x4 
                [!provide]                        PROVIDE (end = .)
                0x20001c40                        PROVIDE (_end = .)
                0x20001e40                        . = (. + _Min_Heap_Size)
 *fill*         0x20001c40      0x200 
                0x20002240                        . = (. + _Min_Stack_Size)
 *fill*         0x20001e40      0x400 
                0x20002240                        . = ALIGN (0x8)

/DISCARD/
 libc.a(*)
 libm.a(*)
 libgcc.a(*)

.ARM.attributes
                0x00000000       0x30
 *(.ARM.attributes)
 .ARM.attributes
                0x00000000       0x22 C:/ST/STM32CubeIDE_1.14.1/STM32CubeIDE/plugins/com.st.stm32cube.ide.mcu.externaltools.gnu-tools-for-stm32.13.3.rel1.win32_1.0.0.202411081344/tools/bin/../lib/gcc/arm-none-eabi/13.3.1/thumb/v7e-m+fp/hard/crti.o
 .ARM.attributes
                0x00000022       0x34 C:/ST/STM32CubeIDE_1.14.1/STM32CubeIDE/plugins/com.st.stm32cube.ide.mcu.externaltools.gnu-tools-for-stm32.13.3.rel1.win32_1.0.0.202411081344/tools/bin/../lib/gcc/arm-none-eabi/13.3.1/thumb/v7e-m+fp/hard/crtbegin.o
 .ARM.attributes
                0x00000056       0x34 ./Core/Src/Stepperv2.o
 .ARM.attributes
                0x0000008a       0x34 ./Core/Src/encoder.o
 .ARM.attributes
                0x000000be       0x34 ./Core/Src/main.o
 .ARM.attributes
                0x000000f2       0x34 ./Core/Src/motor_driver.o
 .ARM.attributes
                0x00000126       0x34 ./Core/Src/pid_controller.o
 .ARM.attributes
                0x0000015a       0x34 ./Core/Src/stm32g4xx_hal_msp.o
 .ARM.attributes
                0x0000018e       0x34 ./Core/Src/stm32g4xx_it.o
 .ARM.attributes
                0x000001c2       0x34 ./Core/Src/sysmem.o
 .ARM.attributes
                0x000001f6       0x34 ./Core/Src/system_stm32g4xx.o
 .ARM.attributes
                0x0000022a       0x21 ./Core/Startup/startup_stm32g491retx.o
 .ARM.attributes
                0x0000024b       0x34 ./Drivers/STM32G4xx_HAL_Driver/Src/stm32g4xx_hal.o
 .ARM.attributes
                0x0000027f       0x34 ./Drivers/STM32G4xx_HAL_Driver/Src/stm32g4xx_hal_cortex.o
 .ARM.attributes
                0x000002b3       0x34 ./Drivers/STM32G4xx_HAL_Driver/Src/stm32g4xx_hal_dma.o
 .ARM.attributes
                0x000002e7       0x34 ./Drivers/STM32G4xx_HAL_Driver/Src/stm32g4xx_hal_gpio.o
 .ARM.attributes
                0x0000031b       0x34 ./Drivers/STM32G4xx_HAL_Driver/Src/stm32g4xx_hal_pwr_ex.o
 .ARM.attributes
                0x0000034f       0x34 ./Drivers/STM32G4xx_HAL_Driver/Src/stm32g4xx_hal_rcc.o
 .ARM.attributes
                0x00000383       0x34 ./Drivers/STM32G4xx_HAL_Driver/Src/stm32g4xx_hal_rcc_ex.o
 .ARM.attributes
                0x000003b7       0x34 ./Drivers/STM32G4xx_HAL_Driver/Src/stm32g4xx_hal_tim.o
 .ARM.attributes
                0x000003eb       0x34 ./Drivers/STM32G4xx_HAL_Driver/Src/stm32g4xx_hal_tim_ex.o
 .ARM.attributes
                0x0000041f       0x34 ./Drivers/STM32G4xx_HAL_Driver/Src/stm32g4xx_hal_uart.o
 .ARM.attributes
                0x00000453       0x34 ./Drivers/STM32G4xx_HAL_Driver/Src/stm32g4xx_hal_uart_ex.o
 .ARM.attributes
                0x00000487       0x34 C:/ST/STM32CubeIDE_1.14.1/STM32CubeIDE/plugins/com.st.stm32cube.ide.mcu.externaltools.gnu-tools-for-stm32.13.3.rel1.win32_1.0.0.202411081344/tools/bin/../lib/gcc/arm-none-eabi/13.3.1/../../../../arm-none-eabi/lib/thumb/v7e-m+fp/hard\libc_nano.a(libc_a-malloc.o)
 .ARM.attributes
                0x000004bb       0x34 C:/ST/STM32CubeIDE_1.14.1/STM32CubeIDE/plugins/com.st.stm32cube.ide.mcu.externaltools.gnu-tools-for-stm32.13.3.rel1.win32_1.0.0.202411081344/tools/bin/../lib/gcc/arm-none-eabi/13.3.1/../../../../arm-none-eabi/lib/thumb/v7e-m+fp/hard\libc_nano.a(libc_a-mallocr.o)
 .ARM.attributes
                0x000004ef       0x34 C:/ST/STM32CubeIDE_1.14.1/STM32CubeIDE/plugins/com.st.stm32cube.ide.mcu.externaltools.gnu-tools-for-stm32.13.3.rel1.win32_1.0.0.202411081344/tools/bin/../lib/gcc/arm-none-eabi/13.3.1/../../../../arm-none-eabi/lib/thumb/v7e-m+fp/hard\libc_nano.a(libc_a-mlock.o)
 .ARM.attributes
                0x00000523       0x34 C:/ST/STM32CubeIDE_1.14.1/STM32CubeIDE/plugins/com.st.stm32cube.ide.mcu.externaltools.gnu-tools-for-stm32.13.3.rel1.win32_1.0.0.202411081344/tools/bin/../lib/gcc/arm-none-eabi/13.3.1/../../../../arm-none-eabi/lib/thumb/v7e-m+fp/hard\libc_nano.a(libc_a-ctype_.o)
 .ARM.attributes
                0x00000557       0x34 C:/ST/STM32CubeIDE_1.14.1/STM32CubeIDE/plugins/com.st.stm32cube.ide.mcu.externaltools.gnu-tools-for-stm32.13.3.rel1.win32_1.0.0.202411081344/tools/bin/../lib/gcc/arm-none-eabi/13.3.1/../../../../arm-none-eabi/lib/thumb/v7e-m+fp/hard\libc_nano.a(libc_a-findfp.o)
 .ARM.attributes
                0x0000058b       0x34 C:/ST/STM32CubeIDE_1.14.1/STM32CubeIDE/plugins/com.st.stm32cube.ide.mcu.externaltools.gnu-tools-for-stm32.13.3.rel1.win32_1.0.0.202411081344/tools/bin/../lib/gcc/arm-none-eabi/13.3.1/../../../../arm-none-eabi/lib/thumb/v7e-m+fp/hard\libc_nano.a(libc_a-memset.o)
 .ARM.attributes
                0x000005bf       0x34 C:/ST/STM32CubeIDE_1.14.1/STM32CubeIDE/plugins/com.st.stm32cube.ide.mcu.externaltools.gnu-tools-for-stm32.13.3.rel1.win32_1.0.0.202411081344/tools/bin/../lib/gcc/arm-none-eabi/13.3.1/../../../../arm-none-eabi/lib/thumb/v7e-m+fp/hard\libc_nano.a(libc_a-reent.o)
 .ARM.attributes
                0x000005f3       0x34 C:/ST/STM32CubeIDE_1.14.1/STM32CubeIDE/plugins/com.st.stm32cube.ide.mcu.externaltools.gnu-tools-for-stm32.13.3.rel1.win32_1.0.0.202411081344/tools/bin/../lib/gcc/arm-none-eabi/13.3.1/../../../../arm-none-eabi/lib/thumb/v7e-m+fp/hard\libc_nano.a(libc_a-impure.o)
 .ARM.attributes
                0x00000627       0x34 C:/ST/STM32CubeIDE_1.14.1/STM32CubeIDE/plugins/com.st.stm32cube.ide.mcu.externaltools.gnu-tools-for-stm32.13.3.rel1.win32_1.0.0.202411081344/tools/bin/../lib/gcc/arm-none-eabi/13.3.1/../../../../arm-none-eabi/lib/thumb/v7e-m+fp/hard\libc_nano.a(libc_a-sbrkr.o)
 .ARM.attributes
                0x0000065b       0x34 C:/ST/STM32CubeIDE_1.14.1/STM32CubeIDE/plugins/com.st.stm32cube.ide.mcu.externaltools.gnu-tools-for-stm32.13.3.rel1.win32_1.0.0.202411081344/tools/bin/../lib/gcc/arm-none-eabi/13.3.1/../../../../arm-none-eabi/lib/thumb/v7e-m+fp/hard\libc_nano.a(libc_a-errno.o)
 .ARM.attributes
                0x0000068f       0x34 C:/ST/STM32CubeIDE_1.14.1/STM32CubeIDE/plugins/com.st.stm32cube.ide.mcu.externaltools.gnu-tools-for-stm32.13.3.rel1.win32_1.0.0.202411081344/tools/bin/../lib/gcc/arm-none-eabi/13.3.1/../../../../arm-none-eabi/lib/thumb/v7e-m+fp/hard\libc_nano.a(libc_a-init.o)
 .ARM.attributes
                0x000006c3       0x34 C:/ST/STM32CubeIDE_1.14.1/STM32CubeIDE/plugins/com.st.stm32cube.ide.mcu.externaltools.gnu-tools-for-stm32.13.3.rel1.win32_1.0.0.202411081344/tools/bin/../lib/gcc/arm-none-eabi/13.3.1/../../../../arm-none-eabi/lib/thumb/v7e-m+fp/hard\libc_nano.a(libc_a-lock.o)
 .ARM.attributes
                0x000006f7       0x34 C:/ST/STM32CubeIDE_1.14.1/STM32CubeIDE/plugins/com.st.stm32cube.ide.mcu.externaltools.gnu-tools-for-stm32.13.3.rel1.win32_1.0.0.202411081344/tools/bin/../lib/gcc/arm-none-eabi/13.3.1/../../../../arm-none-eabi/lib/thumb/v7e-m+fp/hard\libm.a(libm_a-wf_exp.o)
 .ARM.attributes
                0x0000072b       0x34 C:/ST/STM32CubeIDE_1.14.1/STM32CubeIDE/plugins/com.st.stm32cube.ide.mcu.externaltools.gnu-tools-for-stm32.13.3.rel1.win32_1.0.0.202411081344/tools/bin/../lib/gcc/arm-none-eabi/13.3.1/../../../../arm-none-eabi/lib/thumb/v7e-m+fp/hard\libm.a(libm_a-wf_fmod.o)
 .ARM.attributes
                0x0000075f       0x34 C:/ST/STM32CubeIDE_1.14.1/STM32CubeIDE/plugins/com.st.stm32cube.ide.mcu.externaltools.gnu-tools-for-stm32.13.3.rel1.win32_1.0.0.202411081344/tools/bin/../lib/gcc/arm-none-eabi/13.3.1/../../../../arm-none-eabi/lib/thumb/v7e-m+fp/hard\libm.a(libm_a-sf_finite.o)
 .ARM.attributes
                0x00000793       0x34 C:/ST/STM32CubeIDE_1.14.1/STM32CubeIDE/plugins/com.st.stm32cube.ide.mcu.externaltools.gnu-tools-for-stm32.13.3.rel1.win32_1.0.0.202411081344/tools/bin/../lib/gcc/arm-none-eabi/13.3.1/../../../../arm-none-eabi/lib/thumb/v7e-m+fp/hard\libm.a(libm_a-ef_exp.o)
 .ARM.attributes
                0x000007c7       0x34 C:/ST/STM32CubeIDE_1.14.1/STM32CubeIDE/plugins/com.st.stm32cube.ide.mcu.externaltools.gnu-tools-for-stm32.13.3.rel1.win32_1.0.0.202411081344/tools/bin/../lib/gcc/arm-none-eabi/13.3.1/../../../../arm-none-eabi/lib/thumb/v7e-m+fp/hard\libm.a(libm_a-ef_fmod.o)
 .ARM.attributes
                0x000007fb       0x34 C:/ST/STM32CubeIDE_1.14.1/STM32CubeIDE/plugins/com.st.stm32cube.ide.mcu.externaltools.gnu-tools-for-stm32.13.3.rel1.win32_1.0.0.202411081344/tools/bin/../lib/gcc/arm-none-eabi/13.3.1/../../../../arm-none-eabi/lib/thumb/v7e-m+fp/hard\libm.a(libm_a-math_errf.o)
 .ARM.attributes
                0x0000082f       0x22 C:/ST/STM32CubeIDE_1.14.1/STM32CubeIDE/plugins/com.st.stm32cube.ide.mcu.externaltools.gnu-tools-for-stm32.13.3.rel1.win32_1.0.0.202411081344/tools/bin/../lib/gcc/arm-none-eabi/13.3.1/thumb/v7e-m+fp/hard\libgcc.a(_aeabi_uldivmod.o)
 .ARM.attributes
                0x00000851       0x34 C:/ST/STM32CubeIDE_1.14.1/STM32CubeIDE/plugins/com.st.stm32cube.ide.mcu.externaltools.gnu-tools-for-stm32.13.3.rel1.win32_1.0.0.202411081344/tools/bin/../lib/gcc/arm-none-eabi/13.3.1/thumb/v7e-m+fp/hard\libgcc.a(_udivmoddi4.o)
 .ARM.attributes
                0x00000885       0x22 C:/ST/STM32CubeIDE_1.14.1/STM32CubeIDE/plugins/com.st.stm32cube.ide.mcu.externaltools.gnu-tools-for-stm32.13.3.rel1.win32_1.0.0.202411081344/tools/bin/../lib/gcc/arm-none-eabi/13.3.1/thumb/v7e-m+fp/hard\libgcc.a(_dvmd_tls.o)
 .ARM.attributes
                0x000008a7       0x22 C:/ST/STM32CubeIDE_1.14.1/STM32CubeIDE/plugins/com.st.stm32cube.ide.mcu.externaltools.gnu-tools-for-stm32.13.3.rel1.win32_1.0.0.202411081344/tools/bin/../lib/gcc/arm-none-eabi/13.3.1/thumb/v7e-m+fp/hard/crtn.o
OUTPUT(Alyx_Stack.elf elf32-littlearm)
LOAD linker stubs
LOAD C:/ST/STM32CubeIDE_1.14.1/STM32CubeIDE/plugins/com.st.stm32cube.ide.mcu.externaltools.gnu-tools-for-stm32.13.3.rel1.win32_1.0.0.202411081344/tools/bin/../lib/gcc/arm-none-eabi/13.3.1/../../../../arm-none-eabi/lib/thumb/v7e-m+fp/hard\libc.a
LOAD C:/ST/STM32CubeIDE_1.14.1/STM32CubeIDE/plugins/com.st.stm32cube.ide.mcu.externaltools.gnu-tools-for-stm32.13.3.rel1.win32_1.0.0.202411081344/tools/bin/../lib/gcc/arm-none-eabi/13.3.1/../../../../arm-none-eabi/lib/thumb/v7e-m+fp/hard\libm.a
LOAD C:/ST/STM32CubeIDE_1.14.1/STM32CubeIDE/plugins/com.st.stm32cube.ide.mcu.externaltools.gnu-tools-for-stm32.13.3.rel1.win32_1.0.0.202411081344/tools/bin/../lib/gcc/arm-none-eabi/13.3.1/thumb/v7e-m+fp/hard\libgcc.a

.debug_info     0x00000000    0x16c22
 .debug_info    0x00000000     0x11a7 ./Core/Src/Stepperv2.o
 .debug_info    0x000011a7      0xc19 ./Core/Src/encoder.o
 .debug_info    0x00001dc0     0x25f6 ./Core/Src/main.o
 .debug_info    0x000043b6      0xd66 ./Core/Src/motor_driver.o
 .debug_info    0x0000511c      0x405 ./Core/Src/pid_controller.o
 .debug_info    0x00005521     0x1795 ./Core/Src/stm32g4xx_hal_msp.o
 .debug_info    0x00006cb6      0xcf2 ./Core/Src/stm32g4xx_it.o
 .debug_info    0x000079a8      0x168 ./Core/Src/sysmem.o
 .debug_info    0x00007b10      0x58e ./Core/Src/system_stm32g4xx.o
 .debug_info    0x0000809e       0x30 ./Core/Startup/startup_stm32g491retx.o
 .debug_info    0x000080ce      0xb29 ./Drivers/STM32G4xx_HAL_Driver/Src/stm32g4xx_hal.o
 .debug_info    0x00008bf7      0xd8d ./Drivers/STM32G4xx_HAL_Driver/Src/stm32g4xx_hal_cortex.o
 .debug_info    0x00009984      0x85f ./Drivers/STM32G4xx_HAL_Driver/Src/stm32g4xx_hal_dma.o
 .debug_info    0x0000a1e3      0x763 ./Drivers/STM32G4xx_HAL_Driver/Src/stm32g4xx_hal_gpio.o
 .debug_info    0x0000a946      0x93f ./Drivers/STM32G4xx_HAL_Driver/Src/stm32g4xx_hal_pwr_ex.o
 .debug_info    0x0000b285      0xb82 ./Drivers/STM32G4xx_HAL_Driver/Src/stm32g4xx_hal_rcc.o
 .debug_info    0x0000be07      0xc39 ./Drivers/STM32G4xx_HAL_Driver/Src/stm32g4xx_hal_rcc_ex.o
 .debug_info    0x0000ca40     0x2c52 ./Drivers/STM32G4xx_HAL_Driver/Src/stm32g4xx_hal_tim.o
 .debug_info    0x0000f692     0x1d95 ./Drivers/STM32G4xx_HAL_Driver/Src/stm32g4xx_hal_tim_ex.o
 .debug_info    0x00011427     0x481e ./Drivers/STM32G4xx_HAL_Driver/Src/stm32g4xx_hal_uart.o
 .debug_info    0x00015c45      0xfdd ./Drivers/STM32G4xx_HAL_Driver/Src/stm32g4xx_hal_uart_ex.o

.debug_abbrev   0x00000000     0x2f84
 .debug_abbrev  0x00000000      0x2cb ./Core/Src/Stepperv2.o
 .debug_abbrev  0x000002cb      0x2a0 ./Core/Src/encoder.o
 .debug_abbrev  0x0000056b      0x401 ./Core/Src/main.o
 .debug_abbrev  0x0000096c      0x2b1 ./Core/Src/motor_driver.o
 .debug_abbrev  0x00000c1d      0x14c ./Core/Src/pid_controller.o
 .debug_abbrev  0x00000d69      0x272 ./Core/Src/stm32g4xx_hal_msp.o
 .debug_abbrev  0x00000fdb      0x1e6 ./Core/Src/stm32g4xx_it.o
 .debug_abbrev  0x000011c1       0xbc ./Core/Src/sysmem.o
 .debug_abbrev  0x0000127d      0x11a ./Core/Src/system_stm32g4xx.o
 .debug_abbrev  0x00001397       0x24 ./Core/Startup/startup_stm32g491retx.o
 .debug_abbrev  0x000013bb      0x271 ./Drivers/STM32G4xx_HAL_Driver/Src/stm32g4xx_hal.o
 .debug_abbrev  0x0000162c      0x31c ./Drivers/STM32G4xx_HAL_Driver/Src/stm32g4xx_hal_cortex.o
 .debug_abbrev  0x00001948      0x1e2 ./Drivers/STM32G4xx_HAL_Driver/Src/stm32g4xx_hal_dma.o
 .debug_abbrev  0x00001b2a      0x1cb ./Drivers/STM32G4xx_HAL_Driver/Src/stm32g4xx_hal_gpio.o
 .debug_abbrev  0x00001cf5      0x22c ./Drivers/STM32G4xx_HAL_Driver/Src/stm32g4xx_hal_pwr_ex.o
 .debug_abbrev  0x00001f21      0x2c9 ./Drivers/STM32G4xx_HAL_Driver/Src/stm32g4xx_hal_rcc.o
 .debug_abbrev  0x000021ea      0x258 ./Drivers/STM32G4xx_HAL_Driver/Src/stm32g4xx_hal_rcc_ex.o
 .debug_abbrev  0x00002442      0x2a7 ./Drivers/STM32G4xx_HAL_Driver/Src/stm32g4xx_hal_tim.o
 .debug_abbrev  0x000026e9      0x2c5 ./Drivers/STM32G4xx_HAL_Driver/Src/stm32g4xx_hal_tim_ex.o
 .debug_abbrev  0x000029ae      0x304 ./Drivers/STM32G4xx_HAL_Driver/Src/stm32g4xx_hal_uart.o
 .debug_abbrev  0x00002cb2      0x2d2 ./Drivers/STM32G4xx_HAL_Driver/Src/stm32g4xx_hal_uart_ex.o

.debug_aranges  0x00000000     0x12a8
 .debug_aranges
                0x00000000       0x90 ./Core/Src/Stepperv2.o
 .debug_aranges
                0x00000090       0x60 ./Core/Src/encoder.o
 .debug_aranges
                0x000000f0       0xc8 ./Core/Src/main.o
 .debug_aranges
                0x000001b8       0x38 ./Core/Src/motor_driver.o
 .debug_aranges
                0x000001f0       0x58 ./Core/Src/pid_controller.o
 .debug_aranges
                0x00000248       0x68 ./Core/Src/stm32g4xx_hal_msp.o
 .debug_aranges
                0x000002b0       0x98 ./Core/Src/stm32g4xx_it.o
 .debug_aranges
                0x00000348       0x20 ./Core/Src/sysmem.o
 .debug_aranges
                0x00000368       0x28 ./Core/Src/system_stm32g4xx.o
 .debug_aranges
                0x00000390       0x28 ./Core/Startup/startup_stm32g491retx.o
 .debug_aranges
                0x000003b8      0x148 ./Drivers/STM32G4xx_HAL_Driver/Src/stm32g4xx_hal.o
 .debug_aranges
                0x00000500      0x128 ./Drivers/STM32G4xx_HAL_Driver/Src/stm32g4xx_hal_cortex.o
 .debug_aranges
                0x00000628       0x90 ./Drivers/STM32G4xx_HAL_Driver/Src/stm32g4xx_hal_dma.o
 .debug_aranges
                0x000006b8       0x58 ./Drivers/STM32G4xx_HAL_Driver/Src/stm32g4xx_hal_gpio.o
 .debug_aranges
                0x00000710      0x140 ./Drivers/STM32G4xx_HAL_Driver/Src/stm32g4xx_hal_pwr_ex.o
 .debug_aranges
                0x00000850       0x98 ./Drivers/STM32G4xx_HAL_Driver/Src/stm32g4xx_hal_rcc.o
 .debug_aranges
                0x000008e8       0xb0 ./Drivers/STM32G4xx_HAL_Driver/Src/stm32g4xx_hal_rcc_ex.o
 .debug_aranges
                0x00000998      0x3e0 ./Drivers/STM32G4xx_HAL_Driver/Src/stm32g4xx_hal_tim.o
 .debug_aranges
                0x00000d78      0x240 ./Drivers/STM32G4xx_HAL_Driver/Src/stm32g4xx_hal_tim_ex.o
 .debug_aranges
                0x00000fb8      0x248 ./Drivers/STM32G4xx_HAL_Driver/Src/stm32g4xx_hal_uart.o
 .debug_aranges
                0x00001200       0xa8 ./Drivers/STM32G4xx_HAL_Driver/Src/stm32g4xx_hal_uart_ex.o

.debug_rnglists
                0x00000000      0xec3
 .debug_rnglists
                0x00000000       0x6e ./Core/Src/Stepperv2.o
 .debug_rnglists
                0x0000006e       0x47 ./Core/Src/encoder.o
 .debug_rnglists
                0x000000b5       0xa1 ./Core/Src/main.o
 .debug_rnglists
                0x00000156       0x57 ./Core/Src/motor_driver.o
 .debug_rnglists
                0x000001ad       0x3f ./Core/Src/pid_controller.o
 .debug_rnglists
                0x000001ec       0x50 ./Core/Src/stm32g4xx_hal_msp.o
 .debug_rnglists
                0x0000023c       0x6d ./Core/Src/stm32g4xx_it.o
 .debug_rnglists
                0x000002a9       0x13 ./Core/Src/sysmem.o
 .debug_rnglists
                0x000002bc       0x1a ./Core/Src/system_stm32g4xx.o
 .debug_rnglists
                0x000002d6       0x19 ./Core/Startup/startup_stm32g491retx.o
 .debug_rnglists
                0x000002ef       0xf1 ./Drivers/STM32G4xx_HAL_Driver/Src/stm32g4xx_hal.o
 .debug_rnglists
                0x000003e0       0xda ./Drivers/STM32G4xx_HAL_Driver/Src/stm32g4xx_hal_cortex.o
 .debug_rnglists
                0x000004ba       0x71 ./Drivers/STM32G4xx_HAL_Driver/Src/stm32g4xx_hal_dma.o
 .debug_rnglists
                0x0000052b       0x3f ./Drivers/STM32G4xx_HAL_Driver/Src/stm32g4xx_hal_gpio.o
 .debug_rnglists
                0x0000056a       0xf1 ./Drivers/STM32G4xx_HAL_Driver/Src/stm32g4xx_hal_pwr_ex.o
 .debug_rnglists
                0x0000065b       0x74 ./Drivers/STM32G4xx_HAL_Driver/Src/stm32g4xx_hal_rcc.o
 .debug_rnglists
                0x000006cf       0x87 ./Drivers/STM32G4xx_HAL_Driver/Src/stm32g4xx_hal_rcc_ex.o
 .debug_rnglists
                0x00000756      0x328 ./Drivers/STM32G4xx_HAL_Driver/Src/stm32g4xx_hal_tim.o
 .debug_rnglists
                0x00000a7e      0x1cc ./Drivers/STM32G4xx_HAL_Driver/Src/stm32g4xx_hal_tim_ex.o
 .debug_rnglists
                0x00000c4a      0x1fa ./Drivers/STM32G4xx_HAL_Driver/Src/stm32g4xx_hal_uart.o
 .debug_rnglists
                0x00000e44       0x7f ./Drivers/STM32G4xx_HAL_Driver/Src/stm32g4xx_hal_uart_ex.o

.debug_macro    0x00000000    0x206b6
 .debug_macro   0x00000000      0x28c ./Core/Src/Stepperv2.o
 .debug_macro   0x0000028c      0xad8 ./Core/Src/Stepperv2.o
 .debug_macro   0x00000d64      0x15b ./Core/Src/Stepperv2.o
 .debug_macro   0x00000ebf       0x2e ./Core/Src/Stepperv2.o
 .debug_macro   0x00000eed       0x28 ./Core/Src/Stepperv2.o
 .debug_macro   0x00000f15       0x22 ./Core/Src/Stepperv2.o
 .debug_macro   0x00000f37       0x8e ./Core/Src/Stepperv2.o
 .debug_macro   0x00000fc5       0x51 ./Core/Src/Stepperv2.o
 .debug_macro   0x00001016      0x103 ./Core/Src/Stepperv2.o
 .debug_macro   0x00001119       0x6a ./Core/Src/Stepperv2.o
 .debug_macro   0x00001183      0x1df ./Core/Src/Stepperv2.o
 .debug_macro   0x00001362       0x1c ./Core/Src/Stepperv2.o
 .debug_macro   0x0000137e       0x22 ./Core/Src/Stepperv2.o
 .debug_macro   0x000013a0       0xfb ./Core/Src/Stepperv2.o
 .debug_macro   0x0000149b     0x1011 ./Core/Src/Stepperv2.o
 .debug_macro   0x000024ac      0x11f ./Core/Src/Stepperv2.o
 .debug_macro   0x000025cb    0x11e7f ./Core/Src/Stepperv2.o
 .debug_macro   0x0001444a       0x6d ./Core/Src/Stepperv2.o
 .debug_macro   0x000144b7     0x3558 ./Core/Src/Stepperv2.o
 .debug_macro   0x00017a0f      0x190 ./Core/Src/Stepperv2.o
 .debug_macro   0x00017b9f       0x5c ./Core/Src/Stepperv2.o
 .debug_macro   0x00017bfb     0x1535 ./Core/Src/Stepperv2.o
 .debug_macro   0x00019130      0x5cf ./Core/Src/Stepperv2.o
 .debug_macro   0x000196ff      0x1b6 ./Core/Src/Stepperv2.o
 .debug_macro   0x000198b5      0x2d0 ./Core/Src/Stepperv2.o
 .debug_macro   0x00019b85      0x4a2 ./Core/Src/Stepperv2.o
 .debug_macro   0x0001a027      0x18b ./Core/Src/Stepperv2.o
 .debug_macro   0x0001a1b2       0x43 ./Core/Src/Stepperv2.o
 .debug_macro   0x0001a1f5      0x23d ./Core/Src/Stepperv2.o
 .debug_macro   0x0001a432      0x211 ./Core/Src/Stepperv2.o
 .debug_macro   0x0001a643      0x416 ./Core/Src/Stepperv2.o
 .debug_macro   0x0001aa59      0x10e ./Core/Src/Stepperv2.o
 .debug_macro   0x0001ab67      0x122 ./Core/Src/Stepperv2.o
 .debug_macro   0x0001ac89      0x3d1 ./Core/Src/Stepperv2.o
 .debug_macro   0x0001b05a      0xbe8 ./Core/Src/Stepperv2.o
 .debug_macro   0x0001bc42      0x4ee ./Core/Src/Stepperv2.o
 .debug_macro   0x0001c130      0x693 ./Core/Src/Stepperv2.o
 .debug_macro   0x0001c7c3       0xa6 ./Core/Src/Stepperv2.o
 .debug_macro   0x0001c869      0x321 ./Core/Src/Stepperv2.o
 .debug_macro   0x0001cb8a       0x61 ./Core/Src/Stepperv2.o
 .debug_macro   0x0001cbeb       0x2a ./Core/Src/Stepperv2.o
 .debug_macro   0x0001cc15       0x43 ./Core/Src/Stepperv2.o
 .debug_macro   0x0001cc58       0x34 ./Core/Src/Stepperv2.o
 .debug_macro   0x0001cc8c      0x370 ./Core/Src/Stepperv2.o
 .debug_macro   0x0001cffc       0x16 ./Core/Src/Stepperv2.o
 .debug_macro   0x0001d012       0x4a ./Core/Src/Stepperv2.o
 .debug_macro   0x0001d05c       0x34 ./Core/Src/Stepperv2.o
 .debug_macro   0x0001d090       0x10 ./Core/Src/Stepperv2.o
 .debug_macro   0x0001d0a0       0x58 ./Core/Src/Stepperv2.o
 .debug_macro   0x0001d0f8       0x8e ./Core/Src/Stepperv2.o
 .debug_macro   0x0001d186       0x1c ./Core/Src/Stepperv2.o
 .debug_macro   0x0001d1a2      0x185 ./Core/Src/Stepperv2.o
 .debug_macro   0x0001d327      0x19b ./Core/Src/Stepperv2.o
 .debug_macro   0x0001d4c2      0x198 ./Core/Src/Stepperv2.o
 .debug_macro   0x0001d65a      0x2bb ./Core/Src/encoder.o
 .debug_macro   0x0001d915       0x16 ./Core/Src/encoder.o
 .debug_macro   0x0001d92b       0x3c ./Core/Src/encoder.o
 .debug_macro   0x0001d967       0x16 ./Core/Src/encoder.o
 .debug_macro   0x0001d97d       0x29 ./Core/Src/encoder.o
 .debug_macro   0x0001d9a6      0x394 ./Core/Src/main.o
 .debug_macro   0x0001dd3a      0x192 ./Core/Src/main.o
 .debug_macro   0x0001decc       0x22 ./Core/Src/main.o
 .debug_macro   0x0001deee       0x10 ./Core/Src/main.o
 .debug_macro   0x0001defe       0x20 ./Core/Src/main.o
 .debug_macro   0x0001df1e       0x1c ./Core/Src/main.o
 .debug_macro   0x0001df3a       0x10 ./Core/Src/main.o
 .debug_macro   0x0001df4a       0x1c ./Core/Src/main.o
 .debug_macro   0x0001df66       0x16 ./Core/Src/main.o
 .debug_macro   0x0001df7c      0x146 ./Core/Src/main.o
 .debug_macro   0x0001e0c2      0x11f ./Core/Src/main.o
 .debug_macro   0x0001e1e1      0x321 ./Core/Src/motor_driver.o
 .debug_macro   0x0001e502      0x119 ./Core/Src/motor_driver.o
 .debug_macro   0x0001e61b       0x16 ./Core/Src/motor_driver.o
 .debug_macro   0x0001e631      0x29b ./Core/Src/pid_controller.o
 .debug_macro   0x0001e8cc      0x1dd ./Core/Src/stm32g4xx_hal_msp.o
 .debug_macro   0x0001eaa9      0x1e7 ./Core/Src/stm32g4xx_it.o
 .debug_macro   0x0001ec90      0x112 ./Core/Src/sysmem.o
 .debug_macro   0x0001eda2      0x23c ./Core/Src/sysmem.o
 .debug_macro   0x0001efde      0x1ce ./Core/Src/system_stm32g4xx.o
 .debug_macro   0x0001f1ac      0x21c ./Drivers/STM32G4xx_HAL_Driver/Src/stm32g4xx_hal.o
 .debug_macro   0x0001f3c8      0x1ce ./Drivers/STM32G4xx_HAL_Driver/Src/stm32g4xx_hal_cortex.o
 .debug_macro   0x0001f596      0x1ce ./Drivers/STM32G4xx_HAL_Driver/Src/stm32g4xx_hal_dma.o
 .debug_macro   0x0001f764      0x1d5 ./Drivers/STM32G4xx_HAL_Driver/Src/stm32g4xx_hal_gpio.o
 .debug_macro   0x0001f939      0x1f8 ./Drivers/STM32G4xx_HAL_Driver/Src/stm32g4xx_hal_pwr_ex.o
 .debug_macro   0x0001fb31      0x210 ./Drivers/STM32G4xx_HAL_Driver/Src/stm32g4xx_hal_rcc.o
 .debug_macro   0x0001fd41      0x1f8 ./Drivers/STM32G4xx_HAL_Driver/Src/stm32g4xx_hal_rcc_ex.o
 .debug_macro   0x0001ff39      0x1d6 ./Drivers/STM32G4xx_HAL_Driver/Src/stm32g4xx_hal_tim.o
 .debug_macro   0x0002010f      0x1d4 ./Drivers/STM32G4xx_HAL_Driver/Src/stm32g4xx_hal_tim_ex.o
 .debug_macro   0x000202e3      0x1f9 ./Drivers/STM32G4xx_HAL_Driver/Src/stm32g4xx_hal_uart.o
 .debug_macro   0x000204dc      0x1da ./Drivers/STM32G4xx_HAL_Driver/Src/stm32g4xx_hal_uart_ex.o

.debug_line     0x00000000    0x16862
 .debug_line    0x00000000      0xc67 ./Core/Src/Stepperv2.o
 .debug_line    0x00000c67      0xb6b ./Core/Src/encoder.o
 .debug_line    0x000017d2     0x139c ./Core/Src/main.o
 .debug_line    0x00002b6e      0xb89 ./Core/Src/motor_driver.o
 .debug_line    0x000036f7      0xb1e ./Core/Src/pid_controller.o
 .debug_line    0x00004215      0xae1 ./Core/Src/stm32g4xx_hal_msp.o
 .debug_line    0x00004cf6      0x8bb ./Core/Src/stm32g4xx_it.o
 .debug_line    0x000055b1      0x588 ./Core/Src/sysmem.o
 .debug_line    0x00005b39      0x7ce ./Core/Src/system_stm32g4xx.o
 .debug_line    0x00006307       0x7b ./Core/Startup/startup_stm32g491retx.o
 .debug_line    0x00006382      0xb9a ./Drivers/STM32G4xx_HAL_Driver/Src/stm32g4xx_hal.o
 .debug_line    0x00006f1c      0xcff ./Drivers/STM32G4xx_HAL_Driver/Src/stm32g4xx_hal_cortex.o
 .debug_line    0x00007c1b      0xe99 ./Drivers/STM32G4xx_HAL_Driver/Src/stm32g4xx_hal_dma.o
 .debug_line    0x00008ab4      0xb73 ./Drivers/STM32G4xx_HAL_Driver/Src/stm32g4xx_hal_gpio.o
 .debug_line    0x00009627      0xcf9 ./Drivers/STM32G4xx_HAL_Driver/Src/stm32g4xx_hal_pwr_ex.o
 .debug_line    0x0000a320     0x101d ./Drivers/STM32G4xx_HAL_Driver/Src/stm32g4xx_hal_rcc.o
 .debug_line    0x0000b33d     0x1253 ./Drivers/STM32G4xx_HAL_Driver/Src/stm32g4xx_hal_rcc_ex.o
 .debug_line    0x0000c590     0x3fe9 ./Drivers/STM32G4xx_HAL_Driver/Src/stm32g4xx_hal_tim.o
 .debug_line    0x00010579     0x2032 ./Drivers/STM32G4xx_HAL_Driver/Src/stm32g4xx_hal_tim_ex.o
 .debug_line    0x000125ab     0x35e8 ./Drivers/STM32G4xx_HAL_Driver/Src/stm32g4xx_hal_uart.o
 .debug_line    0x00015b93      0xccf ./Drivers/STM32G4xx_HAL_Driver/Src/stm32g4xx_hal_uart_ex.o

.debug_str      0x00000000    0xcfa55
 .debug_str     0x00000000    0xcfa55 ./Core/Src/Stepperv2.o
                              0xc9239 (size before relaxing)
 .debug_str     0x000cfa55    0xc8a28 ./Core/Src/encoder.o
 .debug_str     0x000cfa55    0xcb062 ./Core/Src/main.o
 .debug_str     0x000cfa55    0xc9465 ./Core/Src/motor_driver.o
 .debug_str     0x000cfa55    0xc8984 ./Core/Src/pid_controller.o
 .debug_str     0x000cfa55    0xc60c9 ./Core/Src/stm32g4xx_hal_msp.o
 .debug_str     0x000cfa55    0xc5805 ./Core/Src/stm32g4xx_it.o
 .debug_str     0x000cfa55     0x776d ./Core/Src/sysmem.o
 .debug_str     0x000cfa55    0xc49fa ./Core/Src/system_stm32g4xx.o
 .debug_str     0x000cfa55       0x6f ./Core/Startup/startup_stm32g491retx.o
 .debug_str     0x000cfa55    0xc5605 ./Drivers/STM32G4xx_HAL_Driver/Src/stm32g4xx_hal.o
 .debug_str     0x000cfa55    0xc52c1 ./Drivers/STM32G4xx_HAL_Driver/Src/stm32g4xx_hal_cortex.o
 .debug_str     0x000cfa55    0xc4dd4 ./Drivers/STM32G4xx_HAL_Driver/Src/stm32g4xx_hal_dma.o
 .debug_str     0x000cfa55    0xc4b85 ./Drivers/STM32G4xx_HAL_Driver/Src/stm32g4xx_hal_gpio.o
 .debug_str     0x000cfa55    0xc4ee8 ./Drivers/STM32G4xx_HAL_Driver/Src/stm32g4xx_hal_pwr_ex.o
 .debug_str     0x000cfa55    0xc50f3 ./Drivers/STM32G4xx_HAL_Driver/Src/stm32g4xx_hal_rcc.o
 .debug_str     0x000cfa55    0xc5130 ./Drivers/STM32G4xx_HAL_Driver/Src/stm32g4xx_hal_rcc_ex.o
 .debug_str     0x000cfa55    0xc5ef8 ./Drivers/STM32G4xx_HAL_Driver/Src/stm32g4xx_hal_tim.o
 .debug_str     0x000cfa55    0xc5b6c ./Drivers/STM32G4xx_HAL_Driver/Src/stm32g4xx_hal_tim_ex.o
 .debug_str     0x000cfa55    0xc59b5 ./Drivers/STM32G4xx_HAL_Driver/Src/stm32g4xx_hal_uart.o
 .debug_str     0x000cfa55    0xc51b3 ./Drivers/STM32G4xx_HAL_Driver/Src/stm32g4xx_hal_uart_ex.o

.comment        0x00000000       0x43
 .comment       0x00000000       0x43 ./Core/Src/Stepperv2.o
                                 0x44 (size before relaxing)
 .comment       0x00000043       0x44 ./Core/Src/encoder.o
 .comment       0x00000043       0x44 ./Core/Src/main.o
 .comment       0x00000043       0x44 ./Core/Src/motor_driver.o
 .comment       0x00000043       0x44 ./Core/Src/pid_controller.o
 .comment       0x00000043       0x44 ./Core/Src/stm32g4xx_hal_msp.o
 .comment       0x00000043       0x44 ./Core/Src/stm32g4xx_it.o
 .comment       0x00000043       0x44 ./Core/Src/sysmem.o
 .comment       0x00000043       0x44 ./Core/Src/system_stm32g4xx.o
 .comment       0x00000043       0x44 ./Drivers/STM32G4xx_HAL_Driver/Src/stm32g4xx_hal.o
 .comment       0x00000043       0x44 ./Drivers/STM32G4xx_HAL_Driver/Src/stm32g4xx_hal_cortex.o
 .comment       0x00000043       0x44 ./Drivers/STM32G4xx_HAL_Driver/Src/stm32g4xx_hal_dma.o
 .comment       0x00000043       0x44 ./Drivers/STM32G4xx_HAL_Driver/Src/stm32g4xx_hal_gpio.o
 .comment       0x00000043       0x44 ./Drivers/STM32G4xx_HAL_Driver/Src/stm32g4xx_hal_pwr_ex.o
 .comment       0x00000043       0x44 ./Drivers/STM32G4xx_HAL_Driver/Src/stm32g4xx_hal_rcc.o
 .comment       0x00000043       0x44 ./Drivers/STM32G4xx_HAL_Driver/Src/stm32g4xx_hal_rcc_ex.o
 .comment       0x00000043       0x44 ./Drivers/STM32G4xx_HAL_Driver/Src/stm32g4xx_hal_tim.o
 .comment       0x00000043       0x44 ./Drivers/STM32G4xx_HAL_Driver/Src/stm32g4xx_hal_tim_ex.o
 .comment       0x00000043       0x44 ./Drivers/STM32G4xx_HAL_Driver/Src/stm32g4xx_hal_uart.o
 .comment       0x00000043       0x44 ./Drivers/STM32G4xx_HAL_Driver/Src/stm32g4xx_hal_uart_ex.o

.debug_frame    0x00000000     0x52f0
 .debug_frame   0x00000000      0x240 ./Core/Src/Stepperv2.o
 .debug_frame   0x00000240      0x164 ./Core/Src/encoder.o
 .debug_frame   0x000003a4      0x314 ./Core/Src/main.o
 .debug_frame   0x000006b8       0xa8 ./Core/Src/motor_driver.o
 .debug_frame   0x00000760      0x148 ./Core/Src/pid_controller.o
 .debug_frame   0x000008a8      0x17c ./Core/Src/stm32g4xx_hal_msp.o
 .debug_frame   0x00000a24      0x1c8 ./Core/Src/stm32g4xx_it.o
 .debug_frame   0x00000bec       0x34 ./Core/Src/sysmem.o
 .debug_frame   0x00000c20       0x58 ./Core/Src/system_stm32g4xx.o
 .debug_frame   0x00000c78      0x500 ./Drivers/STM32G4xx_HAL_Driver/Src/stm32g4xx_hal.o
 .debug_frame   0x00001178      0x4e8 ./Drivers/STM32G4xx_HAL_Driver/Src/stm32g4xx_hal_cortex.o
 .debug_frame   0x00001660      0x24c ./Drivers/STM32G4xx_HAL_Driver/Src/stm32g4xx_hal_dma.o
 .debug_frame   0x000018ac      0x14c ./Drivers/STM32G4xx_HAL_Driver/Src/stm32g4xx_hal_gpio.o
 .debug_frame   0x000019f8      0x4fc ./Drivers/STM32G4xx_HAL_Driver/Src/stm32g4xx_hal_pwr_ex.o
 .debug_frame   0x00001ef4      0x23c ./Drivers/STM32G4xx_HAL_Driver/Src/stm32g4xx_hal_rcc.o
 .debug_frame   0x00002130      0x2ac ./Drivers/STM32G4xx_HAL_Driver/Src/stm32g4xx_hal_rcc_ex.o
 .debug_frame   0x000023dc     0x121c ./Drivers/STM32G4xx_HAL_Driver/Src/stm32g4xx_hal_tim.o
 .debug_frame   0x000035f8      0xa68 ./Drivers/STM32G4xx_HAL_Driver/Src/stm32g4xx_hal_tim_ex.o
 .debug_frame   0x00004060      0xa94 ./Drivers/STM32G4xx_HAL_Driver/Src/stm32g4xx_hal_uart.o
 .debug_frame   0x00004af4      0x2c0 ./Drivers/STM32G4xx_HAL_Driver/Src/stm32g4xx_hal_uart_ex.o
 .debug_frame   0x00004db4       0x30 C:/ST/STM32CubeIDE_1.14.1/STM32CubeIDE/plugins/com.st.stm32cube.ide.mcu.externaltools.gnu-tools-for-stm32.13.3.rel1.win32_1.0.0.202411081344/tools/bin/../lib/gcc/arm-none-eabi/13.3.1/../../../../arm-none-eabi/lib/thumb/v7e-m+fp/hard\libc_nano.a(libc_a-malloc.o)
 .debug_frame   0x00004de4       0x50 C:/ST/STM32CubeIDE_1.14.1/STM32CubeIDE/plugins/com.st.stm32cube.ide.mcu.externaltools.gnu-tools-for-stm32.13.3.rel1.win32_1.0.0.202411081344/tools/bin/../lib/gcc/arm-none-eabi/13.3.1/../../../../arm-none-eabi/lib/thumb/v7e-m+fp/hard\libc_nano.a(libc_a-mallocr.o)
 .debug_frame   0x00004e34       0x30 C:/ST/STM32CubeIDE_1.14.1/STM32CubeIDE/plugins/com.st.stm32cube.ide.mcu.externaltools.gnu-tools-for-stm32.13.3.rel1.win32_1.0.0.202411081344/tools/bin/../lib/gcc/arm-none-eabi/13.3.1/../../../../arm-none-eabi/lib/thumb/v7e-m+fp/hard\libc_nano.a(libc_a-mlock.o)
 .debug_frame   0x00004e64      0x144 C:/ST/STM32CubeIDE_1.14.1/STM32CubeIDE/plugins/com.st.stm32cube.ide.mcu.externaltools.gnu-tools-for-stm32.13.3.rel1.win32_1.0.0.202411081344/tools/bin/../lib/gcc/arm-none-eabi/13.3.1/../../../../arm-none-eabi/lib/thumb/v7e-m+fp/hard\libc_nano.a(libc_a-findfp.o)
 .debug_frame   0x00004fa8       0x20 C:/ST/STM32CubeIDE_1.14.1/STM32CubeIDE/plugins/com.st.stm32cube.ide.mcu.externaltools.gnu-tools-for-stm32.13.3.rel1.win32_1.0.0.202411081344/tools/bin/../lib/gcc/arm-none-eabi/13.3.1/../../../../arm-none-eabi/lib/thumb/v7e-m+fp/hard\libc_nano.a(libc_a-memset.o)