../Core/Src/main.c:173:6:TIM6_SetPeriod_us	2
../Core/Src/main.c:187:6:DWT_Init	1
../Core/Src/main.c:196:6:delay_us	2
../Core/Src/main.c:202:21:clamp_deg_180_pos	3
../Core/Src/main.c:233:5:main	11
../Core/Src/main.c:434:6:SystemClock_Config	3
../Core/Src/main.c:480:13:MX_TIM1_Init	3
../Core/Src/main.c:531:13:MX_TIM2_Init	3
../Core/Src/main.c:580:13:MX_TIM3_Init	7
../Core/Src/main.c:641:13:MX_TIM4_Init	3
../Core/Src/main.c:690:13:MX_TIM6_Init	3
../Core/Src/main.c:728:13:MX_TIM7_Init	3
../Core/Src/main.c:766:13:MX_TIM8_Init	3
../Core/Src/main.c:817:13:MX_TIM15_Init	5
../Core/Src/main.c:883:13:MX_TIM16_Init	5
../Core/Src/main.c:946:13:MX_TIM17_Init	5
../Core/Src/main.c:1009:13:MX_TIM20_Init	5
../Core/Src/main.c:1081:13:MX_UART5_Init	5
../Core/Src/main.c:1129:13:MX_USART2_UART_Init	5
../Core/Src/main.c:1175:13:MX_DMA_Init	1
../Core/Src/main.c:1194:13:MX_GPIO_Init	1
../Core/Src/main.c:1262:6:HAL_TIM_PeriodElapsedCallback	17
../Core/Src/main.c:1351:6:HAL_UARTEx_RxEventCallback	7
../Core/Src/main.c:1445:6:Error_Handler	1
