../Core/Src/main.c:164:6:TIM6_SetPeriod_us	2
../Core/Src/main.c:178:6:DWT_Init	1
../Core/Src/main.c:187:6:delay_us	2
../Core/Src/main.c:193:21:clamp_deg_180_pos	3
../Core/Src/main.c:224:5:main	10
../Core/Src/main.c:428:6:SystemClock_Config	3
../Core/Src/main.c:474:13:MX_TIM1_Init	3
../Core/Src/main.c:525:13:MX_TIM2_Init	3
../Core/Src/main.c:574:13:MX_TIM3_Init	7
../Core/Src/main.c:635:13:MX_TIM4_Init	3
../Core/Src/main.c:684:13:MX_TIM6_Init	3
../Core/Src/main.c:722:13:MX_TIM8_Init	3
../Core/Src/main.c:773:13:MX_TIM15_Init	5
../Core/Src/main.c:839:13:MX_TIM16_Init	5
../Core/Src/main.c:902:13:MX_TIM17_Init	5
../Core/Src/main.c:965:13:MX_TIM20_Init	5
../Core/Src/main.c:1037:13:MX_UART5_Init	5
../Core/Src/main.c:1085:13:MX_USART2_UART_Init	5
../Core/Src/main.c:1133:13:MX_GPIO_Init	1
../Core/Src/main.c:1201:6:HAL_TIM_PeriodElapsedCallback	14
../Core/Src/main.c:1286:6:HAL_UART_RxCpltCallback	7
../Core/Src/main.c:1311:6:Error_Handler	1
