../Core/Src/main.c:166:6:TIM6_SetPeriod_us	24	static
../Core/Src/main.c:180:6:DWT_Init	4	static
../Core/Src/main.c:189:6:delay_us	24	static
../Core/Src/main.c:195:21:clamp_deg_180_pos	16	static
../Core/Src/main.c:226:5:main	64	static
../Core/Src/main.c:414:6:SystemClock_Config	88	static
../Core/Src/main.c:460:13:MX_TIM1_Init	56	static
../Core/Src/main.c:511:13:MX_TIM2_Init	56	static
../Core/Src/main.c:560:13:MX_TIM3_Init	48	static
../Core/Src/main.c:621:13:MX_TIM4_Init	56	static
../Core/Src/main.c:670:13:MX_TIM6_Init	24	static
../Core/Src/main.c:708:13:MX_TIM7_Init	24	static
../Core/Src/main.c:746:13:MX_TIM8_Init	56	static
../Core/Src/main.c:797:13:MX_TIM15_Init	104	static
../Core/Src/main.c:863:13:MX_TIM16_Init	88	static
../Core/Src/main.c:926:13:MX_TIM17_Init	88	static
../Core/Src/main.c:989:13:MX_TIM20_Init	104	static
../Core/Src/main.c:1061:13:MX_UART5_Init	8	static
../Core/Src/main.c:1109:13:MX_USART2_UART_Init	8	static
../Core/Src/main.c:1157:13:MX_GPIO_Init	48	static
../Core/Src/main.c:1225:6:HAL_TIM_PeriodElapsedCallback	48	static
../Core/Src/main.c:1322:6:HAL_UART_RxCpltCallback	16	static
../Core/Src/main.c:1347:6:Error_Handler	4	static,ignoring_inline_asm
