../Core/Src/main.c:173:6:TIM6_SetPeriod_us	24	static
../Core/Src/main.c:187:6:DWT_Init	4	static
../Core/Src/main.c:196:6:delay_us	24	static
../Core/Src/main.c:202:21:clamp_deg_180_pos	16	static
../Core/Src/main.c:233:5:main	64	static
../Core/Src/main.c:434:6:SystemClock_Config	88	static
../Core/Src/main.c:480:13:MX_TIM1_Init	56	static
../Core/Src/main.c:531:13:MX_TIM2_Init	56	static
../Core/Src/main.c:580:13:MX_TIM3_Init	48	static
../Core/Src/main.c:641:13:MX_TIM4_Init	56	static
../Core/Src/main.c:690:13:MX_TIM6_Init	24	static
../Core/Src/main.c:728:13:MX_TIM7_Init	24	static
../Core/Src/main.c:766:13:MX_TIM8_Init	56	static
../Core/Src/main.c:817:13:MX_TIM15_Init	104	static
../Core/Src/main.c:883:13:MX_TIM16_Init	88	static
../Core/Src/main.c:946:13:MX_TIM17_Init	88	static
../Core/Src/main.c:1009:13:MX_TIM20_Init	104	static
../Core/Src/main.c:1081:13:MX_UART5_Init	8	static
../Core/Src/main.c:1129:13:MX_USART2_UART_Init	8	static
../Core/Src/main.c:1175:13:MX_DMA_Init	16	static
../Core/Src/main.c:1194:13:MX_GPIO_Init	48	static
../Core/Src/main.c:1262:6:HAL_TIM_PeriodElapsedCallback	48	static
../Core/Src/main.c:1351:6:HAL_UARTEx_RxEventCallback	96	static
../Core/Src/main.c:1445:6:Error_Handler	4	static,ignoring_inline_asm
