../Core/Src/Stepperv2.c:9:21:clamp_deg_180_pos	16	static
../Core/Src/Stepperv2.c:18:21:wrap360	16	static
../Core/Src/Stepperv2.c:41:7:calcAngularDiff	24	static
../Core/Src/Stepperv2.c:49:9:arcContains	24	static
../Core/Src/Stepperv2.c:67:16:angleInDeadband	32	static
../Core/Src/Stepperv2.c:73:9:checkDeadband	48	static
../Core/Src/Stepperv2.c:89:6:Stepper_Create	32	static
../Core/Src/Stepperv2.c:125:6:initTimer	16	static
../Core/Src/Stepperv2.c:137:6:Stepper_Stop	24	static
../Core/Src/Stepperv2.c:167:6:toggleQueue	16	static
../Core/Src/Stepperv2.c:172:6:setRPM	40	static
../Core/Src/Stepperv2.c:197:6:sendPulses	32	static
../Core/Src/Stepperv2.c:238:6:moveAngle	32	static
../Core/Src/Stepperv2.c:264:6:moveAngleAbsolute	64	static
../Core/Src/Stepperv2.c:321:6:Stepper_Enable	16	static
../Core/Src/Stepperv2.c:327:6:Stepper_Disable	16	static
../Core/Src/Stepperv2.c:331:6:initWQueue	24	static
../Core/Src/Stepperv2.c:340:6:enqueueW	24	static
../Core/Src/Stepperv2.c:353:9:dequeueW	56	static
../Core/Src/Stepperv2.c:371:9:WisEmpty	16	static
