../Core/Src/stm32g4xx_it.c:76:6:NMI_Handler	4	static
../Core/Src/stm32g4xx_it.c:91:6:HardFault_Handler	4	static
../Core/Src/stm32g4xx_it.c:106:6:MemManage_Handler	4	static
../Core/Src/stm32g4xx_it.c:121:6:BusFault_Handler	4	static
../Core/Src/stm32g4xx_it.c:136:6:UsageFault_Handler	4	static
../Core/Src/stm32g4xx_it.c:151:6:SVC_Handler	4	static
../Core/Src/stm32g4xx_it.c:164:6:DebugMon_Handler	4	static
../Core/Src/stm32g4xx_it.c:177:6:PendSV_Handler	4	static
../Core/Src/stm32g4xx_it.c:190:6:SysTick_Handler	8	static
../Core/Src/stm32g4xx_it.c:211:6:TIM1_BRK_TIM15_IRQHandler	8	static
../Core/Src/stm32g4xx_it.c:226:6:TIM1_UP_TIM16_IRQHandler	8	static
../Core/Src/stm32g4xx_it.c:241:6:TIM1_TRG_COM_TIM17_IRQHandler	8	static
../Core/Src/stm32g4xx_it.c:256:6:USART2_IRQHandler	8	static
../Core/Src/stm32g4xx_it.c:270:6:UART5_IRQHandler	8	static
../Core/Src/stm32g4xx_it.c:284:6:TIM6_DAC_IRQHandler	8	static
../Core/Src/stm32g4xx_it.c:298:6:TIM20_UP_IRQHandler	8	static
